<html>
<body>
<pre>
<h1>µVision Build Log</h1>
<h2>Project:</h2>
E:\Sense-U\MCU Projects\Nordic Projects\Bluetooth_Template\MDK\MDK.uvproj
Project File Date:  08/08/2014

<h2>Output:</h2>
Rebuild target 'nrf51822'
compiling main.c...
..\CODE\APP\main.c(7): error:  #5: cannot open source input file "ble_srv_common.h": No such file or directory
assembling arm_startup_nrf51.s...
compiling nrf51_delay.c...
compiling nrf51_gpio.c...
compiling nrf51_gpiote.c...
..\CODE\nrf51822\src\nrf51_gpiote.c(10): error:  #29: expected an expression
..\CODE\nrf51822\src\nrf51_gpiote.c(10): error:  #20: identifier "i" is undefined
compiling nrf51_timer.c...
..\CODE\nrf51822\src\nrf51_timer.c(10): error:  #29: expected an expression
..\CODE\nrf51822\src\nrf51_timer.c(10): error:  #20: identifier "i" is undefined
..\CODE\nrf51822\src\nrf51_timer.c(28): error:  #29: expected an expression
..\CODE\nrf51822\src\nrf51_timer.c(28): error:  #20: identifier "i" is undefined
..\CODE\nrf51822\src\nrf51_timer.c(47): error:  #29: expected an expression
..\CODE\nrf51822\src\nrf51_timer.c(47): error:  #20: identifier "i" is undefined
..\CODE\nrf51822\src\nrf51_timer.c(69): error:  #29: expected an expression
..\CODE\nrf51822\src\nrf51_timer.c(69): error:  #20: identifier "i" is undefined
..\CODE\nrf51822\src\nrf51_timer.c(95): error:  #29: expected an expression
..\CODE\nrf51822\src\nrf51_timer.c(95): error:  #20: identifier "i" is undefined
..\CODE\nrf51822\src\nrf51_timer.c(119): error:  #29: expected an expression
..\CODE\nrf51822\src\nrf51_timer.c(119): error:  #20: identifier "i" is undefined
compiling nrf51_uart.c...
..\CODE\nrf51822\src\nrf51_uart.c(54): error:  #29: expected an expression
..\CODE\nrf51822\src\nrf51_uart.c(54): error:  #20: identifier "i" is undefined
..\CODE\nrf51822\src\nrf51_uart.c(80): error:  #268: declaration may not appear after executable statement in block
..\CODE\nrf51822\src\nrf51_uart.c(82): error:  #29: expected an expression
..\CODE\nrf51822\src\nrf51_uart.c(82): error:  #20: identifier "i" is undefined
..\CODE\nrf51822\src\nrf51_uart.c(114): error:  #268: declaration may not appear after executable statement in block
..\CODE\nrf51822\src\nrf51_uart.c(183): error:  #29: expected an expression
..\CODE\nrf51822\src\nrf51_uart.c(183): error:  #20: identifier "i" is undefined
..\CODE\nrf51822\src\nrf51_uart.c(232): error:  #268: declaration may not appear after executable statement in block
compiling nrf51_uart_simulate.c...
..\CODE\nrf51822\src\nrf51_uart_simulate.c(22): error:  #268: declaration may not appear after executable statement in block
..\CODE\nrf51822\src\nrf51_uart_simulate.c(23): error:  #29: expected an expression
..\CODE\nrf51822\src\nrf51_uart_simulate.c(23): error:  #20: identifier "i" is undefined
..\CODE\nrf51822\src\nrf51_uart_simulate.c(50): error:  #268: declaration may not appear after executable statement in block
..\CODE\nrf51822\src\nrf51_uart_simulate.c(71): error:  #268: declaration may not appear after executable statement in block
..\CODE\nrf51822\src\nrf51_uart_simulate.c(92): error:  #29: expected an expression
..\CODE\nrf51822\src\nrf51_uart_simulate.c(92): error:  #20: identifier "i" is undefined
..\CODE\nrf51822\src\nrf51_uart_simulate.c(98): error:  #29: expected an expression
..\CODE\nrf51822\src\nrf51_uart_simulate.c(98): error:  #20: identifier "j" is undefined
..\CODE\nrf51822\src\nrf51_uart_simulate.c(145): error:  #268: declaration may not appear after executable statement in block
compiling system_nrf51.c...
compiling softdevice_handler.c...
..\CODE\SoftDevice\softdevice_handler.c(51): error:  #268: declaration may not appear after executable statement in block
..\CODE\SoftDevice\softdevice_handler.c(53): error:  #268: declaration may not appear after executable statement in block
compiling ble_advdata.c...
..\CODE\Bluetooth\ble_advdata.c(17): error:  #5: cannot open source input file "ble_srv_common.h": No such file or directory
compiling ble_conn_params.c...
..\CODE\Bluetooth\ble_conn_params.h(26): error:  #5: cannot open source input file "ble_srv_common.h": No such file or directory
compiling ble_service_common.c...
..\CODE\Bluetooth\ble_service_common.c(18): error:  #5: cannot open source input file "ble_srv_common.h": No such file or directory
compiling ble_service_dis.c...
..\CODE\Bluetooth\ble_service_dis.c(18): error:  #5: cannot open source input file "ble_dis.h": No such file or directory
compiling ble_service_hrs.c...
..\CODE\Bluetooth\ble_service_hrs.c(1): error:  #5: cannot open source input file "ble_hrs.h": No such file or directory
compiling log.c...
..\CODE\LOG\log.c(27): error:  #268: declaration may not appear after executable statement in block
Target not created
Build target 'nrf51822'
compiling main.c...
..\CODE\APP\main.c(10): error:  #5: cannot open source input file "ble_hrs.h": No such file or directory
compiling nrf51_delay.c...
compiling nrf51_gpio.c...
compiling nrf51_gpiote.c...
compiling nrf51_timer.c...
compiling nrf51_uart.c...
compiling nrf51_uart_simulate.c...
compiling system_nrf51.c...
compiling softdevice_handler.c...
compiling ble_advdata.c...
..\CODE\Bluetooth\ble_advdata.c(17): error:  #5: cannot open source input file "ble_srv_common.h": No such file or directory
compiling ble_conn_params.c...
..\CODE\Bluetooth\ble_conn_params.h(26): error:  #5: cannot open source input file "ble_srv_common.h": No such file or directory
compiling ble_service_common.c...
..\CODE\Bluetooth\ble_service_common.c(18): error:  #5: cannot open source input file "ble_srv_common.h": No such file or directory
compiling ble_service_dis.c...
..\CODE\Bluetooth\ble_service_dis.c(18): error:  #5: cannot open source input file "ble_dis.h": No such file or directory
compiling ble_service_hrs.c...
..\CODE\Bluetooth\ble_service_hrs.c(1): error:  #5: cannot open source input file "ble_hrs.h": No such file or directory
compiling log.c...
Target not created
Build target 'nrf51822'
compiling main.c...
..\CODE\Bluetooth\ble_service_hrs.h(50): error:  #5: cannot open source input file "ble_srv_common.h": No such file or directory
compiling ble_advdata.c...
..\CODE\Bluetooth\ble_advdata.c(17): error:  #5: cannot open source input file "ble_srv_common.h": No such file or directory
compiling ble_conn_params.c...
..\CODE\Bluetooth\ble_conn_params.h(26): error:  #5: cannot open source input file "ble_srv_common.h": No such file or directory
compiling ble_service_common.c...
..\CODE\Bluetooth\ble_service_common.c(18): error:  #5: cannot open source input file "ble_srv_common.h": No such file or directory
compiling ble_service_dis.c...
..\CODE\Bluetooth\ble_service_dis.c(18): error:  #5: cannot open source input file "ble_dis.h": No such file or directory
compiling ble_service_hrs.c...
..\CODE\Bluetooth\ble_service_hrs.c(1): error:  #5: cannot open source input file "ble_hrs.h": No such file or directory
Target not created
Build target 'nrf51822'
compiling main.c...
..\CODE\Bluetooth\ble_service_dis.h(33): error:  #5: cannot open source input file "ble_srv_common.h": No such file or directory
compiling ble_advdata.c...
..\CODE\Bluetooth\ble_advdata.c(17): error:  #5: cannot open source input file "ble_srv_common.h": No such file or directory
compiling ble_conn_params.c...
..\CODE\Bluetooth\ble_conn_params.h(26): error:  #5: cannot open source input file "ble_srv_common.h": No such file or directory
compiling ble_service_common.c...
..\CODE\Bluetooth\ble_service_common.c(18): error:  #5: cannot open source input file "ble_srv_common.h": No such file or directory
compiling ble_service_dis.c...
..\CODE\Bluetooth\ble_service_dis.c(18): error:  #5: cannot open source input file "ble_dis.h": No such file or directory
compiling ble_service_hrs.c...
..\CODE\Bluetooth\ble_service_hrs.c(1): error:  #5: cannot open source input file "ble_hrs.h": No such file or directory
Target not created
Build target 'nrf51822'
compiling main.c...
..\CODE\Bluetooth\ble_conn_params.h(26): error:  #5: cannot open source input file "ble_srv_common.h": No such file or directory
compiling ble_advdata.c...
..\CODE\Bluetooth\ble_advdata.c(17): error:  #5: cannot open source input file "ble_srv_common.h": No such file or directory
compiling ble_conn_params.c...
..\CODE\Bluetooth\ble_conn_params.h(26): error:  #5: cannot open source input file "ble_srv_common.h": No such file or directory
compiling ble_service_common.c...
..\CODE\Bluetooth\ble_service_common.c(18): error:  #5: cannot open source input file "ble_srv_common.h": No such file or directory
compiling ble_service_dis.c...
..\CODE\Bluetooth\ble_service_dis.c(18): error:  #5: cannot open source input file "ble_dis.h": No such file or directory
compiling ble_service_hrs.c...
..\CODE\Bluetooth\ble_service_hrs.c(1): error:  #5: cannot open source input file "ble_hrs.h": No such file or directory
Target not created
Build target 'nrf51822'
compiling main.c...
compiling ble_advdata.c...
compiling ble_conn_params.c...
..\CODE\Bluetooth\ble_conn_params.c(18): error:  #5: cannot open source input file "ble_srv_common.h": No such file or directory
compiling ble_service_common.c...
compiling ble_service_dis.c...
..\CODE\Bluetooth\ble_service_dis.c(26): error:  #5: cannot open source input file "ble_srv_common.h": No such file or directory
compiling ble_service_hrs.c...
..\CODE\Bluetooth\ble_service_hrs.c(6): error:  #5: cannot open source input file "ble_srv_common.h": No such file or directory
Target not created
Build target 'nrf51822'
compiling ble_conn_params.c...
..\CODE\Bluetooth\ble_conn_params.c(24): warning:  #550-D: variable "m_conn_handle" was set but never used
compiling ble_service_dis.c...
compiling ble_service_hrs.c...
linking...
Program Size: Code=9500 RO-data=592 RW-data=128 ZI-data=2608  
FromELF: creating hex file...
"MDK.axf" - 0 Error(s), 1 Warning(s).
Rebuild target 'nrf51822'
compiling main.c...
assembling arm_startup_nrf51.s...
compiling nrf51_delay.c...
compiling nrf51_gpio.c...
compiling nrf51_gpiote.c...
compiling nrf51_timer.c...
compiling nrf51_uart.c...
compiling nrf51_uart_simulate.c...
compiling system_nrf51.c...
compiling softdevice_handler.c...
compiling ble_advdata.c...
compiling ble_conn_params.c...
..\CODE\Bluetooth\ble_conn_params.c(24): warning:  #550-D: variable "m_conn_handle" was set but never used
compiling ble_service_common.c...
compiling ble_service_dis.c...
compiling ble_service_hrs.c...
compiling log.c...
linking...
Program Size: Code=9500 RO-data=592 RW-data=128 ZI-data=2608  
FromELF: creating hex file...
"MDK.axf" - 0 Error(s), 1 Warning(s).
Clean started: Project: 'MDK'
   deleting intermediate output files for target 'nrf51822'
Rebuild target 'nrf51822'
compiling main.c...
assembling arm_startup_nrf51.s...
compiling nrf51_delay.c...
compiling nrf51_gpio.c...
compiling nrf51_gpiote.c...
compiling nrf51_timer.c...
compiling nrf51_uart.c...
compiling nrf51_uart_simulate.c...
compiling system_nrf51.c...
compiling softdevice_handler.c...
compiling ble_advdata.c...
compiling ble_conn_params.c...
..\CODE\Bluetooth\ble_conn_params.c(24): warning:  #550-D: variable "m_conn_handle" was set but never used
compiling ble_service_common.c...
compiling ble_service_dis.c...
compiling ble_service_hrs.c...
compiling log.c...
linking...
Program Size: Code=9500 RO-data=592 RW-data=128 ZI-data=2608  
FromELF: creating hex file...
"..\OBJ\MDK.axf" - 0 Error(s), 1 Warning(s).
Build target 'nrf51822'
compiling softdevice_handler.c...
linking...
Program Size: Code=9500 RO-data=592 RW-data=128 ZI-data=2608  
FromELF: creating hex file...
"..\OBJ\MDK.axf" - 0 Error(s), 0 Warning(s).
Build target 'nrf51822'
compiling softdevice_handler.c...
linking...
Program Size: Code=9500 RO-data=592 RW-data=128 ZI-data=2608  
FromELF: creating hex file...
"..\OBJ\MDK.axf" - 0 Error(s), 0 Warning(s).
Build target 'nrf51822'
compiling main.c...
..\CODE\APP\main.c(16): error:  #5: cannot open source input file "su_stdlib.h": No such file or directory
compiling softdevice_handler.c...
compiling su_fifo.c...
compiling su_heap.c...
compiling su_queue.c...
Target not created
Build target 'nrf51822'
compiling main.c...
compiling nrf51_delay.c...
compiling nrf51_gpio.c...
compiling nrf51_gpiote.c...
compiling nrf51_timer.c...
compiling nrf51_uart.c...
compiling nrf51_uart_simulate.c...
compiling system_nrf51.c...
compiling softdevice_handler.c...
compiling ble_advdata.c...
compiling ble_conn_params.c...
..\CODE\Bluetooth\ble_conn_params.c(24): warning:  #550-D: variable "m_conn_handle" was set but never used
compiling ble_service_common.c...
compiling ble_service_dis.c...
compiling ble_service_hrs.c...
compiling log.c...
compiling su_fifo.c...
compiling su_heap.c...
compiling su_queue.c...
linking...
Program Size: Code=9500 RO-data=592 RW-data=128 ZI-data=2608  
FromELF: creating hex file...
"..\OBJ\MDK.axf" - 0 Error(s), 1 Warning(s).
Build target 'nrf51822'
compiling main.c...
..\CODE\APP\main.c(397): warning:  #223-D: function "SUMalloc" declared implicitly
..\CODE\APP\main.c(397): error:  #144: a value of type "int" cannot be used to initialize an entity of type "char *"
..\CODE\APP\main.c(398): error:  #140: too many arguments in function call
Target not created
Build target 'nrf51822'
compiling main.c...
..\CODE\APP\main.c(398): error:  #140: too many arguments in function call
Target not created
Build target 'nrf51822'
compiling main.c...
linking...
Program Size: Code=9836 RO-data=592 RW-data=132 ZI-data=6956  
FromELF: creating hex file...
"..\OBJ\MDK.axf" - 0 Error(s), 0 Warning(s).
Build target 'nrf51822'
compiling main.c...
linking...
Program Size: Code=9920 RO-data=592 RW-data=132 ZI-data=6956  
FromELF: creating hex file...
"..\OBJ\MDK.axf" - 0 Error(s), 0 Warning(s).
Build target 'nrf51822'
compiling main.c...
linking...
Program Size: Code=9924 RO-data=592 RW-data=132 ZI-data=6956  
FromELF: creating hex file...
"..\OBJ\MDK.axf" - 0 Error(s), 0 Warning(s).
Build target 'nrf51822'
compiling main.c...
linking...
Program Size: Code=9940 RO-data=592 RW-data=132 ZI-data=6956  
FromELF: creating hex file...
"..\OBJ\MDK.axf" - 0 Error(s), 0 Warning(s).
Build target 'nrf51822'
compiling main.c...
..\CODE\APP\main.c(17): warning:  #223-D: function "timers_init" declared implicitly
..\CODE\APP\main.c(18): warning:  #223-D: function "ble_stack_init" declared implicitly
..\CODE\APP\main.c(22): warning:  #223-D: function "gap_params_init" declared implicitly
..\CODE\APP\main.c(23): warning:  #223-D: function "advertising_init" declared implicitly
..\CODE\APP\main.c(24): warning:  #223-D: function "services_init" declared implicitly
..\CODE\APP\main.c(25): warning:  #223-D: function "conn_params_init" declared implicitly
..\CODE\APP\main.c(26): warning:  #223-D: function "sec_params_init" declared implicitly
..\CODE\APP\main.c(29): warning:  #223-D: function "advertising_start" declared implicitly
linking...
..\OBJ\MDK.axf: Error: L6218E: Undefined symbol advertising_init (referred from main.o).
..\OBJ\MDK.axf: Error: L6218E: Undefined symbol advertising_start (referred from main.o).
..\OBJ\MDK.axf: Error: L6218E: Undefined symbol ble_stack_init (referred from main.o).
..\OBJ\MDK.axf: Error: L6218E: Undefined symbol conn_params_init (referred from main.o).
..\OBJ\MDK.axf: Error: L6218E: Undefined symbol gap_params_init (referred from main.o).
..\OBJ\MDK.axf: Error: L6218E: Undefined symbol sec_params_init (referred from main.o).
..\OBJ\MDK.axf: Error: L6218E: Undefined symbol services_init (referred from main.o).
..\OBJ\MDK.axf: Error: L6218E: Undefined symbol timers_init (referred from main.o).
Target not created
Build target 'nrf51822'
compiling main.c...
linking...
..\OBJ\MDK.axf: Error: L6218E: Undefined symbol Bluetooth_Init (referred from main.o).
Target not created
Build target 'nrf51822'
compiling bluetooth.c...
linking...
Program Size: Code=9532 RO-data=592 RW-data=128 ZI-data=2608  
FromELF: creating hex file...
"..\OBJ\MDK.axf" - 0 Error(s), 0 Warning(s).
Build target 'nrf51822'
compiling main.c...
compiling bluetooth.c...
..\CODE\Bluetooth\bluetooth.c(407): warning:  #940-D: missing return statement at end of non-void function "Bluetooth_IsConnected"
linking...
Program Size: Code=9592 RO-data=592 RW-data=128 ZI-data=2608  
FromELF: creating hex file...
"..\OBJ\MDK.axf" - 0 Error(s), 1 Warning(s).
