Component: ARM Compiler 5.05 update 1 (build 106) Tool: armlink [4d0efa]

==============================================================================

Section Cross References

    main.o(i.assert_nrf_callback) refers to app_error.o(i.app_error_handler) for app_error_handler
    main.o(i.bas_c_evt_handler) refers to printf3.o(i.__0printf$3) for __2printf
    main.o(i.bas_c_evt_handler) refers to ble_bas_c.o(i.ble_bas_c_bl_read) for ble_bas_c_bl_read
    main.o(i.bas_c_evt_handler) refers to app_error.o(i.app_error_handler) for app_error_handler
    main.o(i.bas_c_evt_handler) refers to ble_bas_c.o(i.ble_bas_c_bl_notif_enable) for ble_bas_c_bl_notif_enable
    main.o(i.ble_evt_dispatch) refers to device_manager_central.o(i.dm_ble_evt_handler) for dm_ble_evt_handler
    main.o(i.ble_evt_dispatch) refers to ble_db_discovery.o(i.ble_db_discovery_on_ble_evt) for ble_db_discovery_on_ble_evt
    main.o(i.ble_evt_dispatch) refers to ble_hrs_c.o(i.ble_hrs_c_on_ble_evt) for ble_hrs_c_on_ble_evt
    main.o(i.ble_evt_dispatch) refers to ble_bas_c.o(i.ble_bas_c_on_ble_evt) for ble_bas_c_on_ble_evt
    main.o(i.ble_evt_dispatch) refers to bsp_btn_ble.o(i.bsp_btn_ble_on_ble_evt) for bsp_btn_ble_on_ble_evt
    main.o(i.ble_evt_dispatch) refers to main.o(i.on_ble_evt) for on_ble_evt
    main.o(i.ble_evt_dispatch) refers to main.o(.bss) for .bss
    main.o(i.ble_stack_init) refers to softdevice_handler.o(i.softdevice_handler_init) for softdevice_handler_init
    main.o(i.ble_stack_init) refers to app_error.o(i.app_error_handler) for app_error_handler
    main.o(i.ble_stack_init) refers to softdevice_handler.o(i.softdevice_ble_evt_handler_set) for softdevice_ble_evt_handler_set
    main.o(i.ble_stack_init) refers to softdevice_handler.o(i.softdevice_sys_evt_handler_set) for softdevice_sys_evt_handler_set
    main.o(i.ble_stack_init) refers to main.o(.bss) for .bss
    main.o(i.ble_stack_init) refers to main.o(i.ble_evt_dispatch) for ble_evt_dispatch
    main.o(i.ble_stack_init) refers to main.o(i.sys_evt_dispatch) for sys_evt_dispatch
    main.o(i.bsp_event_handler) refers to bsp.o(i.bsp_indication_set) for bsp_indication_set
    main.o(i.bsp_event_handler) refers to app_error.o(i.app_error_handler) for app_error_handler
    main.o(i.bsp_event_handler) refers to bsp_btn_ble.o(i.bsp_btn_ble_sleep_mode_prepare) for bsp_btn_ble_sleep_mode_prepare
    main.o(i.bsp_event_handler) refers to main.o(i.scan_start) for scan_start
    main.o(i.bsp_event_handler) refers to main.o(.data) for .data
    main.o(i.device_manager_event_handler) refers to bsp.o(i.bsp_indication_set) for bsp_indication_set
    main.o(i.device_manager_event_handler) refers to app_error.o(i.app_error_handler) for app_error_handler
    main.o(i.device_manager_event_handler) refers to memcpya.o(.text) for __aeabi_memcpy
    main.o(i.device_manager_event_handler) refers to ble_db_discovery.o(i.ble_db_discovery_start) for ble_db_discovery_start
    main.o(i.device_manager_event_handler) refers to main.o(i.scan_start) for scan_start
    main.o(i.device_manager_event_handler) refers to memseta.o(.text) for __aeabi_memclr
    main.o(i.device_manager_event_handler) refers to device_manager_central.o(i.dm_security_setup_req) for dm_security_setup_req
    main.o(i.device_manager_event_handler) refers to ble_hrs_c.o(i.ble_hrs_c_hrm_notif_enable) for ble_hrs_c_hrm_notif_enable
    main.o(i.device_manager_event_handler) refers to main.o(.data) for .data
    main.o(i.device_manager_event_handler) refers to main.o(.bss) for .bss
    main.o(i.device_manager_init) refers to pstorage.o(i.pstorage_init) for pstorage_init
    main.o(i.device_manager_init) refers to app_error.o(i.app_error_handler) for app_error_handler
    main.o(i.device_manager_init) refers to device_manager_central.o(i.dm_init) for dm_init
    main.o(i.device_manager_init) refers to memseta.o(.text) for __aeabi_memclr
    main.o(i.device_manager_init) refers to device_manager_central.o(i.dm_register) for dm_register
    main.o(i.device_manager_init) refers to main.o(i.device_manager_event_handler) for device_manager_event_handler
    main.o(i.device_manager_init) refers to main.o(.data) for .data
    main.o(i.hrs_c_evt_handler) refers to printf3.o(i.__0printf$3) for __2printf
    main.o(i.hrs_c_evt_handler) refers to device_manager_central.o(i.dm_security_setup_req) for dm_security_setup_req
    main.o(i.hrs_c_evt_handler) refers to app_error.o(i.app_error_handler) for app_error_handler
    main.o(i.hrs_c_evt_handler) refers to ble_hrs_c.o(i.ble_hrs_c_hrm_notif_enable) for ble_hrs_c_hrm_notif_enable
    main.o(i.hrs_c_evt_handler) refers to main.o(.data) for .data
    main.o(i.main) refers to app_timer.o(i.app_timer_init) for app_timer_init
    main.o(i.main) refers to app_error.o(i.app_error_handler) for app_error_handler
    main.o(i.main) refers to bsp.o(i.bsp_init) for bsp_init
    main.o(i.main) refers to bsp_btn_ble.o(i.bsp_btn_ble_init) for bsp_btn_ble_init
[...]
    ..\\..\\..\\..\\..\\..\\components\\drivers_nrf\\common\\nrf_drv_common.c 0x00000000   Number         0  nrf_drv_common.o ABSOLUTE
    ..\\..\\..\\..\\..\\..\\components\\drivers_nrf\\gpiote\\nrf_drv_gpiote.c 0x00000000   Number         0  nrf_drv_gpiote.o ABSOLUTE
    ..\\..\\..\\..\\..\\..\\components\\drivers_nrf\\hal\\nrf_delay.c 0x00000000   Number         0  nrf_delay.o ABSOLUTE
    ..\\..\\..\\..\\..\\..\\components\\drivers_nrf\\pstorage\\pstorage.c 0x00000000   Number         0  pstorage.o ABSOLUTE
    ..\\..\\..\\..\\..\\..\\components\\drivers_nrf\\uart\\app_uart_fifo.c 0x00000000   Number         0  app_uart_fifo.o ABSOLUTE
    ..\\..\\..\\..\\..\\..\\components\\libraries\\button\\app_button.c 0x00000000   Number         0  app_button.o ABSOLUTE
    ..\\..\\..\\..\\..\\..\\components\\libraries\\timer\\app_timer.c 0x00000000   Number         0  app_timer.o ABSOLUTE
    ..\\..\\..\\..\\..\\..\\components\\libraries\\uart\\retarget.c 0x00000000   Number         0  retarget.o ABSOLUTE
    ..\\..\\..\\..\\..\\..\\components\\libraries\\util\\app_error.c 0x00000000   Number         0  app_error.o ABSOLUTE
    ..\\..\\..\\..\\..\\..\\components\\softdevice\\common\\softdevice_handler\\softdevice_handler.c 0x00000000   Number         0  softdevice_handler.o ABSOLUTE
    ..\\..\\..\\..\\..\\..\\components\\toolchain\\system_nrf51.c 0x00000000   Number         0  system_nrf51.o ABSOLUTE
    ..\\..\\..\\..\\..\\bsp\\bsp.c           0x00000000   Number         0  bsp.o ABSOLUTE
    ..\\..\\..\\..\\..\\bsp\\bsp_btn_ble.c   0x00000000   Number         0  bsp_btn_ble.o ABSOLUTE
    ..\\..\\..\\main.c                       0x00000000   Number         0  main.o ABSOLUTE
    cdrcmple.s                               0x00000000   Number         0  cdrcmple.o ABSOLUTE
    dc.s                                     0x00000000   Number         0  dc.o ABSOLUTE
    handlers.s                               0x00000000   Number         0  handlers.o ABSOLUTE
    init.s                                   0x00000000   Number         0  init.o ABSOLUTE
    RESET                                    0x0001d000   Section      192  arm_startup_nrf51.o(RESET)
    .ARM.Collect$$$$00000000                 0x0001d0c0   Section        0  entry.o(.ARM.Collect$$$$00000000)
    .ARM.Collect$$$$00000001                 0x0001d0c0   Section        4  entry2.o(.ARM.Collect$$$$00000001)
    .ARM.Collect$$$$00000004                 0x0001d0c4   Section        4  entry5.o(.ARM.Collect$$$$00000004)
    .ARM.Collect$$$$00000008                 0x0001d0c8   Section        0  entry7b.o(.ARM.Collect$$$$00000008)
    .ARM.Collect$$$$0000000A                 0x0001d0c8   Section        0  entry8b.o(.ARM.Collect$$$$0000000A)
    .ARM.Collect$$$$0000000B                 0x0001d0c8   Section        8  entry9a.o(.ARM.Collect$$$$0000000B)
    .ARM.Collect$$$$0000000D                 0x0001d0d0   Section        0  entry10a.o(.ARM.Collect$$$$0000000D)
    .ARM.Collect$$$$0000000F                 0x0001d0d0   Section        0  entry11a.o(.ARM.Collect$$$$0000000F)
    .ARM.Collect$$$$00002712                 0x0001d0d0   Section        4  entry2.o(.ARM.Collect$$$$00002712)
    __lit__00000000                          0x0001d0d0   Data           4  entry2.o(.ARM.Collect$$$$00002712)
    .emb_text                                0x0001d0d4   Section       30  app_timer.o(.emb_text)
    .text                                    0x0001d0f4   Section       56  arm_startup_nrf51.o(.text)
    .text                                    0x0001d12c   Section        0  uidiv.o(.text)
    .text                                    0x0001d158   Section        0  idiv.o(.text)
    .text                                    0x0001d180   Section        0  memcpya.o(.text)
    .text                                    0x0001d1a4   Section        0  memseta.o(.text)
    .text                                    0x0001d1c8   Section        0  memcmp.o(.text)
    .text                                    0x0001d1e4   Section       36  init.o(.text)
    i.GPIOTE_IRQHandler                      0x0001d208   Section        0  nrf_drv_gpiote.o(i.GPIOTE_IRQHandler)
    i.NVIC_SetPriority                       0x0001d310   Section        0  app_timer.o(i.NVIC_SetPriority)
    NVIC_SetPriority                         0x0001d311   Thumb Code    60  app_timer.o(i.NVIC_SetPriority)
    i.RTC1_IRQHandler                        0x0001d354   Section        0  app_timer.o(i.RTC1_IRQHandler)
    i.SWI0_IRQHandler                        0x0001d374   Section        0  app_timer.o(i.SWI0_IRQHandler)
    i.SWI2_IRQHandler                        0x0001d3c8   Section        0  softdevice_handler.o(i.SWI2_IRQHandler)
    i.SystemInit                             0x0001d3ec   Section        0  system_nrf51.o(i.SystemInit)
    i.UART0_IRQHandler                       0x0001d440   Section        0  app_uart_fifo.o(i.UART0_IRQHandler)
    i.__0printf$3                            0x0001d4c0   Section        0  printf3.o(i.__0printf$3)
    i.__ARM_common_switch8                   0x0001d4e0   Section        0  bsp.o(i.__ARM_common_switch8)
    i.__scatterload_copy                     0x0001d4fa   Section       14  handlers.o(i.__scatterload_copy)
    i.__scatterload_null                     0x0001d508   Section        2  handlers.o(i.__scatterload_null)
    i.__scatterload_zeroinit                 0x0001d50a   Section       14  handlers.o(i.__scatterload_zeroinit)
    i._printf_core                           0x0001d518   Section        0  printf3.o(i._printf_core)
    _printf_core                             0x0001d519   Thumb Code   456  printf3.o(i._printf_core)
    i.action_tx_send                         0x0001d6e4   Section        0  app_uart_fifo.o(i.action_tx_send)
    action_tx_send                           0x0001d6e5   Thumb Code    56  app_uart_fifo.o(i.action_tx_send)
    i.action_tx_stop                         0x0001d730   Section        0  app_uart_fifo.o(i.action_tx_stop)
    i.action_uart_deactivate                 0x0001d754   Section        0  app_uart_fifo.o(i.action_uart_deactivate)
    action_uart_deactivate                   0x0001d755   Thumb Code    20  app_uart_fifo.o(i.action_uart_deactivate)
    i.adv_report_parse                       0x0001d774   Section        0  main.o(i.adv_report_parse)
    adv_report_parse                         0x0001d775   Thumb Code    46  main.o(i.adv_report_parse)
    i.advertising_buttons_configure          0x0001d7a2   Section        0  bsp_btn_ble.o(i.advertising_buttons_configure)
    advertising_buttons_configure            0x0001d7a3   Thumb Code    60  bsp_btn_ble.o(i.advertising_buttons_configure)
    i.alert_timer_handler                    0x0001d7e0   Section        0  bsp.o(i.alert_timer_handler)
    alert_timer_handler                      0x0001d7e1   Thumb Code    20  bsp.o(i.alert_timer_handler)
    i.app_error_handler                      0x0001d7f8   Section        0  app_error.o(i.app_error_handler)
    i.app_evt_notify                         0x0001d810   Section        0  device_manager_central.o(i.app_evt_notify)
    app_evt_notify                           0x0001d811   Thumb Code     6  device_manager_central.o(i.app_evt_notify)
    i.app_fifo_get                           0x0001d81c   Section        0  app_fifo.o(i.app_fifo_get)
    i.app_fifo_init                          0x0001d83e   Section        0  app_fifo.o(i.app_fifo_init)
    i.app_fifo_put                           0x0001d862   Section        0  app_fifo.o(i.app_fifo_put)
    i.app_notify                             0x0001d884   Section        0  pstorage.o(i.app_notify)
    app_notify                               0x0001d885   Thumb Code    34  pstorage.o(i.app_notify)
    i.app_notify_error_state_transit         0x0001d8b0   Section        0  pstorage.o(i.app_notify_error_state_transit)
    app_notify_error_state_transit           0x0001d8b1   Thumb Code    26  pstorage.o(i.app_notify_error_state_transit)
    i.app_timer_create                       0x0001d8d0   Section        0  app_timer.o(i.app_timer_create)
    i.app_timer_init                         0x0001d91c   Section        0  app_timer.o(i.app_timer_init)
    i.app_timer_start                        0x0001d9d0   Section        0  app_timer.o(i.app_timer_start)
    i.app_timer_stop                         0x0001da54   Section        0  app_timer.o(i.app_timer_stop)
    i.app_uart_init                          0x0001daac   Section        0  app_uart_fifo.o(i.app_uart_init)
    i.app_uart_put                           0x0001dc40   Section        0  app_uart_fifo.o(i.app_uart_put)
    i.bas_c_evt_handler                      0x0001dc5c   Section        0  main.o(i.bas_c_evt_handler)
    bas_c_evt_handler                        0x0001dc5d   Thumb Code    66  main.o(i.bas_c_evt_handler)
    i.ble_bas_c_bl_notif_enable              0x0001dcb4   Section        0  ble_bas_c.o(i.ble_bas_c_bl_notif_enable)
    i.ble_bas_c_bl_read                      0x0001dd00   Section        0  ble_bas_c.o(i.ble_bas_c_bl_read)
    i.ble_bas_c_init                         0x0001dd34   Section        0  ble_bas_c.o(i.ble_bas_c_init)
    i.ble_bas_c_on_ble_evt                   0x0001dd78   Section        0  ble_bas_c.o(i.ble_bas_c_on_ble_evt)
    i.ble_db_discovery_evt_register          0x0001ddd4   Section        0  ble_db_discovery.o(i.ble_db_discovery_evt_register)
    i.ble_db_discovery_init                  0x0001de20   Section        0  ble_db_discovery.o(i.ble_db_discovery_init)
    i.ble_db_discovery_on_ble_evt            0x0001de38   Section        0  ble_db_discovery.o(i.ble_db_discovery_on_ble_evt)
    i.ble_db_discovery_start                 0x0001ded8   Section        0  ble_db_discovery.o(i.ble_db_discovery_start)
    i.ble_evt_dispatch                       0x0001df38   Section        0  main.o(i.ble_evt_dispatch)
    ble_evt_dispatch                         0x0001df39   Thumb Code    50  main.o(i.ble_evt_dispatch)
    i.ble_hrs_c_hrm_notif_enable             0x0001df70   Section        0  ble_hrs_c.o(i.ble_hrs_c_hrm_notif_enable)
    i.ble_hrs_c_init                         0x0001dfbc   Section        0  ble_hrs_c.o(i.ble_hrs_c_init)
    i.ble_hrs_c_on_ble_evt                   0x0001dffc   Section        0  ble_hrs_c.o(i.ble_hrs_c_on_ble_evt)
    i.ble_stack_init                         0x0001e050   Section        0  main.o(i.ble_stack_init)
    ble_stack_init                           0x0001e051   Thumb Code    92  main.o(i.ble_stack_init)
    i.bsp_btn_ble_init                       0x0001e0b8   Section        0  bsp_btn_ble.o(i.bsp_btn_ble_init)
    i.bsp_btn_ble_on_ble_evt                 0x0001e10c   Section        0  bsp_btn_ble.o(i.bsp_btn_ble_on_ble_evt)
    i.bsp_btn_ble_sleep_mode_prepare         0x0001e184   Section        0  bsp_btn_ble.o(i.bsp_btn_ble_sleep_mode_prepare)
    i.bsp_button_is_pressed                  0x0001e198   Section        0  bsp.o(i.bsp_button_is_pressed)
    i.bsp_event_handler                      0x0001e1a0   Section        0  main.o(i.bsp_event_handler)
    i.bsp_event_to_button_action_assign      0x0001e220   Section        0  bsp.o(i.bsp_event_to_button_action_assign)
    i.bsp_indication_set                     0x0001e224   Section        0  bsp.o(i.bsp_indication_set)
    i.bsp_init                               0x0001e240   Section        0  bsp.o(i.bsp_init)
    i.bsp_led_indication                     0x0001e288   Section        0  bsp.o(i.bsp_led_indication)
    bsp_led_indication                       0x0001e289   Thumb Code   436  bsp.o(i.bsp_led_indication)
    i.bsp_wakeup_buttons_set                 0x0001e444   Section        0  bsp.o(i.bsp_wakeup_buttons_set)
    i.channel_free                           0x0001e448   Section        0  nrf_drv_gpiote.o(i.channel_free)
    channel_free                             0x0001e449   Thumb Code    22  nrf_drv_gpiote.o(i.channel_free)
    i.channel_port_alloc                     0x0001e464   Section        0  nrf_drv_gpiote.o(i.channel_port_alloc)
    channel_port_alloc                       0x0001e465   Thumb Code    66  nrf_drv_gpiote.o(i.channel_port_alloc)
    i.channel_port_get                       0x0001e4ac   Section        0  nrf_drv_gpiote.o(i.channel_port_get)
    channel_port_get                         0x0001e4ad   Thumb Code    10  nrf_drv_gpiote.o(i.channel_port_get)
    i.characteristics_discover               0x0001e4bc   Section        0  ble_db_discovery.o(i.characteristics_discover)
    characteristics_discover                 0x0001e4bd   Thumb Code    56  ble_db_discovery.o(i.characteristics_discover)
    i.clear_operation_execute                0x0001e4f4   Section        0  pstorage.o(i.clear_operation_execute)
    clear_operation_execute                  0x0001e4f5   Thumb Code   252  pstorage.o(i.clear_operation_execute)
    i.clear_post_processing_run              0x0001e5f8   Section        0  pstorage.o(i.clear_post_processing_run)
    clear_post_processing_run                0x0001e5f9   Thumb Code    32  pstorage.o(i.clear_post_processing_run)
    i.cmd_process                            0x0001e61c   Section        0  pstorage.o(i.cmd_process)
    cmd_process                              0x0001e61d   Thumb Code    46  pstorage.o(i.cmd_process)
    i.cmd_queue_element_init                 0x0001e654   Section        0  pstorage.o(i.cmd_queue_element_init)
    cmd_queue_element_init                   0x0001e655   Thumb Code    26  pstorage.o(i.cmd_queue_element_init)
    i.cmd_queue_enqueue                      0x0001e674   Section        0  pstorage.o(i.cmd_queue_enqueue)
    cmd_queue_enqueue                        0x0001e675   Thumb Code    68  pstorage.o(i.cmd_queue_enqueue)
    i.command_end_procedure_run              0x0001e6c0   Section        0  pstorage.o(i.command_end_procedure_run)
    command_end_procedure_run                0x0001e6c1   Thumb Code    56  pstorage.o(i.command_end_procedure_run)
    i.compare_reg_update                     0x0001e6fc   Section        0  app_timer.o(i.compare_reg_update)
    compare_reg_update                       0x0001e6fd   Thumb Code   140  app_timer.o(i.compare_reg_update)
    i.connection_instance_find               0x0001e7a0   Section        0  device_manager_central.o(i.connection_instance_find)
    connection_instance_find                 0x0001e7a1   Thumb Code    38  device_manager_central.o(i.connection_instance_find)
    i.connection_instance_init               0x0001e7d0   Section        0  device_manager_central.o(i.connection_instance_init)
    connection_instance_init                 0x0001e7d1   Thumb Code    30  device_manager_central.o(i.connection_instance_init)
    i.data_page_erase_state_run              0x0001e7f4   Section        0  pstorage.o(i.data_page_erase_state_run)
    data_page_erase_state_run                0x0001e7f5   Thumb Code    80  pstorage.o(i.data_page_erase_state_run)
    i.data_to_swap_write_state_run           0x0001e848   Section        0  pstorage.o(i.data_to_swap_write_state_run)
    data_to_swap_write_state_run             0x0001e849   Thumb Code    34  pstorage.o(i.data_to_swap_write_state_run)
    i.db_discover_evt_handler                0x0001e870   Section        0  ble_hrs_c.o(i.db_discover_evt_handler)
    db_discover_evt_handler                  0x0001e871   Thumb Code    86  ble_hrs_c.o(i.db_discover_evt_handler)
    i.db_discovery_evt_handler               0x0001e8d4   Section        0  ble_bas_c.o(i.db_discovery_evt_handler)
    db_discovery_evt_handler                 0x0001e8d5   Thumb Code    88  ble_bas_c.o(i.db_discovery_evt_handler)
    i.descriptors_discover                   0x0001e938   Section        0  ble_db_discovery.o(i.descriptors_discover)
    descriptors_discover                     0x0001e939   Thumb Code   132  ble_db_discovery.o(i.descriptors_discover)
    i.device_context_store                   0x0001e9bc   Section        0  device_manager_central.o(i.device_context_store)
    device_context_store                     0x0001e9bd   Thumb Code   152  device_manager_central.o(i.device_context_store)
    i.device_instance_allocate               0x0001ea6c   Section        0  device_manager_central.o(i.device_instance_allocate)
    device_instance_allocate                 0x0001ea6d   Thumb Code    74  device_manager_central.o(i.device_instance_allocate)
    i.device_manager_event_handler           0x0001eac0   Section        0  main.o(i.device_manager_event_handler)
    device_manager_event_handler             0x0001eac1   Thumb Code   204  main.o(i.device_manager_event_handler)
    i.device_manager_init                    0x0001eb94   Section        0  main.o(i.device_manager_init)
    device_manager_init                      0x0001eb95   Thumb Code   118  main.o(i.device_manager_init)
    i.discovery_complete_evt_trigger         0x0001ec14   Section        0  ble_db_discovery.o(i.discovery_complete_evt_trigger)
    discovery_complete_evt_trigger           0x0001ec15   Thumb Code   100  ble_db_discovery.o(i.discovery_complete_evt_trigger)
    i.discovery_error_evt_trigger            0x0001ec80   Section        0  ble_db_discovery.o(i.discovery_error_evt_trigger)
    discovery_error_evt_trigger              0x0001ec81   Thumb Code    72  ble_db_discovery.o(i.discovery_error_evt_trigger)
    i.dm_ble_evt_handler                     0x0001ecd0   Section        0  device_manager_central.o(i.dm_ble_evt_handler)
    i.dm_handle_initialize                   0x0001f03c   Section        0  device_manager_central.o(i.dm_handle_initialize)
    i.dm_init                                0x0001f058   Section        0  device_manager_central.o(i.dm_init)
    i.dm_pstorage_cb_handler                 0x0001f10c   Section        0  device_manager_central.o(i.dm_pstorage_cb_handler)
    dm_pstorage_cb_handler                   0x0001f10d   Thumb Code   380  device_manager_central.o(i.dm_pstorage_cb_handler)
    i.dm_register                            0x0001f298   Section        0  device_manager_central.o(i.dm_register)
    i.dm_security_setup_req                  0x0001f2f0   Section        0  device_manager_central.o(i.dm_security_setup_req)
    i.dm_whitelist_create                    0x0001f3b0   Section        0  device_manager_central.o(i.dm_whitelist_create)
    i.elapsed_ticks_acquire                  0x0001f460   Section        0  app_timer.o(i.elapsed_ticks_acquire)
    elapsed_ticks_acquire                    0x0001f461   Thumb Code    58  app_timer.o(i.elapsed_ticks_acquire)
    i.expired_timers_handler                 0x0001f4a0   Section        0  app_timer.o(i.expired_timers_handler)
    expired_timers_handler                   0x0001f4a1   Thumb Code    82  app_timer.o(i.expired_timers_handler)
    i.flash_api_err_code_process             0x0001f4f8   Section        0  pstorage.o(i.flash_api_err_code_process)
    flash_api_err_code_process               0x0001f4f9   Thumb Code    28  pstorage.o(i.flash_api_err_code_process)
    i.flash_operation_success_run            0x0001f518   Section        0  pstorage.o(i.flash_operation_success_run)
    flash_operation_success_run              0x0001f519   Thumb Code   114  pstorage.o(i.flash_operation_success_run)
    i.flash_page_erase                       0x0001f598   Section        0  pstorage.o(i.flash_page_erase)
    flash_page_erase                         0x0001f599   Thumb Code    10  pstorage.o(i.flash_page_erase)
    i.flash_write                            0x0001f5a2   Section        0  pstorage.o(i.flash_write)
    flash_write                              0x0001f5a3   Thumb Code    10  pstorage.o(i.flash_write)
    i.fputc                                  0x0001f5ac   Section        0  retarget.o(i.fputc)
    i.gattc_context_apply                    0x0001f5ba   Section        0  device_manager_central.o(i.gattc_context_apply)
    gattc_context_apply                      0x0001f5bb   Thumb Code     4  device_manager_central.o(i.gattc_context_apply)
    i.gattc_context_load                     0x0001f5be   Section        0  device_manager_central.o(i.gattc_context_load)
    gattc_context_load                       0x0001f5bf   Thumb Code     4  device_manager_central.o(i.gattc_context_load)
    i.gattc_context_store                    0x0001f5c2   Section        0  device_manager_central.o(i.gattc_context_store)
    gattc_context_store                      0x0001f5c3   Thumb Code     4  device_manager_central.o(i.gattc_context_store)
    i.gatts_context_apply                    0x0001f5c8   Section        0  device_manager_central.o(i.gatts_context_apply)
    gatts_context_apply                      0x0001f5c9   Thumb Code    56  device_manager_central.o(i.gatts_context_apply)
    i.gatts_context_load                     0x0001f608   Section        0  device_manager_central.o(i.gatts_context_load)
    gatts_context_load                       0x0001f609   Thumb Code    42  device_manager_central.o(i.gatts_context_load)
    i.gatts_context_store                    0x0001f638   Section        0  device_manager_central.o(i.gatts_context_store)
    gatts_context_store                      0x0001f639   Thumb Code   144  device_manager_central.o(i.gatts_context_store)
    i.gattsc_context_apply                   0x0001f6d4   Section        0  device_manager_central.o(i.gattsc_context_apply)
    gattsc_context_apply                     0x0001f6d5   Thumb Code     8  device_manager_central.o(i.gattsc_context_apply)
    i.gattsc_context_load                    0x0001f6dc   Section        0  device_manager_central.o(i.gattsc_context_load)
    gattsc_context_load                      0x0001f6dd   Thumb Code     8  device_manager_central.o(i.gattsc_context_load)
    i.gattsc_context_store                   0x0001f6e4   Section        0  device_manager_central.o(i.gattsc_context_store)
    gattsc_context_store                     0x0001f6e5   Thumb Code     8  device_manager_central.o(i.gattsc_context_store)
    i.gpiote_uart_event_handler              0x0001f6ec   Section        0  app_uart_fifo.o(i.gpiote_uart_event_handler)
    gpiote_uart_event_handler                0x0001f6ed   Thumb Code    22  app_uart_fifo.o(i.gpiote_uart_event_handler)
    i.head_restore_state_run                 0x0001f704   Section        0  pstorage.o(i.head_restore_state_run)
    head_restore_state_run                   0x0001f705   Thumb Code   110  pstorage.o(i.head_restore_state_run)
    i.hrs_c_evt_handler                      0x0001f77c   Section        0  main.o(i.hrs_c_evt_handler)
    hrs_c_evt_handler                        0x0001f77d   Thumb Code    68  main.o(i.hrs_c_evt_handler)
    i.initiate_security_request              0x0001f7fc   Section        0  device_manager_central.o(i.initiate_security_request)
    i.intern_softdevice_events_execute       0x0001f854   Section        0  softdevice_handler.o(i.intern_softdevice_events_execute)
    i.is_desc_discovery_reqd                 0x0001f8d4   Section        0  ble_db_discovery.o(i.is_desc_discovery_reqd)
    is_desc_discovery_reqd                   0x0001f8d5   Thumb Code    66  ble_db_discovery.o(i.is_desc_discovery_reqd)
    i.is_manual_peripheral_setup_needed      0x0001f918   Section        0  system_nrf51.o(i.is_manual_peripheral_setup_needed)
    is_manual_peripheral_setup_needed        0x0001f919   Thumb Code    66  system_nrf51.o(i.is_manual_peripheral_setup_needed)
    i.is_page_erase_required                 0x0001f960   Section        0  pstorage.o(i.is_page_erase_required)
    is_page_erase_required                   0x0001f961   Thumb Code    60  pstorage.o(i.is_page_erase_required)
    i.is_word_aligned                        0x0001f9a4   Section        0  pstorage.o(i.is_word_aligned)
    is_word_aligned                          0x0001f9a5   Thumb Code    12  pstorage.o(i.is_word_aligned)
    i.leds_timer_handler                     0x0001f9b0   Section        0  bsp.o(i.leds_timer_handler)
    leds_timer_handler                       0x0001f9b1   Thumb Code    18  bsp.o(i.leds_timer_handler)
    i.list_deletions_handler                 0x0001f9c8   Section        0  app_timer.o(i.list_deletions_handler)
    list_deletions_handler                   0x0001f9c9   Thumb Code   144  app_timer.o(i.list_deletions_handler)
    i.list_insertions_handler                0x0001fa5c   Section        0  app_timer.o(i.list_insertions_handler)
    list_insertions_handler                  0x0001fa5d   Thumb Code   230  app_timer.o(i.list_insertions_handler)
    i.main                                   0x0001fb4c   Section        0  main.o(i.main)
    i.main_state_err_busy_process            0x0001fc90   Section        0  pstorage.o(i.main_state_err_busy_process)
    main_state_err_busy_process              0x0001fc91   Thumb Code    20  pstorage.o(i.main_state_err_busy_process)
    i.no_service_context_apply               0x0001fca8   Section        0  device_manager_central.o(i.no_service_context_apply)
    no_service_context_apply                 0x0001fca9   Thumb Code     4  device_manager_central.o(i.no_service_context_apply)
    i.no_service_context_load                0x0001fcac   Section        0  device_manager_central.o(i.no_service_context_load)
    no_service_context_load                  0x0001fcad   Thumb Code     4  device_manager_central.o(i.no_service_context_load)
    i.no_service_context_store               0x0001fcb0   Section        0  device_manager_central.o(i.no_service_context_store)
    no_service_context_store                 0x0001fcb1   Thumb Code     4  device_manager_central.o(i.no_service_context_store)
    i.nrf_drv_common_irq_enable              0x0001fcb4   Section        0  nrf_drv_common.o(i.nrf_drv_common_irq_enable)
    i.nrf_drv_gpiote_in_event_enable         0x0001fd14   Section        0  nrf_drv_gpiote.o(i.nrf_drv_gpiote_in_event_enable)
    i.nrf_drv_gpiote_in_init                 0x0001fdb4   Section        0  nrf_drv_gpiote.o(i.nrf_drv_gpiote_in_init)
    i.nrf_drv_gpiote_in_is_set               0x0001fe48   Section        0  nrf_drv_gpiote.o(i.nrf_drv_gpiote_in_is_set)
    i.nrf_drv_gpiote_init                    0x0001fe5c   Section        0  nrf_drv_gpiote.o(i.nrf_drv_gpiote_init)
    i.nrf_drv_gpiote_is_init                 0x0001feb0   Section        0  nrf_drv_gpiote.o(i.nrf_drv_gpiote_is_init)
    i.nrf_drv_gpiote_out_init                0x0001fec0   Section        0  nrf_drv_gpiote.o(i.nrf_drv_gpiote_out_init)
    i.nrf_gpio_cfg_sense_set                 0x0001ff58   Section        0  nrf_drv_gpiote.o(i.nrf_gpio_cfg_sense_set)
    nrf_gpio_cfg_sense_set                   0x0001ff59   Thumb Code    26  nrf_drv_gpiote.o(i.nrf_gpio_cfg_sense_set)
    i.nrf_gpiote_event_is_set                0x0001ff78   Section        0  nrf_drv_gpiote.o(i.nrf_gpiote_event_is_set)
    nrf_gpiote_event_is_set                  0x0001ff79   Thumb Code    14  nrf_drv_gpiote.o(i.nrf_gpiote_event_is_set)
    i.on_ble_evt                             0x0001ff8c   Section        0  main.o(i.on_ble_evt)
    on_ble_evt                               0x0001ff8d   Thumb Code   176  main.o(i.on_ble_evt)
    i.on_characteristic_discovery_rsp        0x0002004c   Section        0  ble_db_discovery.o(i.on_characteristic_discovery_rsp)
    on_characteristic_discovery_rsp          0x0002004d   Thumb Code   204  ble_db_discovery.o(i.on_characteristic_discovery_rsp)
    i.on_descriptor_discovery_rsp            0x00020118   Section        0  ble_db_discovery.o(i.on_descriptor_discovery_rsp)
    on_descriptor_discovery_rsp              0x00020119   Thumb Code   156  ble_db_discovery.o(i.on_descriptor_discovery_rsp)
    i.on_srv_disc_completion                 0x000201b8   Section        0  ble_db_discovery.o(i.on_srv_disc_completion)
    on_srv_disc_completion                   0x000201b9   Thumb Code    84  ble_db_discovery.o(i.on_srv_disc_completion)
    i.on_uart_event                          0x00020214   Section        0  app_uart_fifo.o(i.on_uart_event)
    on_uart_event                            0x00020215   Thumb Code   118  app_uart_fifo.o(i.on_uart_event)
    i.peer_instance_init                     0x0002029c   Section        0  device_manager_central.o(i.peer_instance_init)
    peer_instance_init                       0x0002029d   Thumb Code    54  device_manager_central.o(i.peer_instance_init)
    i.pending_user_evts_send                 0x000202d8   Section        0  ble_db_discovery.o(i.pending_user_evts_send)
    pending_user_evts_send                   0x000202d9   Thumb Code    34  ble_db_discovery.o(i.pending_user_evts_send)
    i.pin_in_use_by_port                     0x00020304   Section        0  nrf_drv_gpiote.o(i.pin_in_use_by_port)
    pin_in_use_by_port                       0x00020305   Thumb Code    20  nrf_drv_gpiote.o(i.pin_in_use_by_port)
    i.pin_in_use_by_te                       0x0002031c   Section        0  nrf_drv_gpiote.o(i.pin_in_use_by_te)
    pin_in_use_by_te                         0x0002031d   Thumb Code    20  nrf_drv_gpiote.o(i.pin_in_use_by_te)
    i.pstorage_access_status_get             0x00020334   Section        0  pstorage.o(i.pstorage_access_status_get)
    i.pstorage_block_identifier_get          0x0002035c   Section        0  pstorage.o(i.pstorage_block_identifier_get)
    i.pstorage_clear                         0x000203b0   Section        0  pstorage.o(i.pstorage_clear)
    i.pstorage_flash_page_end                0x00020454   Section        0  pstorage.o(i.pstorage_flash_page_end)
    pstorage_flash_page_end                  0x00020455   Thumb Code    32  pstorage.o(i.pstorage_flash_page_end)
    i.pstorage_flash_page_size               0x00020478   Section        0  pstorage.o(i.pstorage_flash_page_size)
    pstorage_flash_page_size                 0x00020479   Thumb Code    10  pstorage.o(i.pstorage_flash_page_size)
    i.pstorage_init                          0x00020484   Section        0  pstorage.o(i.pstorage_init)
    i.pstorage_load                          0x000204d0   Section        0  pstorage.o(i.pstorage_load)
    i.pstorage_register                      0x00020578   Section        0  pstorage.o(i.pstorage_register)
    i.pstorage_store                         0x0002062c   Section        0  pstorage.o(i.pstorage_store)
    i.pstorage_sys_event_handler             0x000206bc   Section        0  pstorage.o(i.pstorage_sys_event_handler)
    i.pstorage_update                        0x00020708   Section        0  pstorage.o(i.pstorage_update)
    i.registered_handler_get                 0x00020798   Section        0  ble_db_discovery.o(i.registered_handler_get)
    registered_handler_get                   0x00020799   Thumb Code    50  ble_db_discovery.o(i.registered_handler_get)
    i.rtc1_stop                              0x000207d4   Section        0  app_timer.o(i.rtc1_stop)
    rtc1_stop                                0x000207d5   Thumb Code    50  app_timer.o(i.rtc1_stop)
    i.scan_start                             0x00020818   Section        0  main.o(i.scan_start)
    scan_start                               0x00020819   Thumb Code   194  main.o(i.scan_start)
    i.sm_state_change                        0x000208e4   Section        0  pstorage.o(i.sm_state_change)
    sm_state_change                          0x000208e5   Thumb Code    62  pstorage.o(i.sm_state_change)
    i.softdevice_assertion_handler           0x0002092c   Section        0  softdevice_handler.o(i.softdevice_assertion_handler)
    i.softdevice_ble_evt_handler_set         0x00020938   Section        0  softdevice_handler.o(i.softdevice_ble_evt_handler_set)
    i.softdevice_handler_init                0x0002094c   Section        0  softdevice_handler.o(i.softdevice_handler_init)
    i.softdevice_sys_evt_handler_set         0x0002097c   Section        0  softdevice_handler.o(i.softdevice_sys_evt_handler_set)
    i.state_data_erase_swap_entry_run        0x00020990   Section        0  pstorage.o(i.state_data_erase_swap_entry_run)
    state_data_erase_swap_entry_run          0x00020991   Thumb Code    92  pstorage.o(i.state_data_erase_swap_entry_run)
    i.state_erase_data_page_entry_run        0x000209f4   Section        0  pstorage.o(i.state_erase_data_page_entry_run)
    state_erase_data_page_entry_run          0x000209f5   Thumb Code    12  pstorage.o(i.state_erase_data_page_entry_run)
    i.state_restore_head_entry_run           0x00020a04   Section        0  pstorage.o(i.state_restore_head_entry_run)
    state_restore_head_entry_run             0x00020a05   Thumb Code    36  pstorage.o(i.state_restore_head_entry_run)
    i.state_restore_tail_entry_run           0x00020a2c   Section        0  pstorage.o(i.state_restore_tail_entry_run)
    state_restore_tail_entry_run             0x00020a2d   Thumb Code    66  pstorage.o(i.state_restore_tail_entry_run)
    i.state_swap_erase_entry_run             0x00020a78   Section        0  pstorage.o(i.state_swap_erase_entry_run)
    state_swap_erase_entry_run               0x00020a79   Thumb Code    32  pstorage.o(i.state_swap_erase_entry_run)
    i.state_write_data_swap_entry_run        0x00020a98   Section        0  pstorage.o(i.state_write_data_swap_entry_run)
    state_write_data_swap_entry_run          0x00020a99   Thumb Code    42  pstorage.o(i.state_write_data_swap_entry_run)
    i.storage_operation_dummy_handler        0x00020ac8   Section        0  device_manager_central.o(i.storage_operation_dummy_handler)
    storage_operation_dummy_handler          0x00020ac9   Thumb Code     4  device_manager_central.o(i.storage_operation_dummy_handler)
    i.store_cmd_flash_write_execute          0x00020acc   Section        0  pstorage.o(i.store_cmd_flash_write_execute)
    store_cmd_flash_write_execute            0x00020acd   Thumb Code    82  pstorage.o(i.store_cmd_flash_write_execute)
    i.swap_erase_state_run                   0x00020b28   Section        0  pstorage.o(i.swap_erase_state_run)
    swap_erase_state_run                     0x00020b29   Thumb Code    24  pstorage.o(i.swap_erase_state_run)
    i.swap_sub_state_err_busy_process        0x00020b44   Section        0  pstorage.o(i.swap_sub_state_err_busy_process)
    swap_sub_state_err_busy_process          0x00020b45   Thumb Code    20  pstorage.o(i.swap_sub_state_err_busy_process)
    i.swap_sub_state_state_change            0x00020b5c   Section        0  pstorage.o(i.swap_sub_state_state_change)
    swap_sub_state_state_change              0x00020b5d   Thumb Code    12  pstorage.o(i.swap_sub_state_state_change)
    i.sys_evt_dispatch                       0x00020b70   Section        0  main.o(i.sys_evt_dispatch)
    sys_evt_dispatch                         0x00020b71   Thumb Code    34  main.o(i.sys_evt_dispatch)
    i.tail_restore_state_run                 0x00020b98   Section        0  pstorage.o(i.tail_restore_state_run)
    tail_restore_state_run                   0x00020b99   Thumb Code    22  pstorage.o(i.tail_restore_state_run)
    i.timer_list_handler_sched               0x00020bb4   Section        0  app_timer.o(i.timer_list_handler_sched)
    timer_list_handler_sched                 0x00020bb5   Thumb Code    10  app_timer.o(i.timer_list_handler_sched)
    i.timer_list_insert                      0x00020bc4   Section        0  app_timer.o(i.timer_list_insert)
    timer_list_insert                        0x00020bc5   Thumb Code    94  app_timer.o(i.timer_list_insert)
    i.timer_list_remove                      0x00020c28   Section        0  app_timer.o(i.timer_list_remove)
    timer_list_remove                        0x00020c29   Thumb Code   104  app_timer.o(i.timer_list_remove)
    i.timer_timeouts_check                   0x00020c98   Section        0  app_timer.o(i.timer_timeouts_check)
    timer_timeouts_check                     0x00020c99   Thumb Code   120  app_timer.o(i.timer_timeouts_check)
    i.tx_buffer_process                      0x00020d18   Section        0  ble_bas_c.o(i.tx_buffer_process)
    tx_buffer_process                        0x00020d19   Thumb Code    58  ble_bas_c.o(i.tx_buffer_process)
    i.tx_buffer_process                      0x00020d5c   Section        0  ble_hrs_c.o(i.tx_buffer_process)
    tx_buffer_process                        0x00020d5d   Thumb Code    58  ble_hrs_c.o(i.tx_buffer_process)
    i.uart_error_handle                      0x00020da0   Section        0  main.o(i.uart_error_handle)
    i.update_status_bit_reset                0x00020db8   Section        0  device_manager_central.o(i.update_status_bit_reset)
    update_status_bit_reset                  0x00020db9   Thumb Code    14  device_manager_central.o(i.update_status_bit_reset)
    i.user_id_get                            0x00020dcc   Section        0  app_timer.o(i.user_id_get)
    user_id_get                              0x00020dcd   Thumb Code    74  app_timer.o(i.user_id_get)
    i.user_op_alloc                          0x00020e20   Section        0  app_timer.o(i.user_op_alloc)
    user_op_alloc                            0x00020e21   Thumb Code    36  app_timer.o(i.user_op_alloc)
    .constdata                               0x00020e44   Section       20  main.o(.constdata)
    m_connection_param                       0x00020e44   Data           8  main.o(.constdata)
    .constdata                               0x00020e58   Section       52  device_manager_central.o(.constdata)
    .constdata                               0x00020e8c   Section        8  app_uart_fifo.o(.constdata)
    .constdata                               0x00020e94   Section       40  pstorage.o(.constdata)
    swap_sub_state_sm_lut                    0x00020e94   Data          20  pstorage.o(.constdata)
    swap_sub_state_sm_lut                    0x00020ea8   Data          20  pstorage.o(.constdata)
    .data                                    0x20002800   Section       12  main.o(.data)
    m_peer_count                             0x20002800   Data           1  main.o(.data)
    m_scan_mode                              0x20002801   Data           1  main.o(.data)
    m_whitelist_temporarily_disabled         0x20002802   Data           1  main.o(.data)
    m_memory_access_in_progress              0x20002803   Data           1  main.o(.data)
    rx_buf                                   0x20002804   Data           1  main.o(.data)
    m_dm_app_id                              0x20002805   Data           1  main.o(.data)
    m_conn_handle                            0x20002806   Data           2  main.o(.data)
    m_dm_device_handle                       0x20002808   Data           4  main.o(.data)
    .data                                    0x2000280c   Section       20  bsp.o(.data)
    m_stable_state                           0x2000280c   Data           1  bsp.o(.data)
    m_app_ticks_per_100ms                    0x20002810   Data           4  bsp.o(.data)
    m_indication_type                        0x20002814   Data           4  bsp.o(.data)
    m_leds_timer_id                          0x20002818   Data           4  bsp.o(.data)
    m_alert_timer_id                         0x2000281c   Data           4  bsp.o(.data)
    .data                                    0x20002820   Section        8  bsp_btn_ble.o(.data)
    m_error_handler                          0x20002820   Data           4  bsp_btn_ble.o(.data)
    m_num_connections                        0x20002824   Data           4  bsp_btn_ble.o(.data)
    .data                                    0x20002828   Section        4  system_nrf51.o(.data)
    __tagsym$$used                           0x20002828   Number         0  system_nrf51.o(.data)
    .data                                    0x2000282c   Section       12  ble_bas_c.o(.data)
    m_tx_insert_index                        0x2000282c   Data           4  ble_bas_c.o(.data)
    m_tx_index                               0x20002830   Data           4  ble_bas_c.o(.data)
    mp_ble_bas_c                             0x20002834   Data           4  ble_bas_c.o(.data)
    .data                                    0x20002838   Section       16  ble_db_discovery.o(.data)
    m_initialized                            0x20002838   Data           1  ble_db_discovery.o(.data)
    m_pending_usr_evt_index                  0x2000283c   Data           4  ble_db_discovery.o(.data)
    m_num_of_handlers_reg                    0x20002840   Data           4  ble_db_discovery.o(.data)
    m_num_of_discoveries_made                0x20002844   Data           4  ble_db_discovery.o(.data)
    .data                                    0x20002848   Section       12  ble_hrs_c.o(.data)
    m_tx_insert_index                        0x20002848   Data           4  ble_hrs_c.o(.data)
    m_tx_index                               0x2000284c   Data           4  ble_hrs_c.o(.data)
    mp_ble_hrs_c                             0x20002850   Data           4  ble_hrs_c.o(.data)
    .data                                    0x20002854   Section       16  device_manager_central.o(.data)
    m_module_initialized                     0x20002854   Data           1  device_manager_central.o(.data)
    m_peer_addr_update                       0x20002858   Data           4  device_manager_central.o(.data)
    m_storage_handle                         0x2000285c   Data           8  device_manager_central.o(.data)
    .data                                    0x20002864   Section        8  app_uart_fifo.o(.data)
    m_instance_counter                       0x20002864   Data           1  app_uart_fifo.o(.data)
    m_current_state                          0x20002865   Data           1  app_uart_fifo.o(.data)
    m_event_handler                          0x20002868   Data           4  app_uart_fifo.o(.data)
    .data                                    0x2000286c   Section       36  pstorage.o(.data)
    m_state                                  0x2000286c   Data           1  pstorage.o(.data)
    m_swap_sub_state                         0x2000286d   Data           1  pstorage.o(.data)
    m_next_app_instance                      0x2000286e   Data           2  pstorage.o(.data)
    m_flags                                  0x20002870   Data           4  pstorage.o(.data)
    m_next_page_addr                         0x20002874   Data           4  pstorage.o(.data)
    m_head_word_size                         0x20002878   Data           4  pstorage.o(.data)
    m_tail_word_size                         0x2000287c   Data           4  pstorage.o(.data)
    m_current_page_id                        0x20002880   Data           4  pstorage.o(.data)
    m_num_of_command_retries                 0x20002884   Data           4  pstorage.o(.data)
    m_num_of_bytes_written                   0x20002888   Data           4  pstorage.o(.data)
    m_app_data_size                          0x2000288c   Data           4  pstorage.o(.data)
    .data                                    0x20002890   Section       36  app_timer.o(.data)
    m_node_array_size                        0x20002890   Data           1  app_timer.o(.data)
    m_user_array_size                        0x20002891   Data           1  app_timer.o(.data)
    m_ticks_elapsed_q_read_ind               0x20002892   Data           1  app_timer.o(.data)
    m_ticks_elapsed_q_write_ind              0x20002893   Data           1  app_timer.o(.data)
    m_rtc1_running                           0x20002894   Data           1  app_timer.o(.data)
    m_rtc1_reset                             0x20002895   Data           1  app_timer.o(.data)
    mp_nodes                                 0x20002898   Data           4  app_timer.o(.data)
    mp_users                                 0x2000289c   Data           4  app_timer.o(.data)
    m_timer_id_head                          0x200028a0   Data           4  app_timer.o(.data)
    m_ticks_latest                           0x200028a4   Data           4  app_timer.o(.data)
    m_evt_schedule_func                      0x200028a8   Data           4  app_timer.o(.data)
    m_ticks_elapsed                          0x200028ac   Data           8  app_timer.o(.data)
    .data                                    0x200028b4   Section        4  retarget.o(.data)
    .data                                    0x200028b8   Section       20  softdevice_handler.o(.data)
    m_softdevice_enabled                     0x200028b8   Data           1  softdevice_handler.o(.data)
    m_ble_evt_buffer_size                    0x200028ba   Data           2  softdevice_handler.o(.data)
    m_evt_schedule_func                      0x200028bc   Data           4  softdevice_handler.o(.data)
    mp_ble_evt_buffer                        0x200028c0   Data           4  softdevice_handler.o(.data)
    m_ble_evt_handler                        0x200028c4   Data           4  softdevice_handler.o(.data)
    m_sys_evt_handler                        0x200028c8   Data           4  softdevice_handler.o(.data)
    .bss                                     0x200028cc   Section      940  main.o(.bss)
    BLE_EVT_BUFFER                           0x200028cc   Data          72  main.o(.bss)
    tx_buf                                   0x20002914   Data         256  main.o(.bss)
    APP_TIMER_BUF                            0x20002a14   Data         472  main.o(.bss)
    m_ble_db_discovery                       0x20002bec   Data          98  main.o(.bss)
    m_ble_hrs_c                              0x20002c50   Data          12  main.o(.bss)
    m_ble_bas_c                              0x20002c5c   Data          12  main.o(.bss)
    m_scan_param                             0x20002c68   Data          16  main.o(.bss)
    .bss                                     0x20002c78   Section      160  ble_bas_c.o(.bss)
    m_tx_buffer                              0x20002c78   Data         160  ble_bas_c.o(.bss)
    .bss                                     0x20002d18   Section      128  ble_db_discovery.o(.bss)
    m_registered_handlers                    0x20002d18   Data          16  ble_db_discovery.o(.bss)
    m_pending_user_evts                      0x20002d28   Data         112  ble_db_discovery.o(.bss)
    .bss                                     0x20002d98   Section      160  ble_hrs_c.o(.bss)
    m_tx_buffer                              0x20002d98   Data         160  ble_hrs_c.o(.bss)
    .bss                                     0x20002e38   Section      283  device_manager_central.o(.bss)
    m_app_context_table                      0x20002e38   Data          28  device_manager_central.o(.bss)
    m_peer_table                             0x20002e54   Data         168  device_manager_central.o(.bss)
    m_bond_table                             0x20002efc   Data          28  device_manager_central.o(.bss)
    m_gatts_table                            0x20002f18   Data          12  device_manager_central.o(.bss)
    m_connection_table                       0x20002f24   Data          12  device_manager_central.o(.bss)
    m_application_table                      0x20002f30   Data          12  device_manager_central.o(.bss)
    m_local_id_info                          0x20002f3c   Data          23  device_manager_central.o(.bss)
    .bss                                     0x20002f54   Section       32  app_uart_fifo.o(.bss)
    m_rx_fifo                                0x20002f54   Data          16  app_uart_fifo.o(.bss)
    m_tx_fifo                                0x20002f64   Data          16  app_uart_fifo.o(.bss)
    .bss                                     0x20002f74   Section       80  nrf_drv_gpiote.o(.bss)
    m_cb                                     0x20002f74   Data          80  nrf_drv_gpiote.o(.bss)
    .bss                                     0x20002fc4   Section      216  pstorage.o(.bss)
    m_cmd_queue                              0x20002fc4   Data         204  pstorage.o(.bss)
    m_app_table                              0x20003090   Data          12  pstorage.o(.bss)
    STACK                                    0x200030a0   Section     2048  arm_startup_nrf51.o(STACK)

    Global Symbols

    Symbol Name                              Value     Ov Type        Size  Object(Section)

    BuildAttributes$$THM_ISAv3M$S$PE$A:L22$X:L11$S22$IEEE1$IW$USESV6$~STKCKD$USESV7$~SHL$OSPACE$ROPI$EBA8$MICROLIB$REQ8$PRES8$EABIv2 0x00000000   Number         0  anon$$obj.o ABSOLUTE
    __ARM_use_no_argv                        0x00000000   Number         0  main.o ABSOLUTE
    _printf_a                                0x00000000   Number         0  stubs.o ABSOLUTE
    _printf_c                                0x00000000   Number         0  stubs.o ABSOLUTE
    _printf_charcount                        0x00000000   Number         0  stubs.o ABSOLUTE
    _printf_d                                0x00000000   Number         0  stubs.o ABSOLUTE
    _printf_e                                0x00000000   Number         0  stubs.o ABSOLUTE
    _printf_f                                0x00000000   Number         0  stubs.o ABSOLUTE
    _printf_flags                            0x00000000   Number         0  stubs.o ABSOLUTE
    _printf_fp_dec                           0x00000000   Number         0  stubs.o ABSOLUTE
    _printf_fp_hex                           0x00000000   Number         0  stubs.o ABSOLUTE
    _printf_g                                0x00000000   Number         0  stubs.o ABSOLUTE
    _printf_i                                0x00000000   Number         0  stubs.o ABSOLUTE
    _printf_int_dec                          0x00000000   Number         0  stubs.o ABSOLUTE
    _printf_l                                0x00000000   Number         0  stubs.o ABSOLUTE
    _printf_lc                               0x00000000   Number         0  stubs.o ABSOLUTE
    _printf_ll                               0x00000000   Number         0  stubs.o ABSOLUTE
    _printf_lld                              0x00000000   Number         0  stubs.o ABSOLUTE
    _printf_lli                              0x00000000   Number         0  stubs.o ABSOLUTE
    _printf_llo                              0x00000000   Number         0  stubs.o ABSOLUTE
    _printf_llu                              0x00000000   Number         0  stubs.o ABSOLUTE
    _printf_llx                              0x00000000   Number         0  stubs.o ABSOLUTE
    _printf_longlong_dec                     0x00000000   Number         0  stubs.o ABSOLUTE
    _printf_longlong_hex                     0x00000000   Number         0  stubs.o ABSOLUTE
    _printf_longlong_oct                     0x00000000   Number         0  stubs.o ABSOLUTE
    _printf_ls                               0x00000000   Number         0  stubs.o ABSOLUTE
    _printf_mbtowc                           0x00000000   Number         0  stubs.o ABSOLUTE
    _printf_n                                0x00000000   Number         0  stubs.o ABSOLUTE
    _printf_o                                0x00000000   Number         0  stubs.o ABSOLUTE
    _printf_p                                0x00000000   Number         0  stubs.o ABSOLUTE
    _printf_percent                          0x00000000   Number         0  stubs.o ABSOLUTE
    _printf_pre_padding                      0x00000000   Number         0  stubs.o ABSOLUTE
    _printf_return_value                     0x00000000   Number         0  stubs.o ABSOLUTE
    _printf_s                                0x00000000   Number         0  stubs.o ABSOLUTE
    _printf_sizespec                         0x00000000   Number         0  stubs.o ABSOLUTE
    _printf_str                              0x00000000   Number         0  stubs.o ABSOLUTE
    _printf_truncate_signed                  0x00000000   Number         0  stubs.o ABSOLUTE
    _printf_truncate_unsigned                0x00000000   Number         0  stubs.o ABSOLUTE
    _printf_u                                0x00000000   Number         0  stubs.o ABSOLUTE
    _printf_wc                               0x00000000   Number         0  stubs.o ABSOLUTE
    _printf_wctomb                           0x00000000   Number         0  stubs.o ABSOLUTE
    _printf_widthprec                        0x00000000   Number         0  stubs.o ABSOLUTE
    _printf_x                                0x00000000   Number         0  stubs.o ABSOLUTE
    __cpp_initialize__aeabi_                  - Undefined Weak Reference
    __cxa_finalize                            - Undefined Weak Reference
    __decompress                              - Undefined Weak Reference
    _clock_init                               - Undefined Weak Reference
    _microlib_exit                            - Undefined Weak Reference
    __Vectors_Size                           0x000000c0   Number         0  arm_startup_nrf51.o ABSOLUTE
    __Vectors                                0x0001d000   Data           4  arm_startup_nrf51.o(RESET)
    __Vectors_End                            0x0001d0c0   Data           0  arm_startup_nrf51.o(RESET)
    __main                                   0x0001d0c1   Thumb Code     0  entry.o(.ARM.Collect$$$$00000000)
    _main_stk                                0x0001d0c1   Thumb Code     0  entry2.o(.ARM.Collect$$$$00000001)
    _main_scatterload                        0x0001d0c5   Thumb Code     0  entry5.o(.ARM.Collect$$$$00000004)
    __main_after_scatterload                 0x0001d0c9   Thumb Code     0  entry5.o(.ARM.Collect$$$$00000004)
    _main_clock                              0x0001d0c9   Thumb Code     0  entry7b.o(.ARM.Collect$$$$00000008)
    _main_cpp_init                           0x0001d0c9   Thumb Code     0  entry8b.o(.ARM.Collect$$$$0000000A)
    _main_init                               0x0001d0c9   Thumb Code     0  entry9a.o(.ARM.Collect$$$$0000000B)
    __rt_final_cpp                           0x0001d0d1   Thumb Code     0  entry10a.o(.ARM.Collect$$$$0000000D)
    __rt_final_exit                          0x0001d0d1   Thumb Code     0  entry11a.o(.ARM.Collect$$$$0000000F)
    __asm___11_app_timer_c_cd27f9c3__nrf_delay_us 0x0001d0d5   Thumb Code    30  app_timer.o(.emb_text)
    Reset_Handler                            0x0001d0f5   Thumb Code    26  arm_startup_nrf51.o(.text)
    NMI_Handler                              0x0001d10f   Thumb Code     2  arm_startup_nrf51.o(.text)
    HardFault_Handler                        0x0001d111   Thumb Code     2  arm_startup_nrf51.o(.text)
    SVC_Handler                              0x0001d113   Thumb Code     2  arm_startup_nrf51.o(.text)
    PendSV_Handler                           0x0001d115   Thumb Code     2  arm_startup_nrf51.o(.text)
    SysTick_Handler                          0x0001d117   Thumb Code     2  arm_startup_nrf51.o(.text)
    ADC_IRQHandler                           0x0001d119   Thumb Code     0  arm_startup_nrf51.o(.text)
    CCM_AAR_IRQHandler                       0x0001d119   Thumb Code     0  arm_startup_nrf51.o(.text)
    ECB_IRQHandler                           0x0001d119   Thumb Code     0  arm_startup_nrf51.o(.text)
    LPCOMP_IRQHandler                        0x0001d119   Thumb Code     0  arm_startup_nrf51.o(.text)
    POWER_CLOCK_IRQHandler                   0x0001d119   Thumb Code     0  arm_startup_nrf51.o(.text)
    QDEC_IRQHandler                          0x0001d119   Thumb Code     0  arm_startup_nrf51.o(.text)
    RADIO_IRQHandler                         0x0001d119   Thumb Code     0  arm_startup_nrf51.o(.text)
    RNG_IRQHandler                           0x0001d119   Thumb Code     0  arm_startup_nrf51.o(.text)
    RTC0_IRQHandler                          0x0001d119   Thumb Code     0  arm_startup_nrf51.o(.text)
    SPI0_TWI0_IRQHandler                     0x0001d119   Thumb Code     0  arm_startup_nrf51.o(.text)
    SPI1_TWI1_IRQHandler                     0x0001d119   Thumb Code     0  arm_startup_nrf51.o(.text)
    SWI1_IRQHandler                          0x0001d119   Thumb Code     0  arm_startup_nrf51.o(.text)
    SWI3_IRQHandler                          0x0001d119   Thumb Code     0  arm_startup_nrf51.o(.text)
    SWI4_IRQHandler                          0x0001d119   Thumb Code     0  arm_startup_nrf51.o(.text)
    SWI5_IRQHandler                          0x0001d119   Thumb Code     0  arm_startup_nrf51.o(.text)
    TEMP_IRQHandler                          0x0001d119   Thumb Code     0  arm_startup_nrf51.o(.text)
    TIMER0_IRQHandler                        0x0001d119   Thumb Code     0  arm_startup_nrf51.o(.text)
    TIMER1_IRQHandler                        0x0001d119   Thumb Code     0  arm_startup_nrf51.o(.text)
    TIMER2_IRQHandler                        0x0001d119   Thumb Code     0  arm_startup_nrf51.o(.text)
    WDT_IRQHandler                           0x0001d119   Thumb Code     0  arm_startup_nrf51.o(.text)
    __aeabi_uidiv                            0x0001d12d   Thumb Code     0  uidiv.o(.text)
    __aeabi_uidivmod                         0x0001d12d   Thumb Code    44  uidiv.o(.text)
    __aeabi_idiv                             0x0001d159   Thumb Code     0  idiv.o(.text)
    __aeabi_idivmod                          0x0001d159   Thumb Code    40  idiv.o(.text)
    __aeabi_memcpy                           0x0001d181   Thumb Code    36  memcpya.o(.text)
    __aeabi_memcpy4                          0x0001d181   Thumb Code     0  memcpya.o(.text)
    __aeabi_memcpy8                          0x0001d181   Thumb Code     0  memcpya.o(.text)
    __aeabi_memset                           0x0001d1a5   Thumb Code    14  memseta.o(.text)
    __aeabi_memset4                          0x0001d1a5   Thumb Code     0  memseta.o(.text)
    __aeabi_memset8                          0x0001d1a5   Thumb Code     0  memseta.o(.text)
    __aeabi_memclr                           0x0001d1b3   Thumb Code     4  memseta.o(.text)
    __aeabi_memclr4                          0x0001d1b3   Thumb Code     0  memseta.o(.text)
    __aeabi_memclr8                          0x0001d1b3   Thumb Code     0  memseta.o(.text)
    _memset$wrapper                          0x0001d1b7   Thumb Code    18  memseta.o(.text)
    memcmp                                   0x0001d1c9   Thumb Code    26  memcmp.o(.text)
    __scatterload                            0x0001d1e5   Thumb Code    28  init.o(.text)
    __scatterload_rt2                        0x0001d1e5   Thumb Code     0  init.o(.text)
    GPIOTE_IRQHandler                        0x0001d209   Thumb Code   234  nrf_drv_gpiote.o(i.GPIOTE_IRQHandler)
    RTC1_IRQHandler                          0x0001d355   Thumb Code    28  app_timer.o(i.RTC1_IRQHandler)
    SWI0_IRQHandler                          0x0001d375   Thumb Code    78  app_timer.o(i.SWI0_IRQHandler)
    SWI2_IRQHandler                          0x0001d3c9   Thumb Code    32  softdevice_handler.o(i.SWI2_IRQHandler)
    SystemInit                               0x0001d3ed   Thumb Code    64  system_nrf51.o(i.SystemInit)
    UART0_IRQHandler                         0x0001d441   Thumb Code   110  app_uart_fifo.o(i.UART0_IRQHandler)
    __0printf$3                              0x0001d4c1   Thumb Code    24  printf3.o(i.__0printf$3)
    __1printf$3                              0x0001d4c1   Thumb Code     0  printf3.o(i.__0printf$3)
    __2printf                                0x0001d4c1   Thumb Code     0  printf3.o(i.__0printf$3)
    __ARM_common_switch8                     0x0001d4e1   Thumb Code    26  bsp.o(i.__ARM_common_switch8)
    __scatterload_copy                       0x0001d4fb   Thumb Code    14  handlers.o(i.__scatterload_copy)
    __scatterload_null                       0x0001d509   Thumb Code     2  handlers.o(i.__scatterload_null)
    __scatterload_zeroinit                   0x0001d50b   Thumb Code    14  handlers.o(i.__scatterload_zeroinit)
    action_tx_stop                           0x0001d731   Thumb Code    26  app_uart_fifo.o(i.action_tx_stop)
    app_error_handler                        0x0001d7f9   Thumb Code    16  app_error.o(i.app_error_handler)
    app_fifo_get                             0x0001d81d   Thumb Code    34  app_fifo.o(i.app_fifo_get)
    app_fifo_init                            0x0001d83f   Thumb Code    36  app_fifo.o(i.app_fifo_init)
    app_fifo_put                             0x0001d863   Thumb Code    34  app_fifo.o(i.app_fifo_put)
    app_timer_create                         0x0001d8d1   Thumb Code    72  app_timer.o(i.app_timer_create)
    app_timer_init                           0x0001d91d   Thumb Code   164  app_timer.o(i.app_timer_init)
    app_timer_start                          0x0001d9d1   Thumb Code   122  app_timer.o(i.app_timer_start)
    app_timer_stop                           0x0001da55   Thumb Code    82  app_timer.o(i.app_timer_stop)
    app_uart_init                            0x0001daad   Thumb Code   354  app_uart_fifo.o(i.app_uart_init)
    app_uart_put                             0x0001dc41   Thumb Code    22  app_uart_fifo.o(i.app_uart_put)
    ble_bas_c_bl_notif_enable                0x0001dcb5   Thumb Code    68  ble_bas_c.o(i.ble_bas_c_bl_notif_enable)
    ble_bas_c_bl_read                        0x0001dd01   Thumb Code    42  ble_bas_c.o(i.ble_bas_c_bl_read)
    ble_bas_c_init                           0x0001dd35   Thumb Code    54  ble_bas_c.o(i.ble_bas_c_init)
    ble_bas_c_on_ble_evt                     0x0001dd79   Thumb Code    92  ble_bas_c.o(i.ble_bas_c_on_ble_evt)
    ble_db_discovery_evt_register            0x0001ddd5   Thumb Code    66  ble_db_discovery.o(i.ble_db_discovery_evt_register)
    ble_db_discovery_init                    0x0001de21   Thumb Code    18  ble_db_discovery.o(i.ble_db_discovery_init)
    ble_db_discovery_on_ble_evt              0x0001de39   Thumb Code   156  ble_db_discovery.o(i.ble_db_discovery_on_ble_evt)
    ble_db_discovery_start                   0x0001ded9   Thumb Code    86  ble_db_discovery.o(i.ble_db_discovery_start)
    ble_hrs_c_hrm_notif_enable               0x0001df71   Thumb Code    68  ble_hrs_c.o(i.ble_hrs_c_hrm_notif_enable)
    ble_hrs_c_init                           0x0001dfbd   Thumb Code    52  ble_hrs_c.o(i.ble_hrs_c_init)
    ble_hrs_c_on_ble_evt                     0x0001dffd   Thumb Code    84  ble_hrs_c.o(i.ble_hrs_c_on_ble_evt)
    bsp_btn_ble_init                         0x0001e0b9   Thumb Code    80  bsp_btn_ble.o(i.bsp_btn_ble_init)
    bsp_btn_ble_on_ble_evt                   0x0001e10d   Thumb Code   114  bsp_btn_ble.o(i.bsp_btn_ble_on_ble_evt)
    bsp_btn_ble_sleep_mode_prepare           0x0001e185   Thumb Code    20  bsp_btn_ble.o(i.bsp_btn_ble_sleep_mode_prepare)
    bsp_button_is_pressed                    0x0001e199   Thumb Code     6  bsp.o(i.bsp_button_is_pressed)
    bsp_event_handler                        0x0001e1a1   Thumb Code   124  main.o(i.bsp_event_handler)
    bsp_event_to_button_action_assign        0x0001e221   Thumb Code     4  bsp.o(i.bsp_event_to_button_action_assign)
    bsp_indication_set                       0x0001e225   Thumb Code    22  bsp.o(i.bsp_indication_set)
    bsp_init                                 0x0001e241   Thumb Code    56  bsp.o(i.bsp_init)
    bsp_wakeup_buttons_set                   0x0001e445   Thumb Code     4  bsp.o(i.bsp_wakeup_buttons_set)
    dm_ble_evt_handler                       0x0001ecd1   Thumb Code   860  device_manager_central.o(i.dm_ble_evt_handler)
    dm_handle_initialize                     0x0001f03d   Thumb Code    22  device_manager_central.o(i.dm_handle_initialize)
    dm_init                                  0x0001f059   Thumb Code   164  device_manager_central.o(i.dm_init)
    dm_register                              0x0001f299   Thumb Code    76  device_manager_central.o(i.dm_register)
    dm_security_setup_req                    0x0001f2f1   Thumb Code   180  device_manager_central.o(i.dm_security_setup_req)
    dm_whitelist_create                      0x0001f3b1   Thumb Code   162  device_manager_central.o(i.dm_whitelist_create)
    fputc                                    0x0001f5ad   Thumb Code    14  retarget.o(i.fputc)
    initiate_security_request                0x0001f7fd   Thumb Code    84  device_manager_central.o(i.initiate_security_request)
    intern_softdevice_events_execute         0x0001f855   Thumb Code   124  softdevice_handler.o(i.intern_softdevice_events_execute)
    main                                     0x0001fb4d   Thumb Code   252  main.o(i.main)
    nrf_drv_common_irq_enable                0x0001fcb5   Thumb Code    78  nrf_drv_common.o(i.nrf_drv_common_irq_enable)
    nrf_drv_gpiote_in_event_enable           0x0001fd15   Thumb Code   138  nrf_drv_gpiote.o(i.nrf_drv_gpiote_in_event_enable)
    nrf_drv_gpiote_in_init                   0x0001fdb5   Thumb Code   130  nrf_drv_gpiote.o(i.nrf_drv_gpiote_in_init)
    nrf_drv_gpiote_in_is_set                 0x0001fe49   Thumb Code    16  nrf_drv_gpiote.o(i.nrf_drv_gpiote_in_is_set)
    nrf_drv_gpiote_init                      0x0001fe5d   Thumb Code    76  nrf_drv_gpiote.o(i.nrf_drv_gpiote_init)
    nrf_drv_gpiote_is_init                   0x0001feb1   Thumb Code    12  nrf_drv_gpiote.o(i.nrf_drv_gpiote_is_init)
    nrf_drv_gpiote_out_init                  0x0001fec1   Thumb Code   130  nrf_drv_gpiote.o(i.nrf_drv_gpiote_out_init)
    pstorage_access_status_get               0x00020335   Thumb Code    30  pstorage.o(i.pstorage_access_status_get)
    pstorage_block_identifier_get            0x0002035d   Thumb Code    74  pstorage.o(i.pstorage_block_identifier_get)
    pstorage_clear                           0x000203b1   Thumb Code   156  pstorage.o(i.pstorage_clear)
    pstorage_init                            0x00020485   Thumb Code    68  pstorage.o(i.pstorage_init)
    pstorage_load                            0x000204d1   Thumb Code   158  pstorage.o(i.pstorage_load)
    pstorage_register                        0x00020579   Thumb Code   170  pstorage.o(i.pstorage_register)
    pstorage_store                           0x0002062d   Thumb Code   134  pstorage.o(i.pstorage_store)
    pstorage_sys_event_handler               0x000206bd   Thumb Code    72  pstorage.o(i.pstorage_sys_event_handler)
    pstorage_update                          0x00020709   Thumb Code   134  pstorage.o(i.pstorage_update)
    softdevice_assertion_handler             0x0002092d   Thumb Code    12  softdevice_handler.o(i.softdevice_assertion_handler)
    softdevice_ble_evt_handler_set           0x00020939   Thumb Code    16  softdevice_handler.o(i.softdevice_ble_evt_handler_set)
    softdevice_handler_init                  0x0002094d   Thumb Code    40  softdevice_handler.o(i.softdevice_handler_init)
    softdevice_sys_evt_handler_set           0x0002097d   Thumb Code    16  softdevice_handler.o(i.softdevice_sys_evt_handler_set)
    uart_error_handle                        0x00020da1   Thumb Code    24  main.o(i.uart_error_handle)
    m_context_init_len                       0x00020e58   Data           4  device_manager_central.o(.constdata)
    m_service_context_store                  0x00020e5c   Data          16  device_manager_central.o(.constdata)
    m_service_context_load                   0x00020e6c   Data          16  device_manager_central.o(.constdata)
    m_service_context_apply                  0x00020e7c   Data          16  device_manager_central.o(.constdata)
    Region$$Table$$Base                      0x00020ebc   Number         0  anon$$obj.o(Region$$Table)
    Region$$Table$$Limit                     0x00020edc   Number         0  anon$$obj.o(Region$$Table)
    SystemCoreClock                          0x20002828   Data           4  system_nrf51.o(.data)
    __stdout                                 0x200028b4   Data           4  retarget.o(.data)
    __initial_sp                             0x200038a0   Data           0  arm_startup_nrf51.o(STACK)



==============================================================================

Memory Map of the image

  Image Entry point : 0x0001d0c1

  Load Region LR_IROM1 (Base: 0x0001d000, Size: 0x00003fa8, Max: 0x00023000, ABSOLUTE)

    Execution Region ER_IROM1 (Base: 0x0001d000, Size: 0x00003edc, Max: 0x00023000, ABSOLUTE)

    Base Addr    Size         Type   Attr      Idx    E Section Name        Object

    0x0001d000   0x000000c0   Data   RO          404    RESET               arm_startup_nrf51.o
    0x0001d0c0   0x00000000   Code   RO         1929  * .ARM.Collect$$$$00000000  mc_p.l(entry.o)
    0x0001d0c0   0x00000004   Code   RO         2207    .ARM.Collect$$$$00000001  mc_p.l(entry2.o)
    0x0001d0c4   0x00000004   Code   RO         2210    .ARM.Collect$$$$00000004  mc_p.l(entry5.o)
    0x0001d0c8   0x00000000   Code   RO         2212    .ARM.Collect$$$$00000008  mc_p.l(entry7b.o)
    0x0001d0c8   0x00000000   Code   RO         2214    .ARM.Collect$$$$0000000A  mc_p.l(entry8b.o)
    0x0001d0c8   0x00000008   Code   RO         2215    .ARM.Collect$$$$0000000B  mc_p.l(entry9a.o)
    0x0001d0d0   0x00000000   Code   RO         2217    .ARM.Collect$$$$0000000D  mc_p.l(entry10a.o)
    0x0001d0d0   0x00000000   Code   RO         2219    .ARM.Collect$$$$0000000F  mc_p.l(entry11a.o)
    0x0001d0d0   0x00000004   Code   RO         2208    .ARM.Collect$$$$00002712  mc_p.l(entry2.o)
    0x0001d0d4   0x0000001e   Code   RO         1679    .emb_text           app_timer.o
    0x0001d0f2   0x00000002   PAD
    0x0001d0f4   0x00000038   Code   RO          405    .text               arm_startup_nrf51.o
    0x0001d12c   0x0000002c   Code   RO         1932    .text               mc_p.l(uidiv.o)
    0x0001d158   0x00000028   Code   RO         1934    .text               mc_p.l(idiv.o)
    0x0001d180   0x00000024   Code   RO         1936    .text               mc_p.l(memcpya.o)
    0x0001d1a4   0x00000024   Code   RO         1938    .text               mc_p.l(memseta.o)
    0x0001d1c8   0x0000001a   Code   RO         1942    .text               mc_p.l(memcmp.o)
    0x0001d1e2   0x00000002   PAD
    0x0001d1e4   0x00000024   Code   RO         2234    .text               mc_p.l(init.o)
    0x0001d208   0x00000108   Code   RO         1148    i.GPIOTE_IRQHandler  nrf_drv_gpiote.o
    0x0001d310   0x00000044   Code   RO         1680    i.NVIC_SetPriority  app_timer.o
    0x0001d354   0x00000020   Code   RO         1681    i.RTC1_IRQHandler   app_timer.o
    0x0001d374   0x00000054   Code   RO         1682    i.SWI0_IRQHandler   app_timer.o
    0x0001d3c8   0x00000024   Code   RO         1873    i.SWI2_IRQHandler   softdevice_handler.o
    0x0001d3ec   0x00000054   Code   RO          412    i.SystemInit        system_nrf51.o
    0x0001d440   0x00000080   Code   RO          988    i.UART0_IRQHandler  app_uart_fifo.o
    0x0001d4c0   0x00000020   Code   RO         2035    i.__0printf$3       mc_p.l(printf3.o)
    0x0001d4e0   0x0000001a   Code   RO          350    i.__ARM_common_switch8  bsp.o
    0x0001d4fa   0x0000000e   Code   RO         2248    i.__scatterload_copy  mc_p.l(handlers.o)
    0x0001d508   0x00000002   Code   RO         2249    i.__scatterload_null  mc_p.l(handlers.o)
    0x0001d50a   0x0000000e   Code   RO         2250    i.__scatterload_zeroinit  mc_p.l(handlers.o)
    0x0001d518   0x000001cc   Code   RO         2042    i._printf_core      mc_p.l(printf3.o)
    0x0001d6e4   0x0000004c   Code   RO          989    i.action_tx_send    app_uart_fifo.o
    0x0001d730   0x00000024   Code   RO          990    i.action_tx_stop    app_uart_fifo.o
    0x0001d754   0x00000020   Code   RO          991    i.action_uart_deactivate  app_uart_fifo.o
    0x0001d774   0x0000002e   Code   RO            3    i.adv_report_parse  main.o
    0x0001d7a2   0x0000003c   Code   RO          365    i.advertising_buttons_configure  bsp_btn_ble.o
    0x0001d7de   0x00000002   PAD
    0x0001d7e0   0x00000018   Code   RO          271    i.alert_timer_handler  bsp.o
    0x0001d7f8   0x00000018   Code   RO         1626    i.app_error_handler  app_error.o
    0x0001d810   0x0000000c   Code   RO          723    i.app_evt_notify    device_manager_central.o
    0x0001d81c   0x00000022   Code   RO         1648    i.app_fifo_get      app_fifo.o
    0x0001d83e   0x00000024   Code   RO         1649    i.app_fifo_init     app_fifo.o
    0x0001d862   0x00000022   Code   RO         1650    i.app_fifo_put      app_fifo.o
    0x0001d884   0x0000002c   Code   RO         1328    i.app_notify        pstorage.o
    0x0001d8b0   0x00000020   Code   RO         1329    i.app_notify_error_state_transit  pstorage.o
    0x0001d8d0   0x0000004c   Code   RO         1685    i.app_timer_create  app_timer.o
    0x0001d91c   0x000000b4   Code   RO         1686    i.app_timer_init    app_timer.o
    0x0001d9d0   0x00000084   Code   RO         1687    i.app_timer_start   app_timer.o
    0x0001da54   0x00000058   Code   RO         1688    i.app_timer_stop    app_timer.o
    0x0001daac   0x00000194   Code   RO          996    i.app_uart_init     app_uart_fifo.o
    0x0001dc40   0x0000001c   Code   RO          997    i.app_uart_put      app_uart_fifo.o
    0x0001dc5c   0x00000058   Code   RO            5    i.bas_c_evt_handler  main.o
    0x0001dcb4   0x0000004c   Code   RO          510    i.ble_bas_c_bl_notif_enable  ble_bas_c.o
    0x0001dd00   0x00000034   Code   RO          511    i.ble_bas_c_bl_read  ble_bas_c.o
    0x0001dd34   0x00000044   Code   RO          512    i.ble_bas_c_init    ble_bas_c.o
    0x0001dd78   0x0000005c   Code   RO          513    i.ble_bas_c_on_ble_evt  ble_bas_c.o
    0x0001ddd4   0x0000004c   Code   RO          554    i.ble_db_discovery_evt_register  ble_db_discovery.o
    0x0001de20   0x00000018   Code   RO          555    i.ble_db_discovery_init  ble_db_discovery.o
    0x0001de38   0x000000a0   Code   RO          556    i.ble_db_discovery_on_ble_evt  ble_db_discovery.o
    0x0001ded8   0x00000060   Code   RO          557    i.ble_db_discovery_start  ble_db_discovery.o
    0x0001df38   0x00000038   Code   RO            6    i.ble_evt_dispatch  main.o
    0x0001df70   0x0000004c   Code   RO          652    i.ble_hrs_c_hrm_notif_enable  ble_hrs_c.o
    0x0001dfbc   0x00000040   Code   RO          653    i.ble_hrs_c_init    ble_hrs_c.o
    0x0001dffc   0x00000054   Code   RO          654    i.ble_hrs_c_on_ble_evt  ble_hrs_c.o
    0x0001e050   0x00000068   Code   RO            7    i.ble_stack_init    main.o
    0x0001e0b8   0x00000054   Code   RO          366    i.bsp_btn_ble_init  bsp_btn_ble.o
    0x0001e10c   0x00000078   Code   RO          367    i.bsp_btn_ble_on_ble_evt  bsp_btn_ble.o
    0x0001e184   0x00000014   Code   RO          368    i.bsp_btn_ble_sleep_mode_prepare  bsp_btn_ble.o
    0x0001e198   0x00000006   Code   RO          272    i.bsp_button_is_pressed  bsp.o
    0x0001e19e   0x00000002   PAD
    0x0001e1a0   0x00000080   Code   RO            8    i.bsp_event_handler  main.o
    0x0001e220   0x00000004   Code   RO          276    i.bsp_event_to_button_action_assign  bsp.o
    0x0001e224   0x0000001c   Code   RO          277    i.bsp_indication_set  bsp.o
    0x0001e240   0x00000048   Code   RO          279    i.bsp_init          bsp.o
    0x0001e288   0x000001bc   Code   RO          280    i.bsp_led_indication  bsp.o
    0x0001e444   0x00000004   Code   RO          281    i.bsp_wakeup_buttons_set  bsp.o
    0x0001e448   0x0000001c   Code   RO         1149    i.channel_free      nrf_drv_gpiote.o
    0x0001e464   0x00000048   Code   RO         1150    i.channel_port_alloc  nrf_drv_gpiote.o
    0x0001e4ac   0x00000010   Code   RO         1151    i.channel_port_get  nrf_drv_gpiote.o
    0x0001e4bc   0x00000038   Code   RO          558    i.characteristics_discover  ble_db_discovery.o
    0x0001e4f4   0x00000104   Code   RO         1330    i.clear_operation_execute  pstorage.o
    0x0001e5f8   0x00000024   Code   RO         1331    i.clear_post_processing_run  pstorage.o
    0x0001e61c   0x00000038   Code   RO         1332    i.cmd_process       pstorage.o
    0x0001e654   0x00000020   Code   RO         1333    i.cmd_queue_element_init  pstorage.o
    0x0001e674   0x0000004c   Code   RO         1334    i.cmd_queue_enqueue  pstorage.o
    0x0001e6c0   0x0000003c   Code   RO         1335    i.command_end_procedure_run  pstorage.o
    0x0001e6fc   0x000000a4   Code   RO         1690    i.compare_reg_update  app_timer.o
    0x0001e7a0   0x00000030   Code   RO          724    i.connection_instance_find  device_manager_central.o
    0x0001e7d0   0x00000024   Code   RO          725    i.connection_instance_init  device_manager_central.o
    0x0001e7f4   0x00000054   Code   RO         1336    i.data_page_erase_state_run  pstorage.o
    0x0001e848   0x00000028   Code   RO         1337    i.data_to_swap_write_state_run  pstorage.o
    0x0001e870   0x00000064   Code   RO          655    i.db_discover_evt_handler  ble_hrs_c.o
    0x0001e8d4   0x00000064   Code   RO          514    i.db_discovery_evt_handler  ble_bas_c.o
    0x0001e938   0x00000084   Code   RO          559    i.descriptors_discover  ble_db_discovery.o
    0x0001e9bc   0x000000b0   Code   RO          726    i.device_context_store  device_manager_central.o
    0x0001ea6c   0x00000054   Code   RO          727    i.device_instance_allocate  device_manager_central.o
    0x0001eac0   0x000000d4   Code   RO            9    i.device_manager_event_handler  main.o
    0x0001eb94   0x00000080   Code   RO           10    i.device_manager_init  main.o
    0x0001ec14   0x0000006c   Code   RO          560    i.discovery_complete_evt_trigger  ble_db_discovery.o
    0x0001ec80   0x00000050   Code   RO          561    i.discovery_error_evt_trigger  ble_db_discovery.o
    0x0001ecd0   0x0000036c   Code   RO          733    i.dm_ble_evt_handler  device_manager_central.o
    0x0001f03c   0x0000001c   Code   RO          738    i.dm_handle_initialize  device_manager_central.o
    0x0001f058   0x000000b4   Code   RO          739    i.dm_init           device_manager_central.o
    0x0001f10c   0x0000018c   Code   RO          742    i.dm_pstorage_cb_handler  device_manager_central.o
    0x0001f298   0x00000058   Code   RO          743    i.dm_register       device_manager_central.o
    0x0001f2f0   0x000000c0   Code   RO          744    i.dm_security_setup_req  device_manager_central.o
    0x0001f3b0   0x000000b0   Code   RO          749    i.dm_whitelist_create  device_manager_central.o
    0x0001f460   0x00000040   Code   RO         1691    i.elapsed_ticks_acquire  app_timer.o
    0x0001f4a0   0x00000058   Code   RO         1692    i.expired_timers_handler  app_timer.o
    0x0001f4f8   0x00000020   Code   RO         1338    i.flash_api_err_code_process  pstorage.o
    0x0001f518   0x00000080   Code   RO         1339    i.flash_operation_success_run  pstorage.o
    0x0001f598   0x0000000a   Code   RO         1340    i.flash_page_erase  pstorage.o
    0x0001f5a2   0x0000000a   Code   RO         1341    i.flash_write       pstorage.o
    0x0001f5ac   0x0000000e   Code   RO         1840    i.fputc             retarget.o
    0x0001f5ba   0x00000004   Code   RO          750    i.gattc_context_apply  device_manager_central.o
    0x0001f5be   0x00000004   Code   RO          751    i.gattc_context_load  device_manager_central.o
    0x0001f5c2   0x00000004   Code   RO          752    i.gattc_context_store  device_manager_central.o
    0x0001f5c6   0x00000002   PAD
    0x0001f5c8   0x00000040   Code   RO          753    i.gatts_context_apply  device_manager_central.o
    0x0001f608   0x00000030   Code   RO          754    i.gatts_context_load  device_manager_central.o
    0x0001f638   0x0000009c   Code   RO          755    i.gatts_context_store  device_manager_central.o
    0x0001f6d4   0x00000008   Code   RO          756    i.gattsc_context_apply  device_manager_central.o
    0x0001f6dc   0x00000008   Code   RO          757    i.gattsc_context_load  device_manager_central.o
    0x0001f6e4   0x00000008   Code   RO          758    i.gattsc_context_store  device_manager_central.o
    0x0001f6ec   0x00000016   Code   RO          998    i.gpiote_uart_event_handler  app_uart_fifo.o
    0x0001f702   0x00000002   PAD
    0x0001f704   0x00000078   Code   RO         1342    i.head_restore_state_run  pstorage.o
    0x0001f77c   0x00000080   Code   RO           11    i.hrs_c_evt_handler  main.o
    0x0001f7fc   0x00000058   Code   RO          759    i.initiate_security_request  device_manager_central.o
    0x0001f854   0x00000080   Code   RO         1874    i.intern_softdevice_events_execute  softdevice_handler.o
    0x0001f8d4   0x00000042   Code   RO          562    i.is_desc_discovery_reqd  ble_db_discovery.o
    0x0001f916   0x00000002   PAD
    0x0001f918   0x00000048   Code   RO          413    i.is_manual_peripheral_setup_needed  system_nrf51.o
    0x0001f960   0x00000044   Code   RO         1343    i.is_page_erase_required  pstorage.o
    0x0001f9a4   0x0000000c   Code   RO         1344    i.is_word_aligned   pstorage.o
    0x0001f9b0   0x00000018   Code   RO          282    i.leds_timer_handler  bsp.o
    0x0001f9c8   0x00000094   Code   RO         1693    i.list_deletions_handler  app_timer.o
    0x0001fa5c   0x000000f0   Code   RO         1694    i.list_insertions_handler  app_timer.o
    0x0001fb4c   0x00000144   Code   RO           12    i.main              main.o
    0x0001fc90   0x00000018   Code   RO         1345    i.main_state_err_busy_process  pstorage.o
    0x0001fca8   0x00000004   Code   RO          760    i.no_service_context_apply  device_manager_central.o
    0x0001fcac   0x00000004   Code   RO          761    i.no_service_context_load  device_manager_central.o
    0x0001fcb0   0x00000004   Code   RO          762    i.no_service_context_store  device_manager_central.o
    0x0001fcb4   0x00000060   Code   RO         1122    i.nrf_drv_common_irq_enable  nrf_drv_common.o
    0x0001fd14   0x000000a0   Code   RO         1154    i.nrf_drv_gpiote_in_event_enable  nrf_drv_gpiote.o
    0x0001fdb4   0x00000094   Code   RO         1155    i.nrf_drv_gpiote_in_init  nrf_drv_gpiote.o
    0x0001fe48   0x00000014   Code   RO         1156    i.nrf_drv_gpiote_in_is_set  nrf_drv_gpiote.o
    0x0001fe5c   0x00000054   Code   RO         1158    i.nrf_drv_gpiote_init  nrf_drv_gpiote.o
    0x0001feb0   0x00000010   Code   RO         1159    i.nrf_drv_gpiote_is_init  nrf_drv_gpiote.o
    0x0001fec0   0x00000098   Code   RO         1161    i.nrf_drv_gpiote_out_init  nrf_drv_gpiote.o
    0x0001ff58   0x00000020   Code   RO         1171    i.nrf_gpio_cfg_sense_set  nrf_drv_gpiote.o
    0x0001ff78   0x00000014   Code   RO         1172    i.nrf_gpiote_event_is_set  nrf_drv_gpiote.o
    0x0001ff8c   0x000000c0   Code   RO           13    i.on_ble_evt        main.o
    0x0002004c   0x000000cc   Code   RO          563    i.on_characteristic_discovery_rsp  ble_db_discovery.o
    0x00020118   0x000000a0   Code   RO          564    i.on_descriptor_discovery_rsp  ble_db_discovery.o
    0x000201b8   0x0000005c   Code   RO          565    i.on_srv_disc_completion  ble_db_discovery.o
    0x00020214   0x00000088   Code   RO          999    i.on_uart_event     app_uart_fifo.o
    0x0002029c   0x0000003c   Code   RO          763    i.peer_instance_init  device_manager_central.o
    0x000202d8   0x0000002c   Code   RO          566    i.pending_user_evts_send  ble_db_discovery.o
    0x00020304   0x00000018   Code   RO         1173    i.pin_in_use_by_port  nrf_drv_gpiote.o
    0x0002031c   0x00000018   Code   RO         1174    i.pin_in_use_by_te  nrf_drv_gpiote.o
    0x00020334   0x00000028   Code   RO         1346    i.pstorage_access_status_get  pstorage.o
    0x0002035c   0x00000054   Code   RO         1347    i.pstorage_block_identifier_get  pstorage.o
    0x000203b0   0x000000a4   Code   RO         1348    i.pstorage_clear    pstorage.o
    0x00020454   0x00000024   Code   RO         1349    i.pstorage_flash_page_end  pstorage.o
    0x00020478   0x0000000a   Code   RO         1350    i.pstorage_flash_page_size  pstorage.o
    0x00020482   0x00000002   PAD
    0x00020484   0x0000004c   Code   RO         1351    i.pstorage_init     pstorage.o
    0x000204d0   0x000000a8   Code   RO         1352    i.pstorage_load     pstorage.o
    0x00020578   0x000000b4   Code   RO         1353    i.pstorage_register  pstorage.o
    0x0002062c   0x00000090   Code   RO         1354    i.pstorage_store    pstorage.o
    0x000206bc   0x0000004c   Code   RO         1355    i.pstorage_sys_event_handler  pstorage.o
    0x00020708   0x00000090   Code   RO         1356    i.pstorage_update   pstorage.o
    0x00020798   0x0000003c   Code   RO          567    i.registered_handler_get  ble_db_discovery.o
    0x000207d4   0x00000044   Code   RO         1695    i.rtc1_stop         app_timer.o
    0x00020818   0x000000cc   Code   RO           14    i.scan_start        main.o
    0x000208e4   0x00000048   Code   RO         1357    i.sm_state_change   pstorage.o
    0x0002092c   0x0000000c   Code   RO         1875    i.softdevice_assertion_handler  softdevice_handler.o
    0x00020938   0x00000014   Code   RO         1876    i.softdevice_ble_evt_handler_set  softdevice_handler.o
    0x0002094c   0x00000030   Code   RO         1877    i.softdevice_handler_init  softdevice_handler.o
    0x0002097c   0x00000014   Code   RO         1879    i.softdevice_sys_evt_handler_set  softdevice_handler.o
    0x00020990   0x00000064   Code   RO         1358    i.state_data_erase_swap_entry_run  pstorage.o
    0x000209f4   0x00000010   Code   RO         1359    i.state_erase_data_page_entry_run  pstorage.o
    0x00020a04   0x00000028   Code   RO         1360    i.state_restore_head_entry_run  pstorage.o
    0x00020a2c   0x0000004c   Code   RO         1361    i.state_restore_tail_entry_run  pstorage.o
    0x00020a78   0x00000020   Code   RO         1362    i.state_swap_erase_entry_run  pstorage.o
    0x00020a98   0x00000030   Code   RO         1363    i.state_write_data_swap_entry_run  pstorage.o
    0x00020ac8   0x00000004   Code   RO          764    i.storage_operation_dummy_handler  device_manager_central.o
    0x00020acc   0x0000005c   Code   RO         1364    i.store_cmd_flash_write_execute  pstorage.o
    0x00020b28   0x0000001c   Code   RO         1365    i.swap_erase_state_run  pstorage.o
    0x00020b44   0x00000018   Code   RO         1366    i.swap_sub_state_err_busy_process  pstorage.o
    0x00020b5c   0x00000014   Code   RO         1367    i.swap_sub_state_state_change  pstorage.o
    0x00020b70   0x00000028   Code   RO           15    i.sys_evt_dispatch  main.o
    0x00020b98   0x0000001c   Code   RO         1368    i.tail_restore_state_run  pstorage.o
    0x00020bb4   0x00000010   Code   RO         1696    i.timer_list_handler_sched  app_timer.o
    0x00020bc4   0x00000064   Code   RO         1697    i.timer_list_insert  app_timer.o
    0x00020c28   0x00000070   Code   RO         1698    i.timer_list_remove  app_timer.o
    0x00020c98   0x00000080   Code   RO         1699    i.timer_timeouts_check  app_timer.o
    0x00020d18   0x00000044   Code   RO          515    i.tx_buffer_process  ble_bas_c.o
    0x00020d5c   0x00000044   Code   RO          656    i.tx_buffer_process  ble_hrs_c.o
    0x00020da0   0x00000018   Code   RO           16    i.uart_error_handle  main.o
    0x00020db8   0x00000014   Code   RO          765    i.update_status_bit_reset  device_manager_central.o
    0x00020dcc   0x00000054   Code   RO         1700    i.user_id_get       app_timer.o
    0x00020e20   0x00000024   Code   RO         1701    i.user_op_alloc     app_timer.o
    0x00020e44   0x00000014   Data   RO           18    .constdata          main.o
    0x00020e58   0x00000034   Data   RO          767    .constdata          device_manager_central.o
    0x00020e8c   0x00000008   Data   RO         1001    .constdata          app_uart_fifo.o
    0x00020e94   0x00000028   Data   RO         1370    .constdata          pstorage.o
    0x00020ebc   0x00000020   Data   RO         2246    Region$$Table       anon$$obj.o


    Execution Region RW_IRAM1 (Base: 0x20002800, Size: 0x000010a0, Max: 0x00005800, ABSOLUTE)

    Base Addr    Size         Type   Attr      Idx    E Section Name        Object

    0x20002800   0x0000000c   Data   RW           19    .data               main.o
    0x2000280c   0x00000014   Data   RW          283    .data               bsp.o
    0x20002820   0x00000008   Data   RW          369    .data               bsp_btn_ble.o
    0x20002828   0x00000004   Data   RW          414    .data               system_nrf51.o
    0x2000282c   0x0000000c   Data   RW          517    .data               ble_bas_c.o
    0x20002838   0x00000010   Data   RW          569    .data               ble_db_discovery.o
    0x20002848   0x0000000c   Data   RW          658    .data               ble_hrs_c.o
    0x20002854   0x00000010   Data   RW          768    .data               device_manager_central.o
    0x20002864   0x00000008   Data   RW         1002    .data               app_uart_fifo.o
    0x2000286c   0x00000024   Data   RW         1371    .data               pstorage.o
    0x20002890   0x00000024   Data   RW         1702    .data               app_timer.o
    0x200028b4   0x00000004   Data   RW         1841    .data               retarget.o
    0x200028b8   0x00000014   Data   RW         1880    .data               softdevice_handler.o
    0x200028cc   0x000003ac   Zero   RW           17    .bss                main.o
    0x20002c78   0x000000a0   Zero   RW          516    .bss                ble_bas_c.o
    0x20002d18   0x00000080   Zero   RW          568    .bss                ble_db_discovery.o
    0x20002d98   0x000000a0   Zero   RW          657    .bss                ble_hrs_c.o
    0x20002e38   0x0000011b   Zero   RW          766    .bss                device_manager_central.o
    0x20002f53   0x00000001   PAD
    0x20002f54   0x00000020   Zero   RW         1000    .bss                app_uart_fifo.o
    0x20002f74   0x00000050   Zero   RW         1175    .bss                nrf_drv_gpiote.o
    0x20002fc4   0x000000d8   Zero   RW         1369    .bss                pstorage.o
    0x2000309c   0x00000004   PAD
    0x200030a0   0x00000800   Zero   RW          402    STACK               arm_startup_nrf51.o


==============================================================================

Image component sizes


      Code (inc. data)   RO Data    RW Data    ZI Data      Debug   Object Name

        24          8          0          0          0       6804   app_error.o
       104          0          0          0          0       2566   app_fifo.o
      1938        160          0         36          0      25859   app_timer.o
       862        142          8          8         32      20739   app_uart_fifo.o
        56         18        192          0       2048        700   arm_startup_nrf51.o
       456         54          0         12        160       6124   ble_bas_c.o
      1358         78          0         16        128      12631   ble_db_discovery.o
       392         44          0         12        160       7097   ble_hrs_c.o
       632         66          0         20          0       6381   bsp.o
       284         10          0          8          0       4293   bsp_btn_ble.o
      2780        190         52         16        283      29010   device_manager_central.o
      1674        226         20         12        940      85359   main.o
        96         18          0          0          0       1472   nrf_drv_common.o
      1060        146          0          0         80      19782   nrf_drv_gpiote.o
      2822        264         40         36        216      33374   pstorage.o
        14          0          0          4          0       2422   retarget.o
       264         24          0         20          0       5800   softdevice_handler.o
       156         26          0          4          0       2103   system_nrf51.o

    ----------------------------------------------------------------------
     14986       1474        344        204       4052     272516   Object Totals
         0          0         32          0          0          0   (incl. Generated)
        14          0          0          0          5          0   (incl. Padding)

    ----------------------------------------------------------------------

      Code (inc. data)   RO Data    RW Data    ZI Data      Debug   Library Member Name

         0          0          0          0          0          0   entry.o
         0          0          0          0          0          0   entry10a.o
         0          0          0          0          0          0   entry11a.o
         8          4          0          0          0          0   entry2.o
         4          0          0          0          0          0   entry5.o
         0          0          0          0          0          0   entry7b.o
         0          0          0          0          0          0   entry8b.o
         8          4          0          0          0          0   entry9a.o
        30          0          0          0          0          0   handlers.o
        40          0          0          0          0         72   idiv.o
        36          8          0          0          0         68   init.o
        26          0          0          0          0         72   memcmp.o
        36          0          0          0          0         60   memcpya.o
        36          0          0          0          0        100   memseta.o
       492         12          0          0          0        168   printf3.o
        44          0          0          0          0         72   uidiv.o

    ----------------------------------------------------------------------
       762         28          0          0          0        612   Library Totals
         2          0          0          0          0          0   (incl. Padding)

    ----------------------------------------------------------------------

      Code (inc. data)   RO Data    RW Data    ZI Data      Debug   Library Name

       760         28          0          0          0        612   mc_p.l

    ----------------------------------------------------------------------
       762         28          0          0          0        612   Library Totals

    ----------------------------------------------------------------------

==============================================================================


      Code (inc. data)   RO Data    RW Data    ZI Data      Debug   

     15748       1502        344        204       4052     265440   Grand Totals
     15748       1502        344        204       4052     265440   ELF Image Totals
     15748       1502        344        204          0          0   ROM Totals

==============================================================================

    Total RO  Size (Code + RO Data)                16092 (  15.71kB)
    Total RW  Size (RW Data + ZI Data)              4256 (   4.16kB)
    Total ROM Size (Code + RO Data + RW Data)      16296 (  15.91kB)

==============================================================================

