ARM Linker, 5.03 [Build 76] [MDK-ARM Standard]

==============================================================================

Section Cross References

    system_task.o(i.task_free) refers to os.o(i.os_get_current_taskid) for os_get_current_taskid
    system_task.o(i.task_free) refers to os.o(i.task_ticks_inc) for task_ticks_inc
    system_task.o(i.task_system) refers to os.o(i.os_get_current_taskid) for os_get_current_taskid
    system_task.o(i.task_system) refers to os.o(i.os_get_taskstate) for os_get_taskstate
    system_task.o(i.task_system) refers to message.o(i.get_message) for get_message
    system_task.o(i.task_system) refers to ble_bas_c.o(i.tx_buffer_process) for tx_buffer_process
    system_task.o(i.task_system) refers to message.o(i.delete_message) for delete_message
    system_task.o(i.task_system) refers to os.o(i.task_ticks_inc) for task_ticks_inc
    system_task.o(i.task_system) refers to system_task.o(.data) for .data
    system_task.o(i.task_system_init) refers to os.o(i.os_get_current_taskid) for os_get_current_taskid
    system_task.o(i.task_system_init) refers to hal_timer.o(i.os_timer_period) for os_timer_period
    system_task.o(i.task_system_init) refers to lx_heap.o(i.lx_malloc) for lx_malloc
    system_task.o(i.task_system_init) refers to event_hal.o(i.init_event_hal_manager) for init_event_hal_manager
    system_task.o(i.task_system_init) refers to lx_heap.o(i.lx_free) for lx_free
    system_task.o(i.task_system_init) refers to system_task.o(.data) for .data
    system_task.o(.constdata) refers to system_task.o(i.task_system) for task_system
    system_task.o(.constdata) refers to system_task.o(i.task_free) for task_free
    system_task.o(.constdata) refers to system_task.o(i.task_system_init) for task_system_init
    system_task.o(.constdata) refers to system_task.o(i.task_free_init) for task_free_init
    main.o(i.assert_nrf_callback) refers to app_error.o(i.app_error_handler) for app_error_handler
    main.o(i.ble_evt_dispatch) refers to device_manager_central.o(i.dm_ble_evt_handler) for dm_ble_evt_handler
    main.o(i.ble_evt_dispatch) refers to ble_db_discovery.o(i.ble_db_discovery_on_ble_evt) for ble_db_discovery_on_ble_evt
    main.o(i.ble_evt_dispatch) refers to ble_hrs_c.o(i.ble_hrs_c_on_ble_evt) for ble_hrs_c_on_ble_evt
    main.o(i.ble_evt_dispatch) refers to bsp_btn_ble.o(i.bsp_btn_ble_on_ble_evt) for bsp_btn_ble_on_ble_evt
    main.o(i.ble_evt_dispatch) refers to main.o(i.on_ble_evt) for on_ble_evt
    main.o(i.ble_evt_dispatch) refers to main.o(.bss) for .bss
    main.o(i.ble_stack_init) refers to softdevice_handler.o(i.softdevice_handler_init) for softdevice_handler_init
    main.o(i.ble_stack_init) refers to app_error.o(i.app_error_handler) for app_error_handler
    main.o(i.ble_stack_init) refers to softdevice_handler.o(i.softdevice_ble_evt_handler_set) for softdevice_ble_evt_handler_set
    main.o(i.ble_stack_init) refers to softdevice_handler.o(i.softdevice_sys_evt_handler_set) for softdevice_sys_evt_handler_set
    main.o(i.ble_stack_init) refers to main.o(.bss) for .bss
    main.o(i.ble_stack_init) refers to main.o(i.ble_evt_dispatch) for ble_evt_dispatch
    main.o(i.ble_stack_init) refers to main.o(i.sys_evt_dispatch) for sys_evt_dispatch
    main.o(i.bsp_event_handler) refers to bsp.o(i.bsp_indication_set) for bsp_indication_set
    main.o(i.bsp_event_handler) refers to app_error.o(i.app_error_handler) for app_error_handler
    main.o(i.bsp_event_handler) refers to bsp_btn_ble.o(i.bsp_btn_ble_sleep_mode_prepare) for bsp_btn_ble_sleep_mode_prepare
    main.o(i.bsp_event_handler) refers to main.o(i.scan_start) for scan_start
    main.o(i.bsp_event_handler) refers to main.o(.data) for .data
    main.o(i.device_manager_event_handler) refers to printf8.o(i.__0printf$8) for __2printf
    main.o(i.device_manager_event_handler) refers to bsp.o(i.bsp_indication_set) for bsp_indication_set
    main.o(i.device_manager_event_handler) refers to app_error.o(i.app_error_handler) for app_error_handler
    main.o(i.device_manager_event_handler) refers to memmovea.o(.text) for __aeabi_memcpy
    main.o(i.device_manager_event_handler) refers to ble_db_discovery.o(i.ble_db_discovery_start) for ble_db_discovery_start
    main.o(i.device_manager_event_handler) refers to main.o(i.scan_start) for scan_start
    main.o(i.device_manager_event_handler) refers to memseta.o(.text) for __aeabi_memclr
    main.o(i.device_manager_event_handler) refers to device_manager_central.o(i.dm_security_setup_req) for dm_security_setup_req
    main.o(i.device_manager_event_handler) refers to ble_hrs_c.o(i.ble_hrs_c_hrm_notif_enable) for ble_hrs_c_hrm_notif_enable
    main.o(i.device_manager_event_handler) refers to main.o(.data) for .data
    main.o(i.device_manager_event_handler) refers to main.o(.constdata) for .constdata
    main.o(i.device_manager_event_handler) refers to main.o(.bss) for .bss
    main.o(i.device_manager_init) refers to pstorage.o(i.pstorage_init) for pstorage_init
[...]
    i.state_restore_head_entry_run           0x0002387c   Section        0  pstorage.o(i.state_restore_head_entry_run)
    state_restore_head_entry_run             0x0002387d   Thumb Code    36  pstorage.o(i.state_restore_head_entry_run)
    i.state_restore_tail_entry_run           0x000238a4   Section        0  pstorage.o(i.state_restore_tail_entry_run)
    state_restore_tail_entry_run             0x000238a5   Thumb Code    66  pstorage.o(i.state_restore_tail_entry_run)
    i.state_swap_erase_entry_run             0x000238f0   Section        0  pstorage.o(i.state_swap_erase_entry_run)
    state_swap_erase_entry_run               0x000238f1   Thumb Code    32  pstorage.o(i.state_swap_erase_entry_run)
    i.state_write_data_swap_entry_run        0x00023910   Section        0  pstorage.o(i.state_write_data_swap_entry_run)
    state_write_data_swap_entry_run          0x00023911   Thumb Code    42  pstorage.o(i.state_write_data_swap_entry_run)
    i.storage_operation_dummy_handler        0x00023940   Section        0  device_manager_central.o(i.storage_operation_dummy_handler)
    storage_operation_dummy_handler          0x00023941   Thumb Code     4  device_manager_central.o(i.storage_operation_dummy_handler)
    i.store_cmd_flash_write_execute          0x00023944   Section        0  pstorage.o(i.store_cmd_flash_write_execute)
    store_cmd_flash_write_execute            0x00023945   Thumb Code    82  pstorage.o(i.store_cmd_flash_write_execute)
    i.swap_erase_state_run                   0x000239a0   Section        0  pstorage.o(i.swap_erase_state_run)
    swap_erase_state_run                     0x000239a1   Thumb Code    24  pstorage.o(i.swap_erase_state_run)
    i.swap_sub_state_err_busy_process        0x000239bc   Section        0  pstorage.o(i.swap_sub_state_err_busy_process)
    swap_sub_state_err_busy_process          0x000239bd   Thumb Code    20  pstorage.o(i.swap_sub_state_err_busy_process)
    i.swap_sub_state_state_change            0x000239d4   Section        0  pstorage.o(i.swap_sub_state_state_change)
    swap_sub_state_state_change              0x000239d5   Thumb Code    12  pstorage.o(i.swap_sub_state_state_change)
    i.sys_evt_dispatch                       0x000239e8   Section        0  main.o(i.sys_evt_dispatch)
    sys_evt_dispatch                         0x000239e9   Thumb Code    34  main.o(i.sys_evt_dispatch)
    i.systick_process                        0x00023a10   Section        0  os.o(i.systick_process)
    systick_process                          0x00023a11   Thumb Code    16  os.o(i.systick_process)
    i.tail_restore_state_run                 0x00023a24   Section        0  pstorage.o(i.tail_restore_state_run)
    tail_restore_state_run                   0x00023a25   Thumb Code    22  pstorage.o(i.tail_restore_state_run)
    i.task_free                              0x00023a40   Section        0  system_task.o(i.task_free)
    i.task_free_init                         0x00023a4e   Section        0  system_task.o(i.task_free_init)
    i.task_system                            0x00023a50   Section        0  system_task.o(i.task_system)
    task_system                              0x00023a51   Thumb Code   138  system_task.o(i.task_system)
    i.task_system_init                       0x00023ae4   Section        0  system_task.o(i.task_system_init)
    task_system_init                         0x00023ae5   Thumb Code    56  system_task.o(i.task_system_init)
    i.task_ticks_inc                         0x00023b20   Section        0  os.o(i.task_ticks_inc)
    i.timer_list_handler_sched               0x00023b38   Section        0  app_timer.o(i.timer_list_handler_sched)
    timer_list_handler_sched                 0x00023b39   Thumb Code    10  app_timer.o(i.timer_list_handler_sched)
    i.timer_list_insert                      0x00023b48   Section        0  app_timer.o(i.timer_list_insert)
    timer_list_insert                        0x00023b49   Thumb Code    94  app_timer.o(i.timer_list_insert)
    i.timer_list_remove                      0x00023bac   Section        0  app_timer.o(i.timer_list_remove)
    timer_list_remove                        0x00023bad   Thumb Code   104  app_timer.o(i.timer_list_remove)
    i.timer_process                          0x00023c1c   Section        0  hal_timer.o(i.timer_process)
    i.timer_timeouts_check                   0x00023c80   Section        0  app_timer.o(i.timer_timeouts_check)
    timer_timeouts_check                     0x00023c81   Thumb Code   118  app_timer.o(i.timer_timeouts_check)
    i.tx_buffer_process                      0x00023d04   Section        0  ble_bas_c.o(i.tx_buffer_process)
    i.tx_buffer_process                      0x00023d88   Section        0  ble_hrs_c.o(i.tx_buffer_process)
    tx_buffer_process                        0x00023d89   Thumb Code    90  ble_hrs_c.o(i.tx_buffer_process)
    i.tx_send                                0x00023e34   Section        0  ble_hrs_c.o(i.tx_send)
    i.uart_error_handle                      0x00023ee0   Section        0  main.o(i.uart_error_handle)
    i.update_status_bit_reset                0x00023ef8   Section        0  device_manager_central.o(i.update_status_bit_reset)
    update_status_bit_reset                  0x00023ef9   Thumb Code    14  device_manager_central.o(i.update_status_bit_reset)
    i.user_id_get                            0x00023f0c   Section        0  app_timer.o(i.user_id_get)
    user_id_get                              0x00023f0d   Thumb Code    74  app_timer.o(i.user_id_get)
    i.user_op_alloc                          0x00023f60   Section        0  app_timer.o(i.user_op_alloc)
    user_op_alloc                            0x00023f61   Thumb Code    36  app_timer.o(i.user_op_alloc)
    .constdata                               0x00023f84   Section        8  system_task.o(.constdata)
    .constdata                               0x00023f8c   Section        8  system_task.o(.constdata)
    .constdata                               0x00023f94   Section       85  main.o(.constdata)
    m_connection_param                       0x00023f94   Data           8  main.o(.constdata)
    .constdata                               0x00023fe9   Section      182  cling_comm_logic_link.o(.constdata)
    __FUNCTION__                             0x00023fe9   Data          23  cling_comm_logic_link.o(.constdata)
    __FUNCTION__                             0x00024000   Data          50  cling_comm_logic_link.o(.constdata)
    __FUNCTION__                             0x00024032   Data          31  cling_comm_logic_link.o(.constdata)
    __FUNCTION__                             0x00024051   Data          41  cling_comm_logic_link.o(.constdata)
    __FUNCTION__                             0x0002407a   Data          37  cling_comm_logic_link.o(.constdata)
    .constdata                               0x000240a0   Section       67  cling_comm_mac.o(.constdata)
    .constdata                               0x000240e4   Section       48  bsp.o(.constdata)
    m_buttons_list                           0x000240e4   Data          16  bsp.o(.constdata)
    app_buttons                              0x000240f4   Data          32  bsp.o(.constdata)
    .constdata                               0x00024114   Section      186  ble_bas_c.o(.constdata)
    __FUNCTION__                             0x00024114   Data          21  ble_bas_c.o(.constdata)
    .constdata                               0x000241d0   Section      264  ble_db_discovery.o(.constdata)
    .constdata                               0x000242d8   Section      266  ble_hrs_c.o(.constdata)
    __FUNCTION__                             0x000242d8   Data           7  ble_hrs_c.o(.constdata)
    __FUNCTION__                             0x000242df   Data           8  ble_hrs_c.o(.constdata)
    __FUNCTION__                             0x000242e7   Data          13  ble_hrs_c.o(.constdata)
    __FUNCTION__                             0x000242f4   Data          24  ble_hrs_c.o(.constdata)
    __FUNCTION__                             0x0002430c   Data          15  ble_hrs_c.o(.constdata)
    __FUNCTION__                             0x0002431b   Data          21  ble_hrs_c.o(.constdata)
    .constdata                               0x000243e4   Section     1126  device_manager_central.o(.constdata)
    .constdata                               0x0002484c   Section        8  app_uart_fifo.o(.constdata)
    .constdata                               0x00024854   Section       40  pstorage.o(.constdata)
    swap_sub_state_sm_lut                    0x00024854   Data          20  pstorage.o(.constdata)
    swap_sub_state_sm_lut                    0x00024868   Data          20  pstorage.o(.constdata)
    .constdata                               0x0002487c   Section        4  app_button.o(.constdata)
    .constdata                               0x00024880   Section       12  app_trace.o(.constdata)
    .data                                    0x20002800   Section        2  system_task.o(.data)
    .data                                    0x20002804   Section        8  system_task.o(.data)
    task_state                               0x20002804   Data           4  system_task.o(.data)
    .data                                    0x2000280c   Section       16  main.o(.data)
    m_peer_count                             0x2000280c   Data           1  main.o(.data)
    m_scan_mode                              0x2000280d   Data           1  main.o(.data)
    m_whitelist_temporarily_disabled         0x2000280e   Data           1  main.o(.data)
    m_memory_access_in_progress              0x2000280f   Data           1  main.o(.data)
    rx_buf                                   0x20002810   Data           1  main.o(.data)
    m_dm_app_id                              0x20002811   Data           1  main.o(.data)
    m_conn_handle                            0x20002812   Data           2  main.o(.data)
    m_dm_device_handle                       0x20002818   Data           4  main.o(.data)
    .data                                    0x2000281c   Section        1  lx_heap.o(.data)
    heapReady                                0x2000281c   Data           1  lx_heap.o(.data)
    .data                                    0x20002820   Section        4  hal_timer.o(.data)
    delay_header                             0x20002820   Data           4  hal_timer.o(.data)
    .data                                    0x20002824   Section        8  event_hal.o(.data)
    event_hal_list_header                    0x20002824   Data           4  event_hal.o(.data)
    this                                     0x20002828   Data           4  event_hal.o(.data)
    .data                                    0x2000282c   Section       16  os.o(.data)
    current_task                             0x2000282c   Data           1  os.o(.data)
    tick_tok                                 0x20002830   Data           4  os.o(.data)
    task_state                               0x20002834   Data           4  os.o(.data)
    timer_process_id                         0x20002838   Data           4  os.o(.data)
    .data                                    0x2000283c   Section        1  message.o(.data)
    message_lock                             0x2000283c   Data           1  message.o(.data)
    .data                                    0x20002840   Section       12  cling_comm_hal.o(.data)
    error_handle_callback                    0x20002840   Data           4  cling_comm_hal.o(.data)
    normal_package_recieve_callback          0x20002844   Data           4  cling_comm_hal.o(.data)
    single_package_recieve_callback          0x20002848   Data           4  cling_comm_hal.o(.data)
    .data                                    0x2000284c   Section       44  cling_comm_logic_link.o(.data)
    __logic_link_mutex                       0x2000284c   Data           1  cling_comm_logic_link.o(.data)
    package_mark                             0x2000284e   Data           2  cling_comm_logic_link.o(.data)
    positon                                  0x20002850   Data           2  cling_comm_logic_link.o(.data)
    total_lenth                              0x20002852   Data           2  cling_comm_logic_link.o(.data)
    mac_send_list_header                     0x20002854   Data           4  cling_comm_logic_link.o(.data)
    list_mgr_obj                             0x20002858   Data           4  cling_comm_logic_link.o(.data)
    logic_link_layer_package_sending         0x2000285c   Data           4  cling_comm_logic_link.o(.data)
    logic_link_layer_package_receving        0x20002860   Data           4  cling_comm_logic_link.o(.data)
    m_logic_link_send_timer_id               0x20002864   Data           4  cling_comm_logic_link.o(.data)
    m_logic_link_recieve_timer_id            0x20002868   Data           4  cling_comm_logic_link.o(.data)
    error_handle_callback                    0x2000286c   Data           4  cling_comm_logic_link.o(.data)
    single_package_recieve_callback          0x20002870   Data           4  cling_comm_logic_link.o(.data)
    normal_package_recieve_callback          0x20002874   Data           4  cling_comm_logic_link.o(.data)
    .data                                    0x20002878   Section       20  cling_comm_mac.o(.data)
    list_mgr_obj                             0x20002878   Data           4  cling_comm_mac.o(.data)
    error_handle_callback                    0x2000287c   Data           4  cling_comm_mac.o(.data)
    normal_package_recieve_callback          0x20002880   Data           4  cling_comm_mac.o(.data)
    single_package_recieve_callback          0x20002884   Data           4  cling_comm_mac.o(.data)
    ble_mac_layer_write_rsp_callback         0x20002888   Data           4  cling_comm_mac.o(.data)
    .data                                    0x2000288c   Section        4  cling_comm_user.o(.data)
    error_handler_callback                   0x2000288c   Data           4  cling_comm_user.o(.data)
    .data                                    0x20002890   Section       32  bsp.o(.data)
    m_stable_state                           0x20002890   Data           1  bsp.o(.data)
    current_long_push_pin_no                 0x20002891   Data           1  bsp.o(.data)
    m_app_ticks_per_100ms                    0x20002894   Data           4  bsp.o(.data)
    m_indication_type                        0x20002898   Data           4  bsp.o(.data)
    m_registered_callback                    0x2000289c   Data           4  bsp.o(.data)
    release_event_at_push                    0x200028a0   Data           4  bsp.o(.data)
    m_leds_timer_id                          0x200028a4   Data           4  bsp.o(.data)
    m_alert_timer_id                         0x200028a8   Data           4  bsp.o(.data)
    m_button_timer_id                        0x200028ac   Data           4  bsp.o(.data)
    .data                                    0x200028b0   Section        8  bsp_btn_ble.o(.data)
    m_error_handler                          0x200028b0   Data           4  bsp_btn_ble.o(.data)
    m_num_connections                        0x200028b4   Data           4  bsp_btn_ble.o(.data)
    .data                                    0x200028b8   Section        4  system_nrf51.o(.data)
    __tagsym$$used                           0x200028b8   Number         0  system_nrf51.o(.data)
    .data                                    0x200028bc   Section       12  ble_bas_c.o(.data)
    m_tx_insert_index                        0x200028bc   Data           4  ble_bas_c.o(.data)
    m_tx_index                               0x200028c0   Data           4  ble_bas_c.o(.data)
    mp_ble_bas_c                             0x200028c4   Data           4  ble_bas_c.o(.data)
    .data                                    0x200028c8   Section       16  ble_db_discovery.o(.data)
    m_initialized                            0x200028c8   Data           1  ble_db_discovery.o(.data)
    m_pending_usr_evt_index                  0x200028cc   Data           4  ble_db_discovery.o(.data)
    m_num_of_handlers_reg                    0x200028d0   Data           4  ble_db_discovery.o(.data)
    m_num_of_discoveries_made                0x200028d4   Data           4  ble_db_discovery.o(.data)
    .data                                    0x200028d8   Section       12  ble_hrs_c.o(.data)
    mp_ble_hrs_c                             0x200028d8   Data           4  ble_hrs_c.o(.data)
    m_tx_insert_index                        0x200028dc   Data           4  ble_hrs_c.o(.data)
    m_tx_index                               0x200028e0   Data           4  ble_hrs_c.o(.data)
    .data                                    0x200028e4   Section       16  device_manager_central.o(.data)
    m_module_initialized                     0x200028e4   Data           1  device_manager_central.o(.data)
    m_peer_addr_update                       0x200028e8   Data           4  device_manager_central.o(.data)
    m_storage_handle                         0x200028ec   Data           8  device_manager_central.o(.data)
    .data                                    0x200028f4   Section        8  app_uart_fifo.o(.data)
    m_instance_counter                       0x200028f4   Data           1  app_uart_fifo.o(.data)
    m_current_state                          0x200028f5   Data           1  app_uart_fifo.o(.data)
    m_event_handler                          0x200028f8   Data           4  app_uart_fifo.o(.data)
    .data                                    0x200028fc   Section       36  pstorage.o(.data)
    m_state                                  0x200028fc   Data           1  pstorage.o(.data)
    m_swap_sub_state                         0x200028fd   Data           1  pstorage.o(.data)
    m_next_app_instance                      0x200028fe   Data           2  pstorage.o(.data)
    m_flags                                  0x20002900   Data           4  pstorage.o(.data)
    m_next_page_addr                         0x20002904   Data           4  pstorage.o(.data)
    m_head_word_size                         0x20002908   Data           4  pstorage.o(.data)
    m_tail_word_size                         0x2000290c   Data           4  pstorage.o(.data)
    m_current_page_id                        0x20002910   Data           4  pstorage.o(.data)
    m_num_of_command_retries                 0x20002914   Data           4  pstorage.o(.data)
    m_num_of_bytes_written                   0x20002918   Data           4  pstorage.o(.data)
    m_app_data_size                          0x2000291c   Data           4  pstorage.o(.data)
    .data                                    0x20002920   Section       24  app_button.o(.data)
    m_button_count                           0x20002920   Data           1  app_button.o(.data)
    mp_buttons                               0x20002924   Data           4  app_button.o(.data)
    m_detection_delay                        0x20002928   Data           4  app_button.o(.data)
    m_detection_delay_timer_id               0x2000292c   Data           4  app_button.o(.data)
    m_pin_state                              0x20002930   Data           4  app_button.o(.data)
    m_pin_transition                         0x20002934   Data           4  app_button.o(.data)
    .data                                    0x20002938   Section       28  app_timer.o(.data)
    m_node_array_size                        0x20002938   Data           1  app_timer.o(.data)
    m_user_array_size                        0x20002939   Data           1  app_timer.o(.data)
    m_ticks_elapsed_q_read_ind               0x2000293a   Data           1  app_timer.o(.data)
    m_ticks_elapsed_q_write_ind              0x2000293b   Data           1  app_timer.o(.data)
    m_rtc1_running                           0x2000293c   Data           1  app_timer.o(.data)
    m_rtc1_reset                             0x2000293d   Data           1  app_timer.o(.data)
    mp_nodes                                 0x20002940   Data           4  app_timer.o(.data)
    mp_users                                 0x20002944   Data           4  app_timer.o(.data)
    m_timer_id_head                          0x20002948   Data           4  app_timer.o(.data)
    m_ticks_latest                           0x2000294c   Data           4  app_timer.o(.data)
    m_evt_schedule_func                      0x20002950   Data           4  app_timer.o(.data)
    .data                                    0x20002954   Section        1  app_trace.o(.data)
    rx_buf                                   0x20002954   Data           1  app_trace.o(.data)
    .data                                    0x20002958   Section        4  retarget.o(.data)
    .data                                    0x2000295c   Section       20  softdevice_handler.o(.data)
    m_softdevice_enabled                     0x2000295c   Data           1  softdevice_handler.o(.data)
    m_ble_evt_buffer_size                    0x2000295e   Data           2  softdevice_handler.o(.data)
    m_evt_schedule_func                      0x20002960   Data           4  softdevice_handler.o(.data)
    mp_ble_evt_buffer                        0x20002964   Data           4  softdevice_handler.o(.data)
    m_ble_evt_handler                        0x20002968   Data           4  softdevice_handler.o(.data)
    m_sys_evt_handler                        0x2000296c   Data           4  softdevice_handler.o(.data)
    .bss                                     0x20002970   Section     1348  main.o(.bss)
    BLE_EVT_BUFFER                           0x20002970   Data          72  main.o(.bss)
    tx_buf                                   0x200029b8   Data         256  main.o(.bss)
    APP_TIMER_BUF                            0x20002ab8   Data         552  main.o(.bss)
    m_ble_db_discovery                       0x20002ce0   Data         410  main.o(.bss)
    m_ble_hrs_c                              0x20002e7c   Data          40  main.o(.bss)
    m_scan_param                             0x20002ea4   Data          16  main.o(.bss)
    .bss                                     0x20002eb4   Section     4352  lx_heap.o(.bss)
    heap                                     0x20002eb4   Data        4096  lx_heap.o(.bss)
    heapAllocTable                           0x20003eb4   Data         256  lx_heap.o(.bss)
    .bss                                     0x20003fb4   Section      128  cling_comm_logic_link.o(.bss)
    rev_buffer                               0x20003fb4   Data         128  cling_comm_logic_link.o(.bss)
    .bss                                     0x20004034   Section       12  bsp.o(.bss)
    m_events_list                            0x20004034   Data          12  bsp.o(.bss)
    .bss                                     0x20004040   Section      160  ble_bas_c.o(.bss)
    m_tx_buffer                              0x20004040   Data         160  ble_bas_c.o(.bss)
    .bss                                     0x200040e0   Section      440  ble_db_discovery.o(.bss)
    m_registered_handlers                    0x200040e0   Data          16  ble_db_discovery.o(.bss)
    m_pending_user_evts                      0x200040f0   Data         424  ble_db_discovery.o(.bss)
    .bss                                     0x20004298   Section      640  ble_hrs_c.o(.bss)
    m_tx_buffer                              0x20004298   Data         640  ble_hrs_c.o(.bss)
    .bss                                     0x20004518   Section      283  device_manager_central.o(.bss)
    m_app_context_table                      0x20004518   Data          28  device_manager_central.o(.bss)
    m_peer_table                             0x20004534   Data         168  device_manager_central.o(.bss)
    m_bond_table                             0x200045dc   Data          28  device_manager_central.o(.bss)
    m_gatts_table                            0x200045f8   Data          12  device_manager_central.o(.bss)
    m_connection_table                       0x20004604   Data          12  device_manager_central.o(.bss)
    m_application_table                      0x20004610   Data          12  device_manager_central.o(.bss)
    m_local_id_info                          0x2000461c   Data          23  device_manager_central.o(.bss)
    .bss                                     0x20004634   Section       32  app_uart_fifo.o(.bss)
    m_rx_fifo                                0x20004634   Data          16  app_uart_fifo.o(.bss)
    m_tx_fifo                                0x20004644   Data          16  app_uart_fifo.o(.bss)
    .bss                                     0x20004654   Section       80  nrf_drv_gpiote.o(.bss)
    m_cb                                     0x20004654   Data          80  nrf_drv_gpiote.o(.bss)
    .bss                                     0x200046a4   Section      216  pstorage.o(.bss)
    m_cmd_queue                              0x200046a4   Data         204  pstorage.o(.bss)
    m_app_table                              0x20004770   Data          12  pstorage.o(.bss)
    .bss                                     0x2000477c   Section       16  app_timer.o(.bss)
    m_ticks_elapsed                          0x2000477c   Data          16  app_timer.o(.bss)
    .bss                                     0x2000478c   Section      256  app_trace.o(.bss)
    tx_buf                                   0x2000478c   Data         256  app_trace.o(.bss)
    STACK                                    0x20004890   Section     2048  arm_startup_nrf51.o(STACK)

    Global Symbols

    Symbol Name                              Value     Ov Type        Size  Object(Section)

    BuildAttributes$$THM_ISAv3M$S$PE$A:L22$X:L11$S22$IEEE1$IW$USESV6$~STKCKD$USESV7$~SHL$OSPACE$ROPI$EBA8$MICROLIB$REQ8$PRES8$EABIv2 0x00000000   Number         0  anon$$obj.o ABSOLUTE
    __ARM_use_no_argv                        0x00000000   Number         0  main.o ABSOLUTE
    _printf_a                                0x00000000   Number         0  stubs.o ABSOLUTE
    _printf_c                                0x00000000   Number         0  stubs.o ABSOLUTE
    _printf_charcount                        0x00000000   Number         0  stubs.o ABSOLUTE
    _printf_d                                0x00000000   Number         0  stubs.o ABSOLUTE
    _printf_e                                0x00000000   Number         0  stubs.o ABSOLUTE
    _printf_f                                0x00000000   Number         0  stubs.o ABSOLUTE
    _printf_flags                            0x00000000   Number         0  stubs.o ABSOLUTE
    _printf_fp_dec                           0x00000000   Number         0  stubs.o ABSOLUTE
    _printf_fp_hex                           0x00000000   Number         0  stubs.o ABSOLUTE
    _printf_g                                0x00000000   Number         0  stubs.o ABSOLUTE
    _printf_i                                0x00000000   Number         0  stubs.o ABSOLUTE
    _printf_int_dec                          0x00000000   Number         0  stubs.o ABSOLUTE
    _printf_l                                0x00000000   Number         0  stubs.o ABSOLUTE
    _printf_lc                               0x00000000   Number         0  stubs.o ABSOLUTE
    _printf_ll                               0x00000000   Number         0  stubs.o ABSOLUTE
    _printf_lld                              0x00000000   Number         0  stubs.o ABSOLUTE
    _printf_lli                              0x00000000   Number         0  stubs.o ABSOLUTE
    _printf_llo                              0x00000000   Number         0  stubs.o ABSOLUTE
    _printf_llu                              0x00000000   Number         0  stubs.o ABSOLUTE
    _printf_llx                              0x00000000   Number         0  stubs.o ABSOLUTE
    _printf_longlong_dec                     0x00000000   Number         0  stubs.o ABSOLUTE
    _printf_longlong_hex                     0x00000000   Number         0  stubs.o ABSOLUTE
    _printf_longlong_oct                     0x00000000   Number         0  stubs.o ABSOLUTE
    _printf_ls                               0x00000000   Number         0  stubs.o ABSOLUTE
    _printf_mbtowc                           0x00000000   Number         0  stubs.o ABSOLUTE
    _printf_n                                0x00000000   Number         0  stubs.o ABSOLUTE
    _printf_o                                0x00000000   Number         0  stubs.o ABSOLUTE
    _printf_p                                0x00000000   Number         0  stubs.o ABSOLUTE
    _printf_percent                          0x00000000   Number         0  stubs.o ABSOLUTE
    _printf_pre_padding                      0x00000000   Number         0  stubs.o ABSOLUTE
    _printf_return_value                     0x00000000   Number         0  stubs.o ABSOLUTE
    _printf_s                                0x00000000   Number         0  stubs.o ABSOLUTE
    _printf_sizespec                         0x00000000   Number         0  stubs.o ABSOLUTE
    _printf_str                              0x00000000   Number         0  stubs.o ABSOLUTE
    _printf_truncate_signed                  0x00000000   Number         0  stubs.o ABSOLUTE
    _printf_truncate_unsigned                0x00000000   Number         0  stubs.o ABSOLUTE
    _printf_u                                0x00000000   Number         0  stubs.o ABSOLUTE
    _printf_wc                               0x00000000   Number         0  stubs.o ABSOLUTE
    _printf_wctomb                           0x00000000   Number         0  stubs.o ABSOLUTE
    _printf_widthprec                        0x00000000   Number         0  stubs.o ABSOLUTE
    _printf_x                                0x00000000   Number         0  stubs.o ABSOLUTE
    __cpp_initialize__aeabi_                  - Undefined Weak Reference
    __cxa_finalize                            - Undefined Weak Reference
    _clock_init                               - Undefined Weak Reference
    _microlib_exit                            - Undefined Weak Reference
    qShellFunTab$$Base                        - Undefined Reference
    qShellFunTab$$Limit                       - Undefined Reference
    qShellVarTab$$Base                        - Undefined Reference
    qShellVarTab$$Limit                       - Undefined Reference
    __Vectors_Size                           0x000000c0   Number         0  arm_startup_nrf51.o ABSOLUTE
    __Vectors                                0x0001d000   Data           4  arm_startup_nrf51.o(RESET)
    __Vectors_End                            0x0001d0c0   Data           0  arm_startup_nrf51.o(RESET)
    __main                                   0x0001d0c1   Thumb Code     0  entry.o(.ARM.Collect$$$$00000000)
    _main_stk                                0x0001d0c1   Thumb Code     0  entry2.o(.ARM.Collect$$$$00000001)
    _main_scatterload                        0x0001d0c5   Thumb Code     0  entry5.o(.ARM.Collect$$$$00000004)
    __main_after_scatterload                 0x0001d0c9   Thumb Code     0  entry5.o(.ARM.Collect$$$$00000004)
    _main_clock                              0x0001d0c9   Thumb Code     0  entry7b.o(.ARM.Collect$$$$00000008)
    _main_cpp_init                           0x0001d0c9   Thumb Code     0  entry8b.o(.ARM.Collect$$$$0000000A)
    _main_init                               0x0001d0c9   Thumb Code     0  entry9a.o(.ARM.Collect$$$$0000000B)
    __rt_final_cpp                           0x0001d0d1   Thumb Code     0  entry10a.o(.ARM.Collect$$$$0000000D)
    __rt_final_exit                          0x0001d0d1   Thumb Code     0  entry11a.o(.ARM.Collect$$$$0000000F)
    __asm___11_app_timer_c_cd27f9c3__nrf_delay_us 0x0001d0d5   Thumb Code    30  app_timer.o(.emb_text)
    Reset_Handler                            0x0001d0f5   Thumb Code    26  arm_startup_nrf51.o(.text)
    NMI_Handler                              0x0001d10f   Thumb Code     2  arm_startup_nrf51.o(.text)
    HardFault_Handler                        0x0001d111   Thumb Code     2  arm_startup_nrf51.o(.text)
    SVC_Handler                              0x0001d113   Thumb Code     2  arm_startup_nrf51.o(.text)
    PendSV_Handler                           0x0001d115   Thumb Code     2  arm_startup_nrf51.o(.text)
    SysTick_Handler                          0x0001d117   Thumb Code     2  arm_startup_nrf51.o(.text)
    ADC_IRQHandler                           0x0001d119   Thumb Code     0  arm_startup_nrf51.o(.text)
    CCM_AAR_IRQHandler                       0x0001d119   Thumb Code     0  arm_startup_nrf51.o(.text)
    ECB_IRQHandler                           0x0001d119   Thumb Code     0  arm_startup_nrf51.o(.text)
    LPCOMP_IRQHandler                        0x0001d119   Thumb Code     0  arm_startup_nrf51.o(.text)
    POWER_CLOCK_IRQHandler                   0x0001d119   Thumb Code     0  arm_startup_nrf51.o(.text)
    QDEC_IRQHandler                          0x0001d119   Thumb Code     0  arm_startup_nrf51.o(.text)
    RADIO_IRQHandler                         0x0001d119   Thumb Code     0  arm_startup_nrf51.o(.text)
    RNG_IRQHandler                           0x0001d119   Thumb Code     0  arm_startup_nrf51.o(.text)
    RTC0_IRQHandler                          0x0001d119   Thumb Code     0  arm_startup_nrf51.o(.text)
    SPI0_TWI0_IRQHandler                     0x0001d119   Thumb Code     0  arm_startup_nrf51.o(.text)
    SPI1_TWI1_IRQHandler                     0x0001d119   Thumb Code     0  arm_startup_nrf51.o(.text)
    SWI1_IRQHandler                          0x0001d119   Thumb Code     0  arm_startup_nrf51.o(.text)
    SWI3_IRQHandler                          0x0001d119   Thumb Code     0  arm_startup_nrf51.o(.text)
    SWI4_IRQHandler                          0x0001d119   Thumb Code     0  arm_startup_nrf51.o(.text)
    SWI5_IRQHandler                          0x0001d119   Thumb Code     0  arm_startup_nrf51.o(.text)
    TEMP_IRQHandler                          0x0001d119   Thumb Code     0  arm_startup_nrf51.o(.text)
    TIMER0_IRQHandler                        0x0001d119   Thumb Code     0  arm_startup_nrf51.o(.text)
    TIMER1_IRQHandler                        0x0001d119   Thumb Code     0  arm_startup_nrf51.o(.text)
    TIMER2_IRQHandler                        0x0001d119   Thumb Code     0  arm_startup_nrf51.o(.text)
    WDT_IRQHandler                           0x0001d119   Thumb Code     0  arm_startup_nrf51.o(.text)
    __aeabi_uidiv                            0x0001d12d   Thumb Code     0  uidiv.o(.text)
    __aeabi_uidivmod                         0x0001d12d   Thumb Code    44  uidiv.o(.text)
    __aeabi_idiv                             0x0001d159   Thumb Code     0  idiv.o(.text)
    __aeabi_idivmod                          0x0001d159   Thumb Code    40  idiv.o(.text)
    ___aeabi_memcpy8$move                    0x0001d181   Thumb Code     0  memmovea.o(.text)
    __aeabi_memcpy                           0x0001d181   Thumb Code    64  memmovea.o(.text)
    __aeabi_memcpy4                          0x0001d181   Thumb Code     0  memmovea.o(.text)
    __aeabi_memmove                          0x0001d181   Thumb Code     0  memmovea.o(.text)
    __aeabi_memmove4                         0x0001d181   Thumb Code     0  memmovea.o(.text)
    __aeabi_memmove8                         0x0001d181   Thumb Code     0  memmovea.o(.text)
    __aeabi_memset                           0x0001d1c1   Thumb Code    14  memseta.o(.text)
    __aeabi_memset4                          0x0001d1c1   Thumb Code     0  memseta.o(.text)
    __aeabi_memset8                          0x0001d1c1   Thumb Code     0  memseta.o(.text)
    __aeabi_memclr                           0x0001d1cf   Thumb Code     4  memseta.o(.text)
    __aeabi_memclr4                          0x0001d1cf   Thumb Code     0  memseta.o(.text)
    __aeabi_memclr8                          0x0001d1cf   Thumb Code     0  memseta.o(.text)
    _memset$wrapper                          0x0001d1d3   Thumb Code    18  memseta.o(.text)
    strcmp                                   0x0001d1e5   Thumb Code    28  strcmp.o(.text)
    memcmp                                   0x0001d201   Thumb Code    26  memcmp.o(.text)
    strcpy                                   0x0001d21b   Thumb Code    18  strcpy.o(.text)
    __aeabi_uldivmod                         0x0001d22d   Thumb Code    96  uldiv.o(.text)
    __scatterload                            0x0001d28d   Thumb Code    28  init.o(.text)
    __scatterload_rt2                        0x0001d28d   Thumb Code     0  init.o(.text)
    __aeabi_llsl                             0x0001d2b1   Thumb Code    32  llshl.o(.text)
    _ll_shift_l                              0x0001d2b1   Thumb Code     0  llshl.o(.text)
    __aeabi_llsr                             0x0001d2d1   Thumb Code    34  llushr.o(.text)
    _ll_ushift_r                             0x0001d2d1   Thumb Code     0  llushr.o(.text)
    __decompress                             0x0001d2f3   Thumb Code     0  __dczerorl.o(.text)
    __decompress0                            0x0001d2f3   Thumb Code    58  __dczerorl.o(.text)
    GPIOTE_IRQHandler                        0x0001d32d   Thumb Code   236  nrf_drv_gpiote.o(i.GPIOTE_IRQHandler)
    RTC1_IRQHandler                          0x0001d479   Thumb Code    28  app_timer.o(i.RTC1_IRQHandler)
    SWI0_IRQHandler                          0x0001d499   Thumb Code    78  app_timer.o(i.SWI0_IRQHandler)
    SWI2_IRQHandler                          0x0001d4ed   Thumb Code    32  softdevice_handler.o(i.SWI2_IRQHandler)
    SystemInit                               0x0001d511   Thumb Code    64  system_nrf51.o(i.SystemInit)
    UART0_IRQHandler                         0x0001d565   Thumb Code   110  app_uart_fifo.o(i.UART0_IRQHandler)
    __0printf$8                              0x0001d5e5   Thumb Code    24  printf8.o(i.__0printf$8)
    __1printf$8                              0x0001d5e5   Thumb Code     0  printf8.o(i.__0printf$8)
    __2printf                                0x0001d5e5   Thumb Code     0  printf8.o(i.__0printf$8)
    __0sprintf$8                             0x0001d605   Thumb Code    36  printf8.o(i.__0sprintf$8)
    __1sprintf$8                             0x0001d605   Thumb Code     0  printf8.o(i.__0sprintf$8)
    __2sprintf                               0x0001d605   Thumb Code     0  printf8.o(i.__0sprintf$8)
    __ARM_common_switch8                     0x0001d62d   Thumb Code    26  cling_comm_cmd.o(i.__ARM_common_switch8)
    __scatterload_copy                       0x0001d647   Thumb Code    14  handlers.o(i.__scatterload_copy)
    __scatterload_null                       0x0001d655   Thumb Code     2  handlers.o(i.__scatterload_null)
    __scatterload_zeroinit                   0x0001d657   Thumb Code    14  handlers.o(i.__scatterload_zeroinit)
    _receivedPacketProcess                   0x0001dae1   Thumb Code   106  cling_comm_mac.o(i._receivedPacketProcess)
    action_tx_stop                           0x0001dc0d   Thumb Code    26  app_uart_fifo.o(i.action_tx_stop)
    add_timer_struct                         0x0001dc51   Thumb Code    84  hal_timer.o(i.add_timer_struct)
    app_button_enable                        0x0001dd2d   Thumb Code    32  app_button.o(i.app_button_enable)
    app_button_init                          0x0001dd51   Thumb Code   102  app_button.o(i.app_button_init)
    app_error_handler                        0x0001ddc9   Thumb Code    16  app_error.o(i.app_error_handler)
    app_fifo_get                             0x0001de35   Thumb Code    34  app_fifo.o(i.app_fifo_get)
    app_fifo_init                            0x0001de57   Thumb Code    36  app_fifo.o(i.app_fifo_init)
    app_fifo_put                             0x0001de7b   Thumb Code    34  app_fifo.o(i.app_fifo_put)
    app_timer_create                         0x0001dee9   Thumb Code    72  app_timer.o(i.app_timer_create)
    app_timer_init                           0x0001df35   Thumb Code   164  app_timer.o(i.app_timer_init)
    app_timer_start                          0x0001dfe9   Thumb Code   122  app_timer.o(i.app_timer_start)
    app_timer_stop                           0x0001e06d   Thumb Code    82  app_timer.o(i.app_timer_stop)
    app_trace_dump                           0x0001e0c5   Thumb Code    38  app_trace.o(i.app_trace_dump)
    app_trace_init                           0x0001e0f9   Thumb Code    56  app_trace.o(i.app_trace_init)
    app_uart_init                            0x0001e141   Thumb Code   354  app_uart_fifo.o(i.app_uart_init)
    app_uart_put                             0x0001e2d5   Thumb Code    22  app_uart_fifo.o(i.app_uart_put)
    ble_db_discovery_evt_register            0x0001e2f1   Thumb Code    66  ble_db_discovery.o(i.ble_db_discovery_evt_register)
    ble_db_discovery_init                    0x0001e33d   Thumb Code    18  ble_db_discovery.o(i.ble_db_discovery_init)
    ble_db_discovery_on_ble_evt              0x0001e355   Thumb Code   158  ble_db_discovery.o(i.ble_db_discovery_on_ble_evt)
    ble_db_discovery_start                   0x0001e3f9   Thumb Code    96  ble_db_discovery.o(i.ble_db_discovery_start)
    ble_hrs_c_hrm_notif_enable               0x0001e495   Thumb Code    52  ble_hrs_c.o(i.ble_hrs_c_hrm_notif_enable)
    ble_hrs_c_init                           0x0001e4c9   Thumb Code    74  ble_hrs_c.o(i.ble_hrs_c_init)
    ble_hrs_c_on_ble_evt                     0x0001e539   Thumb Code   112  ble_hrs_c.o(i.ble_hrs_c_on_ble_evt)
    ble_stack_mac_layer_write_rsp_call_back  0x0001e7bd   Thumb Code    16  cling_comm_mac.o(i.ble_stack_mac_layer_write_rsp_call_back)
    ble_stack_mac_layer_write_rsp_callback_register 0x0001e7d1   Thumb Code    12  cling_comm_mac.o(i.ble_stack_mac_layer_write_rsp_callback_register)
    ble_tx_send                              0x0001e7e1   Thumb Code    18  ble_hrs_c.o(i.ble_tx_send)
    bsp_btn_ble_init                         0x0001e7f9   Thumb Code    80  bsp_btn_ble.o(i.bsp_btn_ble_init)
    bsp_btn_ble_on_ble_evt                   0x0001e84d   Thumb Code   114  bsp_btn_ble.o(i.bsp_btn_ble_on_ble_evt)
    bsp_btn_ble_sleep_mode_prepare           0x0001e8c5   Thumb Code    20  bsp_btn_ble.o(i.bsp_btn_ble_sleep_mode_prepare)
    bsp_button_is_pressed                    0x0001e975   Thumb Code    34  bsp.o(i.bsp_button_is_pressed)
    bsp_event_handler                        0x0001e9a1   Thumb Code   124  main.o(i.bsp_event_handler)
    bsp_event_to_button_action_assign        0x0001ea21   Thumb Code    66  bsp.o(i.bsp_event_to_button_action_assign)
    bsp_indication_set                       0x0001ea69   Thumb Code    22  bsp.o(i.bsp_indication_set)
    bsp_init                                 0x0001ea85   Thumb Code   134  bsp.o(i.bsp_init)
    bsp_wakeup_buttons_set                   0x0001ed15   Thumb Code    50  bsp.o(i.bsp_wakeup_buttons_set)
    cling_comm_cmd_load_device_info          0x0001ef7d   Thumb Code    16  cling_comm_cmd.o(i.cling_comm_cmd_load_device_info)
    cling_comm_hal_init                      0x0001ef8d   Thumb Code    28  cling_comm_hal.o(i.cling_comm_hal_init)
    cling_comm_logic_link_init               0x0001efb5   Thumb Code    82  cling_comm_logic_link.o(i.cling_comm_logic_link_init)
    cling_comm_mac_init                      0x0001f025   Thumb Code    30  cling_comm_mac.o(i.cling_comm_mac_init)
    cling_comm_user_init                     0x0001f049   Thumb Code    26  cling_comm_user.o(i.cling_comm_user_init)
    comm_hal_error_handle_register           0x0001f115   Thumb Code    12  cling_comm_hal.o(i.comm_hal_error_handle_register)
    comm_hal_normal_package_recieve_callback_register 0x0001f125   Thumb Code    12  cling_comm_hal.o(i.comm_hal_normal_package_recieve_callback_register)
    comm_hal_single_package_recieve_callback_register 0x0001f135   Thumb Code    12  cling_comm_hal.o(i.comm_hal_single_package_recieve_callback_register)
    comm_link_error_handle_register          0x0001f145   Thumb Code    12  cling_comm_logic_link.o(i.comm_link_error_handle_register)
    comm_link_error_handler                  0x0001f155   Thumb Code    16  cling_comm_logic_link.o(i.comm_link_error_handler)
    comm_link_normal_package_recieve_callback_register 0x0001f169   Thumb Code    12  cling_comm_logic_link.o(i.comm_link_normal_package_recieve_callback_register)
    comm_link_single_package_recieve_callback_register 0x0001f179   Thumb Code    12  cling_comm_logic_link.o(i.comm_link_single_package_recieve_callback_register)
    comm_logic_link_recevive_normal_package_call_back 0x0001f189   Thumb Code   196  cling_comm_logic_link.o(i.comm_logic_link_recevive_normal_package_call_back)
    comm_logic_link_recevive_single_package_call_back 0x0001f281   Thumb Code    20  cling_comm_logic_link.o(i.comm_logic_link_recevive_single_package_call_back)
    comm_mac_error_handle_register           0x0001f299   Thumb Code    12  cling_comm_mac.o(i.comm_mac_error_handle_register)
    comm_mac_normal_package_recieve_callback_register 0x0001f2a9   Thumb Code    12  cling_comm_mac.o(i.comm_mac_normal_package_recieve_callback_register)
    comm_mac_single_package_recieve_callback_register 0x0001f2b9   Thumb Code    12  cling_comm_mac.o(i.comm_mac_single_package_recieve_callback_register)
    comm_protocol_hal_normal_package_recieved_callback 0x0001f2c9   Thumb Code    30  cling_comm_hal.o(i.comm_protocol_hal_normal_package_recieved_callback)
    comm_protocol_hal_send_packet            0x0001f311   Thumb Code    44  cling_comm_hal.o(i.comm_protocol_hal_send_packet)
    comm_protocol_hal_single_package_recieved_callback 0x0001f33d   Thumb Code    16  cling_comm_hal.o(i.comm_protocol_hal_single_package_recieved_callback)
    comm_protocol_mac_send_normal_package    0x0001f351   Thumb Code   106  cling_comm_mac.o(i.comm_protocol_mac_send_normal_package)
    comm_protocol_mac_send_singlepacket      0x0001f3d9   Thumb Code    54  cling_comm_mac.o(i.comm_protocol_mac_send_singlepacket)
    comm_user_normal_recieved_callback       0x0001f43d   Thumb Code    40  cling_comm_user.o(i.comm_user_normal_recieved_callback)
    comm_user_stream_recieved_callback       0x0001f489   Thumb Code     4  cling_comm_user.o(i.comm_user_stream_recieved_callback)
    deinit_base_object_implement             0x0001f855   Thumb Code    10  base_object.o(i.deinit_base_object_implement)
    deinit_event_hal_manager                 0x0001f85f   Thumb Code    10  event_hal.o(i.deinit_event_hal_manager)
    del_struct                               0x0001f869   Thumb Code    36  hal_timer.o(i.del_struct)
    delete_message                           0x0001f891   Thumb Code   104  message.o(i.delete_message)
    dm_ble_evt_handler                       0x0002038d   Thumb Code  1598  device_manager_central.o(i.dm_ble_evt_handler)
    dm_handle_initialize                     0x00020b01   Thumb Code    22  device_manager_central.o(i.dm_handle_initialize)
    dm_init                                  0x00020b1d   Thumb Code   288  device_manager_central.o(i.dm_init)
    dm_register                              0x00021031   Thumb Code    96  device_manager_central.o(i.dm_register)
    dm_security_setup_req                    0x000210f5   Thumb Code   224  device_manager_central.o(i.dm_security_setup_req)
    dm_whitelist_create                      0x00021249   Thumb Code   182  device_manager_central.o(i.dm_whitelist_create)
    fputc                                    0x0002149d   Thumb Code    14  retarget.o(i.fputc)
    get_hw_layer_timer                       0x00021a39   Thumb Code     6  app_timer.o(i.get_hw_layer_timer)
    get_message                              0x00021a45   Thumb Code    38  message.o(i.get_message)
    hal_error_handler                        0x00021ad1   Thumb Code    12  cling_comm_hal.o(i.hal_error_handler)
    init_base_object_implement               0x00021c0d   Thumb Code    28  base_object.o(i.init_base_object_implement)
    init_event_hal_manager                   0x00021c41   Thumb Code    50  event_hal.o(i.init_event_hal_manager)
    initiate_security_request                0x00021c89   Thumb Code   106  device_manager_central.o(i.initiate_security_request)
    intern_softdevice_events_execute         0x00021d25   Thumb Code   124  softdevice_handler.o(i.intern_softdevice_events_execute)
    is_softdevice_enable                     0x00021e79   Thumb Code     6  softdevice_handler.o(i.is_softdevice_enable)
    logic_link_send_normal_package           0x0002202d   Thumb Code   230  cling_comm_logic_link.o(i.logic_link_send_normal_package)
    logic_link_send_single_package           0x00022145   Thumb Code    54  cling_comm_logic_link.o(i.logic_link_send_single_package)
    lx_free                                  0x00022189   Thumb Code   140  lx_heap.o(i.lx_free)
    lx_malloc                                0x00022221   Thumb Code   172  lx_heap.o(i.lx_malloc)
    main                                     0x000222d9   Thumb Code   270  main.o(i.main)
    nrf_drv_common_irq_enable                0x00022511   Thumb Code    78  nrf_drv_common.o(i.nrf_drv_common_irq_enable)
    nrf_drv_gpiote_in_event_enable           0x00022571   Thumb Code   138  nrf_drv_gpiote.o(i.nrf_drv_gpiote_in_event_enable)
    nrf_drv_gpiote_in_init                   0x00022611   Thumb Code   126  nrf_drv_gpiote.o(i.nrf_drv_gpiote_in_init)
    nrf_drv_gpiote_in_is_set                 0x000226a1   Thumb Code    16  nrf_drv_gpiote.o(i.nrf_drv_gpiote_in_is_set)
    nrf_drv_gpiote_init                      0x000226b5   Thumb Code    76  nrf_drv_gpiote.o(i.nrf_drv_gpiote_init)
    nrf_drv_gpiote_is_init                   0x00022709   Thumb Code    12  nrf_drv_gpiote.o(i.nrf_drv_gpiote_is_init)
    nrf_drv_gpiote_out_init                  0x00022719   Thumb Code   130  nrf_drv_gpiote.o(i.nrf_drv_gpiote_out_init)
    os_event_put                             0x00022c01   Thumb Code    92  event_hal.o(i.os_event_put)
    os_event_resister                        0x00022c65   Thumb Code    92  event_hal.o(i.os_event_resister)
    os_get_current_taskid                    0x00022cc9   Thumb Code     6  os.o(i.os_get_current_taskid)
    os_get_taskstate                         0x00022cd5   Thumb Code     6  os.o(i.os_get_taskstate)
    os_init                                  0x00022ce1   Thumb Code    78  os.o(i.os_init)
    os_object_add                            0x00022d45   Thumb Code    60  base_object.o(i.os_object_add)
    os_object_detach                         0x00022d81   Thumb Code    18  base_object.o(i.os_object_detach)
    os_object_find                           0x00022d93   Thumb Code    40  base_object.o(i.os_object_find)
    os_object_pop                            0x00022dbb   Thumb Code    24  base_object.o(i.os_object_pop)
    os_shedule                               0x00022dd5   Thumb Code    50  os.o(i.os_shedule)
    os_timer_period                          0x00022e15   Thumb Code    46  hal_timer.o(i.os_timer_period)
    pstorage_access_status_get               0x00022f29   Thumb Code    30  pstorage.o(i.pstorage_access_status_get)
    pstorage_block_identifier_get            0x00022f51   Thumb Code    74  pstorage.o(i.pstorage_block_identifier_get)
    pstorage_clear                           0x00022fa5   Thumb Code   156  pstorage.o(i.pstorage_clear)
    pstorage_init                            0x00023079   Thumb Code    68  pstorage.o(i.pstorage_init)
    pstorage_load                            0x000230c5   Thumb Code   158  pstorage.o(i.pstorage_load)
    pstorage_register                        0x0002316d   Thumb Code   170  pstorage.o(i.pstorage_register)
    pstorage_store                           0x00023221   Thumb Code   134  pstorage.o(i.pstorage_store)
    pstorage_sys_event_handler               0x000232b1   Thumb Code    72  pstorage.o(i.pstorage_sys_event_handler)
    pstorage_update                          0x000232fd   Thumb Code   134  pstorage.o(i.pstorage_update)
    send_message                             0x00023521   Thumb Code   194  message.o(i.send_message)
    softdevice_assertion_handler             0x000237a5   Thumb Code    12  softdevice_handler.o(i.softdevice_assertion_handler)
    softdevice_ble_evt_handler_set           0x000237b1   Thumb Code    16  softdevice_handler.o(i.softdevice_ble_evt_handler_set)
    softdevice_handler_init                  0x000237c5   Thumb Code    40  softdevice_handler.o(i.softdevice_handler_init)
    softdevice_sys_evt_handler_set           0x000237f5   Thumb Code    16  softdevice_handler.o(i.softdevice_sys_evt_handler_set)
    task_free                                0x00023a41   Thumb Code    14  system_task.o(i.task_free)
    task_free_init                           0x00023a4f   Thumb Code     2  system_task.o(i.task_free_init)
    task_ticks_inc                           0x00023b21   Thumb Code    18  os.o(i.task_ticks_inc)
    timer_process                            0x00023c1d   Thumb Code    94  hal_timer.o(i.timer_process)
    tx_buffer_process                        0x00023d05   Thumb Code    72  ble_bas_c.o(i.tx_buffer_process)
    tx_send                                  0x00023e35   Thumb Code    98  ble_hrs_c.o(i.tx_send)
    uart_error_handle                        0x00023ee1   Thumb Code    24  main.o(i.uart_error_handle)
    my_task                                  0x00023f84   Data           8  system_task.o(.constdata)
    my_task_init                             0x00023f8c   Data           8  system_task.o(.constdata)
    m_context_init_len                       0x000243e4   Data           4  device_manager_central.o(.constdata)
    m_service_context_store                  0x000243e8   Data          16  device_manager_central.o(.constdata)
    m_service_context_load                   0x000243f8   Data          16  device_manager_central.o(.constdata)
    m_service_context_apply                  0x00024408   Data          16  device_manager_central.o(.constdata)
    Region$$Table$$Base                      0x0002488c   Number         0  anon$$obj.o(Region$$Table)
    Region$$Table$$Limit                     0x000248ac   Number         0  anon$$obj.o(Region$$Table)
    task_num                                 0x20002800   Data           2  system_task.o(.data)
    event_mgr_obj_p                          0x20002808   Data           4  system_task.o(.data)
    event_upload_obj_p                       0x20002814   Data           4  main.o(.data)
    SystemCoreClock                          0x200028b8   Data           4  system_nrf51.o(.data)
    __stdout                                 0x20002958   Data           4  retarget.o(.data)
    __initial_sp                             0x20005090   Data           0  arm_startup_nrf51.o(STACK)



==============================================================================

Memory Map of the image

  Image Entry point : 0x0001d0c1

  Load Region LR_IROM1 (Base: 0x0001d000, Size: 0x00007a1c, Max: 0x00023000, ABSOLUTE, COMPRESSED[0x000078c0])

    Execution Region ER_IROM1 (Base: 0x0001d000, Size: 0x000078ac, Max: 0x00023000, ABSOLUTE)

    Base Addr    Size         Type   Attr      Idx    E Section Name        Object

    0x0001d000   0x000000c0   Data   RO         1351    RESET               arm_startup_nrf51.o
    0x0001d0c0   0x00000000   Code   RO         3107  * .ARM.Collect$$$$00000000  mc_p.l(entry.o)
    0x0001d0c0   0x00000004   Code   RO         3395    .ARM.Collect$$$$00000001  mc_p.l(entry2.o)
    0x0001d0c4   0x00000004   Code   RO         3398    .ARM.Collect$$$$00000004  mc_p.l(entry5.o)
    0x0001d0c8   0x00000000   Code   RO         3400    .ARM.Collect$$$$00000008  mc_p.l(entry7b.o)
    0x0001d0c8   0x00000000   Code   RO         3402    .ARM.Collect$$$$0000000A  mc_p.l(entry8b.o)
    0x0001d0c8   0x00000008   Code   RO         3403    .ARM.Collect$$$$0000000B  mc_p.l(entry9a.o)
    0x0001d0d0   0x00000000   Code   RO         3405    .ARM.Collect$$$$0000000D  mc_p.l(entry10a.o)
    0x0001d0d0   0x00000000   Code   RO         3407    .ARM.Collect$$$$0000000F  mc_p.l(entry11a.o)
    0x0001d0d0   0x00000004   Code   RO         3396    .ARM.Collect$$$$00002712  mc_p.l(entry2.o)
    0x0001d0d4   0x0000001e   Code   RO         2686    .emb_text           app_timer.o
    0x0001d0f2   0x00000002   PAD
    0x0001d0f4   0x00000038   Code   RO         1352    .text               arm_startup_nrf51.o
    0x0001d12c   0x0000002c   Code   RO         3110    .text               mc_p.l(uidiv.o)
    0x0001d158   0x00000028   Code   RO         3112    .text               mc_p.l(idiv.o)
    0x0001d180   0x00000040   Code   RO         3118    .text               mc_p.l(memmovea.o)
    0x0001d1c0   0x00000024   Code   RO         3120    .text               mc_p.l(memseta.o)
    0x0001d1e4   0x0000001c   Code   RO         3124    .text               mc_p.l(strcmp.o)
    0x0001d200   0x0000001a   Code   RO         3126    .text               mc_p.l(memcmp.o)
    0x0001d21a   0x00000012   Code   RO         3128    .text               mc_p.l(strcpy.o)
    0x0001d22c   0x00000060   Code   RO         3409    .text               mc_p.l(uldiv.o)
    0x0001d28c   0x00000024   Code   RO         3422    .text               mc_p.l(init.o)
    0x0001d2b0   0x00000020   Code   RO         3424    .text               mc_p.l(llshl.o)
    0x0001d2d0   0x00000022   Code   RO         3426    .text               mc_p.l(llushr.o)
    0x0001d2f2   0x0000003a   Code   RO         3442    .text               mc_p.l(__dczerorl.o)
    0x0001d32c   0x00000108   Code   RO         2150    i.GPIOTE_IRQHandler  nrf_drv_gpiote.o
    0x0001d434   0x00000044   Code   RO         2687    i.NVIC_SetPriority  app_timer.o
    0x0001d478   0x00000020   Code   RO         2688    i.RTC1_IRQHandler   app_timer.o
    0x0001d498   0x00000054   Code   RO         2689    i.SWI0_IRQHandler   app_timer.o
    0x0001d4ec   0x00000024   Code   RO         2920    i.SWI2_IRQHandler   softdevice_handler.o
    0x0001d510   0x00000054   Code   RO         1359    i.SystemInit        system_nrf51.o
    0x0001d564   0x00000080   Code   RO         1982    i.UART0_IRQHandler  app_uart_fifo.o
    0x0001d5e4   0x00000020   Code   RO         3341    i.__0printf$8       mc_p.l(printf8.o)
    0x0001d604   0x00000028   Code   RO         3343    i.__0sprintf$8      mc_p.l(printf8.o)
    0x0001d62c   0x0000001a   Code   RO          899    i.__ARM_common_switch8  cling_comm_cmd.o
    0x0001d646   0x0000000e   Code   RO         3436    i.__scatterload_copy  mc_p.l(handlers.o)
    0x0001d654   0x00000002   Code   RO         3437    i.__scatterload_null  mc_p.l(handlers.o)
    0x0001d656   0x0000000e   Code   RO         3438    i.__scatterload_zeroinit  mc_p.l(handlers.o)
    0x0001d664   0x00000430   Code   RO         3348    i._printf_core      mc_p.l(printf8.o)
    0x0001da94   0x00000020   Code   RO         3349    i._printf_post_padding  mc_p.l(printf8.o)
    0x0001dab4   0x0000002c   Code   RO         3350    i._printf_pre_padding  mc_p.l(printf8.o)
    0x0001dae0   0x000000d4   Code   RO         1077    i._receivedPacketProcess  cling_comm_mac.o
    0x0001dbb4   0x0000000a   Code   RO         3352    i._sputc            mc_p.l(printf8.o)
    0x0001dbbe   0x00000002   PAD
    0x0001dbc0   0x0000004c   Code   RO         1983    i.action_tx_send    app_uart_fifo.o
    0x0001dc0c   0x00000024   Code   RO         1984    i.action_tx_stop    app_uart_fifo.o
    0x0001dc30   0x00000020   Code   RO         1985    i.action_uart_deactivate  app_uart_fifo.o
    0x0001dc50   0x00000058   Code   RO          519    i.add_timer_struct  hal_timer.o
    0x0001dca8   0x0000002e   Code   RO          209    i.adv_report_parse  main.o
    0x0001dcd6   0x0000003c   Code   RO         1309    i.advertising_buttons_configure  bsp_btn_ble.o
    0x0001dd12   0x00000002   PAD
    0x0001dd14   0x00000018   Code   RO         1193    i.alert_timer_handler  bsp.o
    0x0001dd2c   0x00000024   Code   RO         2577    i.app_button_enable  app_button.o
    0x0001dd50   0x00000078   Code   RO         2578    i.app_button_init   app_button.o
    0x0001ddc8   0x00000018   Code   RO         2633    i.app_error_handler  app_error.o
    0x0001dde0   0x00000054   Code   RO         1698    i.app_evt_notify    device_manager_central.o
    0x0001de34   0x00000022   Code   RO         2655    i.app_fifo_get      app_fifo.o
    0x0001de56   0x00000024   Code   RO         2656    i.app_fifo_init     app_fifo.o
    0x0001de7a   0x00000022   Code   RO         2657    i.app_fifo_put      app_fifo.o
    0x0001de9c   0x0000002c   Code   RO         2335    i.app_notify        pstorage.o
    0x0001dec8   0x00000020   Code   RO         2336    i.app_notify_error_state_transit  pstorage.o
    0x0001dee8   0x0000004c   Code   RO         2692    i.app_timer_create  app_timer.o
    0x0001df34   0x000000b4   Code   RO         2693    i.app_timer_init    app_timer.o
    0x0001dfe8   0x00000084   Code   RO         2694    i.app_timer_start   app_timer.o
    0x0001e06c   0x00000058   Code   RO         2695    i.app_timer_stop    app_timer.o
    0x0001e0c4   0x00000034   Code   RO         2838    i.app_trace_dump    app_trace.o
    0x0001e0f8   0x00000048   Code   RO         2839    i.app_trace_init    app_trace.o
    0x0001e140   0x00000194   Code   RO         1990    i.app_uart_init     app_uart_fifo.o
    0x0001e2d4   0x0000001c   Code   RO         1991    i.app_uart_put      app_uart_fifo.o
    0x0001e2f0   0x0000004c   Code   RO         1514    i.ble_db_discovery_evt_register  ble_db_discovery.o
    0x0001e33c   0x00000018   Code   RO         1515    i.ble_db_discovery_init  ble_db_discovery.o
    0x0001e354   0x000000a4   Code   RO         1516    i.ble_db_discovery_on_ble_evt  ble_db_discovery.o
    0x0001e3f8   0x0000006c   Code   RO         1517    i.ble_db_discovery_start  ble_db_discovery.o
    0x0001e464   0x00000030   Code   RO          211    i.ble_evt_dispatch  main.o
    0x0001e494   0x00000034   Code   RO         1604    i.ble_hrs_c_hrm_notif_enable  ble_hrs_c.o
    0x0001e4c8   0x00000070   Code   RO         1605    i.ble_hrs_c_init    ble_hrs_c.o
    0x0001e538   0x000000b0   Code   RO         1606    i.ble_hrs_c_on_ble_evt  ble_hrs_c.o
    0x0001e5e8   0x00000068   Code   RO          212    i.ble_stack_init    main.o
    0x0001e650   0x000000a8   Code   RO          985    i.ble_stack_logic_link_app_ack_process  cling_comm_logic_link.o
    0x0001e6f8   0x000000c4   Code   RO          986    i.ble_stack_logic_link_write_rsp_call_back  cling_comm_logic_link.o
    0x0001e7bc   0x00000014   Code   RO         1078    i.ble_stack_mac_layer_write_rsp_call_back  cling_comm_mac.o
    0x0001e7d0   0x00000010   Code   RO         1079    i.ble_stack_mac_layer_write_rsp_callback_register  cling_comm_mac.o
    0x0001e7e0   0x00000018   Code   RO         1607    i.ble_tx_send       ble_hrs_c.o
    0x0001e7f8   0x00000054   Code   RO         1310    i.bsp_btn_ble_init  bsp_btn_ble.o
    0x0001e84c   0x00000078   Code   RO         1311    i.bsp_btn_ble_on_ble_evt  bsp_btn_ble.o
    0x0001e8c4   0x00000014   Code   RO         1312    i.bsp_btn_ble_sleep_mode_prepare  bsp_btn_ble.o
    0x0001e8d8   0x0000009c   Code   RO         1194    i.bsp_button_event_handler  bsp.o
    0x0001e974   0x0000002c   Code   RO         1195    i.bsp_button_is_pressed  bsp.o
    0x0001e9a0   0x00000080   Code   RO          213    i.bsp_event_handler  main.o
    0x0001ea20   0x00000048   Code   RO         1199    i.bsp_event_to_button_action_assign  bsp.o
    0x0001ea68   0x0000001c   Code   RO         1200    i.bsp_indication_set  bsp.o
    0x0001ea84   0x000000a0   Code   RO         1202    i.bsp_init          bsp.o
    0x0001eb24   0x000001f0   Code   RO         1203    i.bsp_led_indication  bsp.o
    0x0001ed14   0x0000003c   Code   RO         1204    i.bsp_wakeup_buttons_set  bsp.o
    0x0001ed50   0x0000000c   Code   RO         1205    i.button_timer_handler  bsp.o
    0x0001ed5c   0x00000054   Code   RO         1608    i.cccd_configure    ble_hrs_c.o
    0x0001edb0   0x0000001c   Code   RO         2151    i.channel_free      nrf_drv_gpiote.o
    0x0001edcc   0x00000048   Code   RO         2152    i.channel_port_alloc  nrf_drv_gpiote.o
    0x0001ee14   0x00000010   Code   RO         2153    i.channel_port_get  nrf_drv_gpiote.o
    0x0001ee24   0x0000003c   Code   RO         1518    i.characteristics_discover  ble_db_discovery.o
    0x0001ee60   0x000000f8   Code   RO         2337    i.clear_operation_execute  pstorage.o
    0x0001ef58   0x00000024   Code   RO         2338    i.clear_post_processing_run  pstorage.o
    0x0001ef7c   0x00000010   Code   RO          737    i.cling_comm_cmd_load_device_info  cling_comm_cmd.o
    0x0001ef8c   0x00000028   Code   RO          918    i.cling_comm_hal_init  cling_comm_hal.o
    0x0001efb4   0x00000070   Code   RO          987    i.cling_comm_logic_link_init  cling_comm_logic_link.o
    0x0001f024   0x00000024   Code   RO         1080    i.cling_comm_mac_init  cling_comm_mac.o
    0x0001f048   0x00000028   Code   RO         1154    i.cling_comm_user_init  cling_comm_user.o
    0x0001f070   0x00000038   Code   RO         2339    i.cmd_process       pstorage.o
    0x0001f0a8   0x00000020   Code   RO         2340    i.cmd_queue_element_init  pstorage.o
    0x0001f0c8   0x0000004c   Code   RO         2341    i.cmd_queue_enqueue  pstorage.o
    0x0001f114   0x00000010   Code   RO          919    i.comm_hal_error_handle_register  cling_comm_hal.o
    0x0001f124   0x00000010   Code   RO          920    i.comm_hal_normal_package_recieve_callback_register  cling_comm_hal.o
    0x0001f134   0x00000010   Code   RO          921    i.comm_hal_single_package_recieve_callback_register  cling_comm_hal.o
    0x0001f144   0x00000010   Code   RO          988    i.comm_link_error_handle_register  cling_comm_logic_link.o
    0x0001f154   0x00000014   Code   RO          989    i.comm_link_error_handler  cling_comm_logic_link.o
    0x0001f168   0x00000010   Code   RO          990    i.comm_link_normal_package_recieve_callback_register  cling_comm_logic_link.o
    0x0001f178   0x00000010   Code   RO          991    i.comm_link_single_package_recieve_callback_register  cling_comm_logic_link.o
    0x0001f188   0x000000f8   Code   RO          992    i.comm_logic_link_recevive_normal_package_call_back  cling_comm_logic_link.o
    0x0001f280   0x00000018   Code   RO          993    i.comm_logic_link_recevive_single_package_call_back  cling_comm_logic_link.o
    0x0001f298   0x00000010   Code   RO         1082    i.comm_mac_error_handle_register  cling_comm_mac.o
    0x0001f2a8   0x00000010   Code   RO         1083    i.comm_mac_normal_package_recieve_callback_register  cling_comm_mac.o
    0x0001f2b8   0x00000010   Code   RO         1084    i.comm_mac_single_package_recieve_callback_register  cling_comm_mac.o
    0x0001f2c8   0x00000048   Code   RO          922    i.comm_protocol_hal_normal_package_recieved_callback  cling_comm_hal.o
    0x0001f310   0x0000002c   Code   RO          923    i.comm_protocol_hal_send_packet  cling_comm_hal.o
    0x0001f33c   0x00000014   Code   RO          924    i.comm_protocol_hal_single_package_recieved_callback  cling_comm_hal.o
    0x0001f350   0x00000088   Code   RO         1085    i.comm_protocol_mac_send_normal_package  cling_comm_mac.o
    0x0001f3d8   0x00000050   Code   RO         1086    i.comm_protocol_mac_send_singlepacket  cling_comm_mac.o
    0x0001f428   0x00000014   Code   RO         1155    i.comm_user_error_handler  cling_comm_user.o
    0x0001f43c   0x0000004c   Code   RO         1156    i.comm_user_normal_recieved_callback  cling_comm_user.o
    0x0001f488   0x00000004   Code   RO         1157    i.comm_user_stream_recieved_callback  cling_comm_user.o
    0x0001f48c   0x0000003c   Code   RO         2342    i.command_end_procedure_run  pstorage.o
    0x0001f4c8   0x000000a4   Code   RO         2697    i.compare_reg_update  app_timer.o
    0x0001f56c   0x000000d8   Code   RO         1699    i.connection_instance_allocate  device_manager_central.o
    0x0001f644   0x00000030   Code   RO         1700    i.connection_instance_find  device_manager_central.o
    0x0001f674   0x00000060   Code   RO         1701    i.connection_instance_init  device_manager_central.o
    0x0001f6d4   0x00000054   Code   RO         2343    i.data_page_erase_state_run  pstorage.o
    0x0001f728   0x00000028   Code   RO         2344    i.data_to_swap_write_state_run  pstorage.o
    0x0001f750   0x00000104   Code   RO         1609    i.db_discover_evt_handler  ble_hrs_c.o
    0x0001f854   0x0000000a   Code   RO          465    i.deinit_base_object_implement  base_object.o
    0x0001f85e   0x0000000a   Code   RO          579    i.deinit_event_hal_manager  event_hal.o
    0x0001f868   0x00000028   Code   RO          520    i.del_struct        hal_timer.o
    0x0001f890   0x0000006c   Code   RO          694    i.delete_message    message.o
    0x0001f8fc   0x00000086   Code   RO         1519    i.descriptors_discover  ble_db_discovery.o
    0x0001f982   0x00000002   PAD
    0x0001f984   0x00000060   Code   RO         2580    i.detection_delay_timeout_handler  app_button.o
    0x0001f9e4   0x00000244   Code   RO         1702    i.device_context_store  device_manager_central.o
    0x0001fc28   0x00000118   Code   RO         1703    i.device_instance_allocate  device_manager_central.o
    0x0001fd40   0x00000110   Code   RO         1704    i.device_instance_find  device_manager_central.o
    0x0001fe50   0x000003fc   Code   RO          214    i.device_manager_event_handler  main.o
    0x0002024c   0x00000080   Code   RO          215    i.device_manager_init  main.o
    0x000202cc   0x00000070   Code   RO         1520    i.discovery_complete_evt_trigger  ble_db_discovery.o
    0x0002033c   0x00000050   Code   RO         1521    i.discovery_error_evt_trigger  ble_db_discovery.o
    0x0002038c   0x00000774   Code   RO         1710    i.dm_ble_evt_handler  device_manager_central.o
    0x00020b00   0x0000001c   Code   RO         1715    i.dm_handle_initialize  device_manager_central.o
    0x00020b1c   0x000002bc   Code   RO         1716    i.dm_init           device_manager_central.o
    0x00020dd8   0x00000258   Code   RO         1719    i.dm_pstorage_cb_handler  device_manager_central.o
    0x00021030   0x000000c4   Code   RO         1720    i.dm_register       device_manager_central.o
    0x000210f4   0x00000154   Code   RO         1721    i.dm_security_setup_req  device_manager_central.o
    0x00021248   0x00000108   Code   RO         1726    i.dm_whitelist_create  device_manager_central.o
    0x00021350   0x00000040   Code   RO         2698    i.elapsed_ticks_acquire  app_timer.o
    0x00021390   0x00000058   Code   RO         2699    i.expired_timers_handler  app_timer.o
    0x000213e8   0x00000020   Code   RO         2345    i.flash_api_err_code_process  pstorage.o
    0x00021408   0x00000080   Code   RO         2346    i.flash_operation_success_run  pstorage.o
    0x00021488   0x0000000a   Code   RO         2347    i.flash_page_erase  pstorage.o
    0x00021492   0x0000000a   Code   RO         2348    i.flash_write       pstorage.o
    0x0002149c   0x0000000e   Code   RO         2887    i.fputc             retarget.o
    0x000214aa   0x00000002   PAD
    0x000214ac   0x00000010   Code   RO         1727    i.gattc_context_apply  device_manager_central.o
    0x000214bc   0x00000010   Code   RO         1728    i.gattc_context_load  device_manager_central.o
    0x000214cc   0x00000010   Code   RO         1729    i.gattc_context_store  device_manager_central.o
    0x000214dc   0x0000012c   Code   RO         1730    i.gatts_context_apply  device_manager_central.o
    0x00021608   0x000000dc   Code   RO         1731    i.gatts_context_load  device_manager_central.o
    0x000216e4   0x00000288   Code   RO         1732    i.gatts_context_store  device_manager_central.o
    0x0002196c   0x00000040   Code   RO         1733    i.gattsc_context_apply  device_manager_central.o
    0x000219ac   0x00000044   Code   RO         1734    i.gattsc_context_load  device_manager_central.o
    0x000219f0   0x00000048   Code   RO         1735    i.gattsc_context_store  device_manager_central.o
    0x00021a38   0x0000000c   Code   RO         2700    i.get_hw_layer_timer  app_timer.o
    0x00021a44   0x00000026   Code   RO          695    i.get_message       message.o
    0x00021a6a   0x00000002   PAD
    0x00021a6c   0x0000004c   Code   RO         2581    i.gpiote_event_handler  app_button.o
    0x00021ab8   0x00000016   Code   RO         1992    i.gpiote_uart_event_handler  app_uart_fifo.o
    0x00021ace   0x00000002   PAD
    0x00021ad0   0x00000010   Code   RO          925    i.hal_error_handler  cling_comm_hal.o
    0x00021ae0   0x00000078   Code   RO         2349    i.head_restore_state_run  pstorage.o
    0x00021b58   0x000000b4   Code   RO          216    i.hrs_c_evt_handler  main.o
    0x00021c0c   0x00000034   Code   RO          466    i.init_base_object_implement  base_object.o
    0x00021c40   0x00000048   Code   RO          580    i.init_event_hal_manager  event_hal.o
    0x00021c88   0x0000009c   Code   RO         1736    i.initiate_security_request  device_manager_central.o
    0x00021d24   0x00000080   Code   RO         2921    i.intern_softdevice_events_execute  softdevice_handler.o
    0x00021da4   0x00000048   Code   RO         1522    i.is_desc_discovery_reqd  ble_db_discovery.o
    0x00021dec   0x00000048   Code   RO         1360    i.is_manual_peripheral_setup_needed  system_nrf51.o
    0x00021e34   0x00000044   Code   RO         2350    i.is_page_erase_required  pstorage.o
    0x00021e78   0x0000000c   Code   RO         2922    i.is_softdevice_enable  softdevice_handler.o
    0x00021e84   0x0000000c   Code   RO         2351    i.is_word_aligned   pstorage.o
    0x00021e90   0x00000018   Code   RO         1206    i.leds_timer_handler  bsp.o
    0x00021ea8   0x00000094   Code   RO         2701    i.list_deletions_handler  app_timer.o
    0x00021f3c   0x000000f0   Code   RO         2702    i.list_insertions_handler  app_timer.o
    0x0002202c   0x00000118   Code   RO          994    i.logic_link_send_normal_package  cling_comm_logic_link.o
    0x00022144   0x00000044   Code   RO          995    i.logic_link_send_single_package  cling_comm_logic_link.o
    0x00022188   0x00000098   Code   RO          414    i.lx_free           lx_heap.o
    0x00022220   0x000000b8   Code   RO          415    i.lx_malloc         lx_heap.o
    0x000222d8   0x00000154   Code   RO          217    i.main              main.o
    0x0002242c   0x00000018   Code   RO         2352    i.main_state_err_busy_process  pstorage.o
    0x00022444   0x00000068   Code   RO         1737    i.no_service_context_apply  device_manager_central.o
    0x000224ac   0x00000030   Code   RO         1738    i.no_service_context_load  device_manager_central.o
    0x000224dc   0x00000034   Code   RO         1739    i.no_service_context_store  device_manager_central.o
    0x00022510   0x00000060   Code   RO         2127    i.nrf_drv_common_irq_enable  nrf_drv_common.o
    0x00022570   0x000000a0   Code   RO         2156    i.nrf_drv_gpiote_in_event_enable  nrf_drv_gpiote.o
    0x00022610   0x00000090   Code   RO         2157    i.nrf_drv_gpiote_in_init  nrf_drv_gpiote.o
    0x000226a0   0x00000014   Code   RO         2158    i.nrf_drv_gpiote_in_is_set  nrf_drv_gpiote.o
    0x000226b4   0x00000054   Code   RO         2160    i.nrf_drv_gpiote_init  nrf_drv_gpiote.o
    0x00022708   0x00000010   Code   RO         2161    i.nrf_drv_gpiote_is_init  nrf_drv_gpiote.o
    0x00022718   0x00000098   Code   RO         2163    i.nrf_drv_gpiote_out_init  nrf_drv_gpiote.o
    0x000227b0   0x00000020   Code   RO         2173    i.nrf_gpio_cfg_sense_set  nrf_drv_gpiote.o
    0x000227d0   0x00000014   Code   RO         2174    i.nrf_gpiote_event_is_set  nrf_drv_gpiote.o
    0x000227e4   0x000001b0   Code   RO          218    i.on_ble_evt        main.o
    0x00022994   0x000000d0   Code   RO         1523    i.on_characteristic_discovery_rsp  ble_db_discovery.o
    0x00022a64   0x000000ac   Code   RO         1524    i.on_descriptor_discovery_rsp  ble_db_discovery.o
    0x00022b10   0x00000068   Code   RO         1525    i.on_srv_disc_completion  ble_db_discovery.o
    0x00022b78   0x00000088   Code   RO         1993    i.on_uart_event     app_uart_fifo.o
    0x00022c00   0x00000064   Code   RO          581    i.os_event_put      event_hal.o
    0x00022c64   0x00000064   Code   RO          582    i.os_event_resister  event_hal.o
    0x00022cc8   0x0000000c   Code   RO          620    i.os_get_current_taskid  os.o
    0x00022cd4   0x0000000c   Code   RO          621    i.os_get_taskstate  os.o
    0x00022ce0   0x00000064   Code   RO          623    i.os_init           os.o
    0x00022d44   0x0000003c   Code   RO          467    i.os_object_add     base_object.o
    0x00022d80   0x00000012   Code   RO          468    i.os_object_detach  base_object.o
    0x00022d92   0x00000028   Code   RO          469    i.os_object_find    base_object.o
    0x00022dba   0x00000018   Code   RO          470    i.os_object_pop     base_object.o
    0x00022dd2   0x00000002   PAD
    0x00022dd4   0x00000040   Code   RO          624    i.os_shedule        os.o
    0x00022e14   0x00000034   Code   RO          523    i.os_timer_period   hal_timer.o
    0x00022e48   0x00000070   Code   RO         1740    i.peer_instance_init  device_manager_central.o
    0x00022eb8   0x0000002c   Code   RO         1526    i.pending_user_evts_send  ble_db_discovery.o
    0x00022ee4   0x00000014   Code   RO         2175    i.pin_in_use_by_gpiote  nrf_drv_gpiote.o
    0x00022ef8   0x00000018   Code   RO         2176    i.pin_in_use_by_port  nrf_drv_gpiote.o
    0x00022f10   0x00000018   Code   RO         2177    i.pin_in_use_by_te  nrf_drv_gpiote.o
    0x00022f28   0x00000028   Code   RO         2353    i.pstorage_access_status_get  pstorage.o
    0x00022f50   0x00000054   Code   RO         2354    i.pstorage_block_identifier_get  pstorage.o
    0x00022fa4   0x000000a4   Code   RO         2355    i.pstorage_clear    pstorage.o
    0x00023048   0x00000024   Code   RO         2356    i.pstorage_flash_page_end  pstorage.o
    0x0002306c   0x0000000a   Code   RO         2357    i.pstorage_flash_page_size  pstorage.o
    0x00023076   0x00000002   PAD
    0x00023078   0x0000004c   Code   RO         2358    i.pstorage_init     pstorage.o
    0x000230c4   0x000000a8   Code   RO         2359    i.pstorage_load     pstorage.o
    0x0002316c   0x000000b4   Code   RO         2360    i.pstorage_register  pstorage.o
    0x00023220   0x00000090   Code   RO         2361    i.pstorage_store    pstorage.o
    0x000232b0   0x0000004c   Code   RO         2362    i.pstorage_sys_event_handler  pstorage.o
    0x000232fc   0x00000090   Code   RO         2363    i.pstorage_update   pstorage.o
    0x0002338c   0x00000048   Code   RO          996    i.recieve_packet_timeout_process  cling_comm_logic_link.o
    0x000233d4   0x0000003c   Code   RO         1527    i.registered_handler_get  ble_db_discovery.o
    0x00023410   0x00000044   Code   RO         2703    i.rtc1_stop         app_timer.o
    0x00023454   0x000000cc   Code   RO          219    i.scan_start        main.o
    0x00023520   0x000000c8   Code   RO          696    i.send_message      message.o
    0x000235e8   0x00000174   Code   RO          997    i.send_packet_list_demon  cling_comm_logic_link.o
    0x0002375c   0x00000048   Code   RO         2364    i.sm_state_change   pstorage.o
    0x000237a4   0x0000000c   Code   RO         2923    i.softdevice_assertion_handler  softdevice_handler.o
    0x000237b0   0x00000014   Code   RO         2924    i.softdevice_ble_evt_handler_set  softdevice_handler.o
    0x000237c4   0x00000030   Code   RO         2925    i.softdevice_handler_init  softdevice_handler.o
    0x000237f4   0x00000014   Code   RO         2927    i.softdevice_sys_evt_handler_set  softdevice_handler.o
    0x00023808   0x00000064   Code   RO         2365    i.state_data_erase_swap_entry_run  pstorage.o
    0x0002386c   0x00000010   Code   RO         2366    i.state_erase_data_page_entry_run  pstorage.o
    0x0002387c   0x00000028   Code   RO         2367    i.state_restore_head_entry_run  pstorage.o
    0x000238a4   0x0000004c   Code   RO         2368    i.state_restore_tail_entry_run  pstorage.o
    0x000238f0   0x00000020   Code   RO         2369    i.state_swap_erase_entry_run  pstorage.o
    0x00023910   0x00000030   Code   RO         2370    i.state_write_data_swap_entry_run  pstorage.o
    0x00023940   0x00000004   Code   RO         1741    i.storage_operation_dummy_handler  device_manager_central.o
    0x00023944   0x0000005c   Code   RO         2371    i.store_cmd_flash_write_execute  pstorage.o
    0x000239a0   0x0000001c   Code   RO         2372    i.swap_erase_state_run  pstorage.o
    0x000239bc   0x00000018   Code   RO         2373    i.swap_sub_state_err_busy_process  pstorage.o
    0x000239d4   0x00000014   Code   RO         2374    i.swap_sub_state_state_change  pstorage.o
    0x000239e8   0x00000028   Code   RO          220    i.sys_evt_dispatch  main.o
    0x00023a10   0x00000014   Code   RO          626    i.systick_process   os.o
    0x00023a24   0x0000001c   Code   RO         2375    i.tail_restore_state_run  pstorage.o
    0x00023a40   0x0000000e   Code   RO            5    i.task_free         system_task.o
    0x00023a4e   0x00000002   Code   RO            6    i.task_free_init    system_task.o
    0x00023a50   0x00000094   Code   RO            7    i.task_system       system_task.o
    0x00023ae4   0x0000003c   Code   RO            8    i.task_system_init  system_task.o
    0x00023b20   0x00000018   Code   RO          627    i.task_ticks_inc    os.o
    0x00023b38   0x00000010   Code   RO         2704    i.timer_list_handler_sched  app_timer.o
    0x00023b48   0x00000064   Code   RO         2705    i.timer_list_insert  app_timer.o
    0x00023bac   0x00000070   Code   RO         2706    i.timer_list_remove  app_timer.o
    0x00023c1c   0x00000064   Code   RO          524    i.timer_process     hal_timer.o
    0x00023c80   0x00000084   Code   RO         2707    i.timer_timeouts_check  app_timer.o
    0x00023d04   0x00000084   Code   RO         1463    i.tx_buffer_process  ble_bas_c.o
    0x00023d88   0x000000ac   Code   RO         1610    i.tx_buffer_process  ble_hrs_c.o
    0x00023e34   0x000000ac   Code   RO         1611    i.tx_send           ble_hrs_c.o
    0x00023ee0   0x00000018   Code   RO          221    i.uart_error_handle  main.o
    0x00023ef8   0x00000014   Code   RO         1742    i.update_status_bit_reset  device_manager_central.o
    0x00023f0c   0x00000054   Code   RO         2708    i.user_id_get       app_timer.o
    0x00023f60   0x00000024   Code   RO         2709    i.user_op_alloc     app_timer.o
    0x00023f84   0x00000008   Data   RO            9    .constdata          system_task.o
    0x00023f8c   0x00000008   Data   RO           10    .constdata          system_task.o
    0x00023f94   0x00000055   Data   RO          223    .constdata          main.o
    0x00023fe9   0x000000b6   Data   RO          999    .constdata          cling_comm_logic_link.o
    0x0002409f   0x00000001   PAD
    0x000240a0   0x00000043   Data   RO         1087    .constdata          cling_comm_mac.o
    0x000240e3   0x00000001   PAD
    0x000240e4   0x00000030   Data   RO         1208    .constdata          bsp.o
    0x00024114   0x000000ba   Data   RO         1465    .constdata          ble_bas_c.o
    0x000241ce   0x00000002   PAD
    0x000241d0   0x00000108   Data   RO         1529    .constdata          ble_db_discovery.o
    0x000242d8   0x0000010a   Data   RO         1613    .constdata          ble_hrs_c.o
    0x000243e2   0x00000002   PAD
    0x000243e4   0x00000466   Data   RO         1744    .constdata          device_manager_central.o
    0x0002484a   0x00000002   PAD
    0x0002484c   0x00000008   Data   RO         1997    .constdata          app_uart_fifo.o
    0x00024854   0x00000028   Data   RO         2377    .constdata          pstorage.o
    0x0002487c   0x00000004   Data   RO         2582    .constdata          app_button.o
    0x00024880   0x0000000c   Data   RO         2842    .constdata          app_trace.o
    0x0002488c   0x00000020   Data   RO         3434    Region$$Table       anon$$obj.o


    Execution Region RW_IRAM1 (Base: 0x20002800, Size: 0x00002890, Max: 0x00005800, ABSOLUTE, COMPRESSED[0x00000014])

    Base Addr    Size         Type   Attr      Idx    E Section Name        Object

    0x20002800   0x00000002   Data   RW           11    .data               system_task.o
    0x20002802   0x00000002   PAD
    0x20002804   0x00000008   Data   RW           12    .data               system_task.o
    0x2000280c   0x00000010   Data   RW          224    .data               main.o
    0x2000281c   0x00000001   Data   RW          418    .data               lx_heap.o
    0x2000281d   0x00000003   PAD
    0x20002820   0x00000004   Data   RW          525    .data               hal_timer.o
    0x20002824   0x00000008   Data   RW          583    .data               event_hal.o
    0x2000282c   0x00000010   Data   RW          630    .data               os.o
    0x2000283c   0x00000001   Data   RW          697    .data               message.o
    0x2000283d   0x00000003   PAD
    0x20002840   0x0000000c   Data   RW          926    .data               cling_comm_hal.o
    0x2000284c   0x0000002c   Data   RW         1000    .data               cling_comm_logic_link.o
    0x20002878   0x00000014   Data   RW         1088    .data               cling_comm_mac.o
    0x2000288c   0x00000004   Data   RW         1158    .data               cling_comm_user.o
    0x20002890   0x00000020   Data   RW         1209    .data               bsp.o
    0x200028b0   0x00000008   Data   RW         1313    .data               bsp_btn_ble.o
    0x200028b8   0x00000004   Data   RW         1361    .data               system_nrf51.o
    0x200028bc   0x0000000c   Data   RW         1466    .data               ble_bas_c.o
    0x200028c8   0x00000010   Data   RW         1530    .data               ble_db_discovery.o
    0x200028d8   0x0000000c   Data   RW         1614    .data               ble_hrs_c.o
    0x200028e4   0x00000010   Data   RW         1745    .data               device_manager_central.o
    0x200028f4   0x00000008   Data   RW         1998    .data               app_uart_fifo.o
    0x200028fc   0x00000024   Data   RW         2378    .data               pstorage.o
    0x20002920   0x00000018   Data   RW         2583    .data               app_button.o
    0x20002938   0x0000001c   Data   RW         2711    .data               app_timer.o
    0x20002954   0x00000001   Data   RW         2843    .data               app_trace.o
    0x20002955   0x00000003   PAD
    0x20002958   0x00000004   Data   RW         2888    .data               retarget.o
    0x2000295c   0x00000014   Data   RW         2928    .data               softdevice_handler.o
    0x20002970   0x00000544   Zero   RW          222    .bss                main.o
    0x20002eb4   0x00001100   Zero   RW          417    .bss                lx_heap.o
    0x20003fb4   0x00000080   Zero   RW          998    .bss                cling_comm_logic_link.o
    0x20004034   0x0000000c   Zero   RW         1207    .bss                bsp.o
    0x20004040   0x000000a0   Zero   RW         1464    .bss                ble_bas_c.o
    0x200040e0   0x000001b8   Zero   RW         1528    .bss                ble_db_discovery.o
    0x20004298   0x00000280   Zero   RW         1612    .bss                ble_hrs_c.o
    0x20004518   0x0000011b   Zero   RW         1743    .bss                device_manager_central.o
    0x20004633   0x00000001   PAD
    0x20004634   0x00000020   Zero   RW         1996    .bss                app_uart_fifo.o
    0x20004654   0x00000050   Zero   RW         2178    .bss                nrf_drv_gpiote.o
    0x200046a4   0x000000d8   Zero   RW         2376    .bss                pstorage.o
    0x2000477c   0x00000010   Zero   RW         2710    .bss                app_timer.o
    0x2000478c   0x00000100   Zero   RW         2841    .bss                app_trace.o
    0x2000488c   0x00000004   PAD
    0x20004890   0x00000800   Zero   RW         1349    STACK               arm_startup_nrf51.o


==============================================================================

Image component sizes


      Code (inc. data)   RO Data    RW Data    ZI Data      Debug   Object Name

       328         30          4         24          0       5758   app_button.o
        24          8          0          0          0       6720   app_error.o
       104          0          0          0          0       2478   app_fifo.o
      1954        174          0         28         16      25848   app_timer.o
       124         30         12          1        256       2006   app_trace.o
       862        142          8          8         32      20439   app_uart_fifo.o
        56         18        192          0       2048        672   arm_startup_nrf51.o
       204         24          0          0          0       3536   base_object.o
       132         60        186         12        160       5559   ble_bas_c.o
      1418         98        264         16        440      12243   ble_db_discovery.o
      1052        410        266         12        640       8357   ble_hrs_c.o
      1076        120         48         32         12      15577   bsp.o
       284         10          0          8          0       4585   bsp_btn_ble.o
        42          0          0          0          0        618   cling_comm_cmd.o
       240         74          0         12          0       5737   cling_comm_hal.o
      1608        444        182         44        128      11201   cling_comm_logic_link.o
       548        188         67         20          0       6830   cling_comm_mac.o
       140         54          0          4          0       6705   cling_comm_user.o
      7528       3682       1126         16        283      33046   device_manager_central.o
       282         38          0          8          0       3267   event_hal.o
       280         20          0          4          0       2730   hal_timer.o
       336         24          0          1       4352       3714   lx_heap.o
      2694       1068         85         16       1348      55212   main.o
       346         10          0          1          0       2986   message.o
        96         18          0          0          0       1420   nrf_drv_common.o
      1076        150          0          0         80      19714   nrf_drv_gpiote.o
       232         58          0         16          0       3685   os.o
      2810        266         40         36        216      32310   pstorage.o
        14          0          0          4          0       2542   retarget.o
       276         30          0         20          0       6187   softdevice_handler.o
       156         26          0          4          0       1987   system_nrf51.o
       224         14         16         10          0      64893   system_task.o

    ----------------------------------------------------------------------
     26562       7288       2536        368      10016     378562   Object Totals
         0          0         32          0          0          0   (incl. Generated)
        16          0          8         11          5          0   (incl. Padding)

    ----------------------------------------------------------------------

      Code (inc. data)   RO Data    RW Data    ZI Data      Debug   Library Member Name

        58          0          0          0          0          0   __dczerorl.o
         0          0          0          0          0          0   entry.o
         0          0          0          0          0          0   entry10a.o
         0          0          0          0          0          0   entry11a.o
         8          4          0          0          0          0   entry2.o
         4          0          0          0          0          0   entry5.o
         0          0          0          0          0          0   entry7b.o
         0          0          0          0          0          0   entry8b.o
         8          4          0          0          0          0   entry9a.o
        30          0          0          0          0          0   handlers.o
        40          0          0          0          0         72   idiv.o
        36          8          0          0          0         68   init.o
        32          0          0          0          0         68   llshl.o
        34          0          0          0          0         68   llushr.o
        26          0          0          0          0         72   memcmp.o
        64          0          0          0          0         68   memmovea.o
        36          0          0          0          0        100   memseta.o
      1230         58          0          0          0        468   printf8.o
        28          0          0          0          0         68   strcmp.o
        18          0          0          0          0         60   strcpy.o
        44          0          0          0          0         72   uidiv.o
        96          0          0          0          0         84   uldiv.o

    ----------------------------------------------------------------------
      1794         74          0          0          0       1268   Library Totals
         2          0          0          0          0          0   (incl. Padding)

    ----------------------------------------------------------------------

      Code (inc. data)   RO Data    RW Data    ZI Data      Debug   Library Name

      1792         74          0          0          0       1268   mc_p.l

    ----------------------------------------------------------------------
      1794         74          0          0          0       1268   Library Totals

    ----------------------------------------------------------------------

==============================================================================


      Code (inc. data)   RO Data    RW Data    ZI Data      Debug   

     28356       7362       2536        368      10016     368330   Grand Totals
     28356       7362       2536         20      10016     368330   ELF Image Totals (compressed)
     28356       7362       2536         20          0          0   ROM Totals

==============================================================================

    Total RO  Size (Code + RO Data)                30892 (  30.17kB)
    Total RW  Size (RW Data + ZI Data)             10384 (  10.14kB)
    Total ROM Size (Code + RO Data + RW Data)      30912 (  30.19kB)

==============================================================================

