<html>
<body>
<pre>
<h1>µVision Build Log</h1>
<h2>Project:</h2>
E:\vm\share\nrf51822_framework\examples\ble_central\ble_app_hrs_c\pca10028\s120\arm4\ble_app_hrs_c_s120_pca10028.uvproj
Project File Date:  09/24/2015

<h2>Output:</h2>
Build Project 'ble_app_hrs_c_s120_pca10028' - Target 'nrf51422_xxac_s120'
compiling comm_task.c...
E:\vm\share\nrf51822_framework\examples\ble_central\ble_app_hrs_c\incs\oop_hal.h(50): warning:  #1-D: last line of file ends without a newline
        
..\..\..\task\commtask\comm_task.c: 1 warning, 0 errors
linking...
Program Size: Code=29236 RO-data=2368 RW-data=376 ZI-data=9880  
FromELF: creating hex file...
".\_build\nrf51422_xxac_s120.axf" - 0 Error(s), 1 Warning(s).
</pre>
</body>
</html>
