ARM Linker, 5.03 [Build 76] [MDK-ARM Standard]

==============================================================================

Section Cross References

    system_task.o(i.task_free) refers to os.o(i.os_get_current_taskid) for os_get_current_taskid
    system_task.o(i.task_free) refers to os.o(i.task_ticks_inc) for task_ticks_inc
    system_task.o(i.task_system) refers to os.o(i.os_get_current_taskid) for os_get_current_taskid
    system_task.o(i.task_system) refers to os.o(i.os_get_taskstate) for os_get_taskstate
    system_task.o(i.task_system) refers to message.o(i.get_message) for get_message
    system_task.o(i.task_system) refers to ble_bas_c.o(i.tx_buffer_process) for tx_buffer_process
    system_task.o(i.task_system) refers to message.o(i.delete_message) for delete_message
    system_task.o(i.task_system) refers to os.o(i.task_ticks_inc) for task_ticks_inc
    system_task.o(i.task_system) refers to system_task.o(.data) for .data
    system_task.o(i.task_system_init) refers to os.o(i.os_get_current_taskid) for os_get_current_taskid
    system_task.o(i.task_system_init) refers to hal_timer.o(i.os_timer_period) for os_timer_period
    system_task.o(i.task_system_init) refers to lx_heap.o(i.lx_malloc) for lx_malloc
    system_task.o(i.task_system_init) refers to event_hal.o(i.init_event_hal_manager) for init_event_hal_manager
    system_task.o(i.task_system_init) refers to lx_heap.o(i.lx_free) for lx_free
    system_task.o(i.task_system_init) refers to system_task.o(.data) for .data
    system_task.o(.constdata) refers to system_task.o(i.task_system) for task_system
    system_task.o(.constdata) refers to system_task.o(i.task_free) for task_free
    system_task.o(.constdata) refers to system_task.o(i.task_system_init) for task_system_init
    system_task.o(.constdata) refers to system_task.o(i.task_free_init) for task_free_init
    main.o(i.assert_nrf_callback) refers to app_error.o(i.app_error_handler) for app_error_handler
    main.o(i.ble_evt_dispatch) refers to device_manager_central.o(i.dm_ble_evt_handler) for dm_ble_evt_handler
    main.o(i.ble_evt_dispatch) refers to ble_db_discovery.o(i.ble_db_discovery_on_ble_evt) for ble_db_discovery_on_ble_evt
    main.o(i.ble_evt_dispatch) refers to ble_hrs_c.o(i.ble_hrs_c_on_ble_evt) for ble_hrs_c_on_ble_evt
    main.o(i.ble_evt_dispatch) refers to bsp_btn_ble.o(i.bsp_btn_ble_on_ble_evt) for bsp_btn_ble_on_ble_evt
    main.o(i.ble_evt_dispatch) refers to main.o(i.on_ble_evt) for on_ble_evt
    main.o(i.ble_evt_dispatch) refers to main.o(.bss) for .bss
    main.o(i.ble_stack_init) refers to softdevice_handler.o(i.softdevice_handler_init) for softdevice_handler_init
    main.o(i.ble_stack_init) refers to app_error.o(i.app_error_handler) for app_error_handler
    main.o(i.ble_stack_init) refers to softdevice_handler.o(i.softdevice_ble_evt_handler_set) for softdevice_ble_evt_handler_set
    main.o(i.ble_stack_init) refers to softdevice_handler.o(i.softdevice_sys_evt_handler_set) for softdevice_sys_evt_handler_set
    main.o(i.ble_stack_init) refers to main.o(.bss) for .bss
    main.o(i.ble_stack_init) refers to main.o(i.ble_evt_dispatch) for ble_evt_dispatch
    main.o(i.ble_stack_init) refers to main.o(i.sys_evt_dispatch) for sys_evt_dispatch
    main.o(i.bsp_event_handler) refers to bsp.o(i.bsp_indication_set) for bsp_indication_set
    main.o(i.bsp_event_handler) refers to app_error.o(i.app_error_handler) for app_error_handler
    main.o(i.bsp_event_handler) refers to bsp_btn_ble.o(i.bsp_btn_ble_sleep_mode_prepare) for bsp_btn_ble_sleep_mode_prepare
    main.o(i.bsp_event_handler) refers to main.o(i.scan_start) for scan_start
    main.o(i.bsp_event_handler) refers to main.o(.data) for .data
    main.o(i.device_manager_event_handler) refers to printf8.o(i.__0printf$8) for __2printf
    main.o(i.device_manager_event_handler) refers to bsp.o(i.bsp_indication_set) for bsp_indication_set
    main.o(i.device_manager_event_handler) refers to app_error.o(i.app_error_handler) for app_error_handler
    main.o(i.device_manager_event_handler) refers to memmovea.o(.text) for __aeabi_memcpy
    main.o(i.device_manager_event_handler) refers to ble_db_discovery.o(i.ble_db_discovery_start) for ble_db_discovery_start
    main.o(i.device_manager_event_handler) refers to main.o(i.scan_start) for scan_start
    main.o(i.device_manager_event_handler) refers to memseta.o(.text) for __aeabi_memclr
    main.o(i.device_manager_event_handler) refers to device_manager_central.o(i.dm_security_setup_req) for dm_security_setup_req
    main.o(i.device_manager_event_handler) refers to ble_hrs_c.o(i.ble_hrs_c_hrm_notif_enable) for ble_hrs_c_hrm_notif_enable
    main.o(i.device_manager_event_handler) refers to main.o(.data) for .data
    main.o(i.device_manager_event_handler) refers to main.o(.constdata) for .constdata
    main.o(i.device_manager_event_handler) refers to main.o(.bss) for .bss
    main.o(i.device_manager_init) refers to pstorage.o(i.pstorage_init) for pstorage_init
[...]
    gattsc_context_store                     0x0002136d   Thumb Code    34  device_manager_central.o(i.gattsc_context_store)
    i.get_hw_layer_timer                     0x000213b4   Section        0  app_timer.o(i.get_hw_layer_timer)
    i.get_message                            0x000213c0   Section        0  message.o(i.get_message)
    i.gpiote_event_handler                   0x000213e8   Section        0  app_button.o(i.gpiote_event_handler)
    gpiote_event_handler                     0x000213e9   Thumb Code    72  app_button.o(i.gpiote_event_handler)
    i.gpiote_uart_event_handler              0x00021434   Section        0  app_uart_fifo.o(i.gpiote_uart_event_handler)
    gpiote_uart_event_handler                0x00021435   Thumb Code    22  app_uart_fifo.o(i.gpiote_uart_event_handler)
    i.head_restore_state_run                 0x0002144c   Section        0  pstorage.o(i.head_restore_state_run)
    head_restore_state_run                   0x0002144d   Thumb Code   110  pstorage.o(i.head_restore_state_run)
    i.hrs_c_evt_handler                      0x000214c4   Section        0  main.o(i.hrs_c_evt_handler)
    hrs_c_evt_handler                        0x000214c5   Thumb Code    78  main.o(i.hrs_c_evt_handler)
    i.init_base_object_implement             0x00021578   Section        0  base_object.o(i.init_base_object_implement)
    i.init_event_hal_manager                 0x000215a4   Section        0  event_hal.o(i.init_event_hal_manager)
    i.initiate_security_request              0x000215ec   Section        0  device_manager_central.o(i.initiate_security_request)
    i.intern_softdevice_events_execute       0x00021688   Section        0  softdevice_handler.o(i.intern_softdevice_events_execute)
    i.is_desc_discovery_reqd                 0x00021708   Section        0  ble_db_discovery.o(i.is_desc_discovery_reqd)
    is_desc_discovery_reqd                   0x00021709   Thumb Code    72  ble_db_discovery.o(i.is_desc_discovery_reqd)
    i.is_manual_peripheral_setup_needed      0x00021750   Section        0  system_nrf51.o(i.is_manual_peripheral_setup_needed)
    is_manual_peripheral_setup_needed        0x00021751   Thumb Code    66  system_nrf51.o(i.is_manual_peripheral_setup_needed)
    i.is_page_erase_required                 0x00021798   Section        0  pstorage.o(i.is_page_erase_required)
    is_page_erase_required                   0x00021799   Thumb Code    60  pstorage.o(i.is_page_erase_required)
    i.is_softdevice_enable                   0x000217dc   Section        0  softdevice_handler.o(i.is_softdevice_enable)
    i.is_word_aligned                        0x000217e8   Section        0  pstorage.o(i.is_word_aligned)
    is_word_aligned                          0x000217e9   Thumb Code    12  pstorage.o(i.is_word_aligned)
    i.leds_timer_handler                     0x000217f4   Section        0  bsp.o(i.leds_timer_handler)
    leds_timer_handler                       0x000217f5   Thumb Code    18  bsp.o(i.leds_timer_handler)
    i.list_deletions_handler                 0x0002180c   Section        0  app_timer.o(i.list_deletions_handler)
    list_deletions_handler                   0x0002180d   Thumb Code   144  app_timer.o(i.list_deletions_handler)
    i.list_insertions_handler                0x000218a0   Section        0  app_timer.o(i.list_insertions_handler)
    list_insertions_handler                  0x000218a1   Thumb Code   230  app_timer.o(i.list_insertions_handler)
    i.lx_free                                0x00021990   Section        0  lx_heap.o(i.lx_free)
    i.lx_malloc                              0x00021a28   Section        0  lx_heap.o(i.lx_malloc)
    i.main                                   0x00021ae0   Section        0  main.o(i.main)
    i.main_state_err_busy_process            0x00021c30   Section        0  pstorage.o(i.main_state_err_busy_process)
    main_state_err_busy_process              0x00021c31   Thumb Code    20  pstorage.o(i.main_state_err_busy_process)
    i.no_service_context_apply               0x00021c48   Section        0  device_manager_central.o(i.no_service_context_apply)
    no_service_context_apply                 0x00021c49   Thumb Code    22  device_manager_central.o(i.no_service_context_apply)
    i.no_service_context_load                0x00021cb0   Section        0  device_manager_central.o(i.no_service_context_load)
    no_service_context_load                  0x00021cb1   Thumb Code    12  device_manager_central.o(i.no_service_context_load)
    i.no_service_context_store               0x00021ce0   Section        0  device_manager_central.o(i.no_service_context_store)
    no_service_context_store                 0x00021ce1   Thumb Code    12  device_manager_central.o(i.no_service_context_store)
    i.nrf_drv_common_irq_enable              0x00021d14   Section        0  nrf_drv_common.o(i.nrf_drv_common_irq_enable)
    i.nrf_drv_gpiote_in_event_enable         0x00021d74   Section        0  nrf_drv_gpiote.o(i.nrf_drv_gpiote_in_event_enable)
    i.nrf_drv_gpiote_in_init                 0x00021e14   Section        0  nrf_drv_gpiote.o(i.nrf_drv_gpiote_in_init)
    i.nrf_drv_gpiote_in_is_set               0x00021ea4   Section        0  nrf_drv_gpiote.o(i.nrf_drv_gpiote_in_is_set)
    i.nrf_drv_gpiote_init                    0x00021eb8   Section        0  nrf_drv_gpiote.o(i.nrf_drv_gpiote_init)
    i.nrf_drv_gpiote_is_init                 0x00021f0c   Section        0  nrf_drv_gpiote.o(i.nrf_drv_gpiote_is_init)
    i.nrf_drv_gpiote_out_init                0x00021f1c   Section        0  nrf_drv_gpiote.o(i.nrf_drv_gpiote_out_init)
    i.nrf_gpio_cfg_sense_set                 0x00021fb4   Section        0  nrf_drv_gpiote.o(i.nrf_gpio_cfg_sense_set)
    nrf_gpio_cfg_sense_set                   0x00021fb5   Thumb Code    26  nrf_drv_gpiote.o(i.nrf_gpio_cfg_sense_set)
    i.nrf_gpiote_event_is_set                0x00021fd4   Section        0  nrf_drv_gpiote.o(i.nrf_gpiote_event_is_set)
    nrf_gpiote_event_is_set                  0x00021fd5   Thumb Code    14  nrf_drv_gpiote.o(i.nrf_gpiote_event_is_set)
    i.on_ble_evt                             0x00021fe8   Section        0  main.o(i.on_ble_evt)
    on_ble_evt                               0x00021fe9   Thumb Code   244  main.o(i.on_ble_evt)
    i.on_characteristic_discovery_rsp        0x00022198   Section        0  ble_db_discovery.o(i.on_characteristic_discovery_rsp)
    on_characteristic_discovery_rsp          0x00022199   Thumb Code   202  ble_db_discovery.o(i.on_characteristic_discovery_rsp)
    i.on_descriptor_discovery_rsp            0x00022268   Section        0  ble_db_discovery.o(i.on_descriptor_discovery_rsp)
    on_descriptor_discovery_rsp              0x00022269   Thumb Code   162  ble_db_discovery.o(i.on_descriptor_discovery_rsp)
    i.on_srv_disc_completion                 0x00022314   Section        0  ble_db_discovery.o(i.on_srv_disc_completion)
    on_srv_disc_completion                   0x00022315   Thumb Code    92  ble_db_discovery.o(i.on_srv_disc_completion)
    i.on_uart_event                          0x0002237c   Section        0  app_uart_fifo.o(i.on_uart_event)
    on_uart_event                            0x0002237d   Thumb Code   118  app_uart_fifo.o(i.on_uart_event)
    i.os_event_put                           0x00022404   Section        0  event_hal.o(i.os_event_put)
    i.os_event_resister                      0x00022468   Section        0  event_hal.o(i.os_event_resister)
    i.os_get_current_taskid                  0x000224cc   Section        0  os.o(i.os_get_current_taskid)
    i.os_get_taskstate                       0x000224d8   Section        0  os.o(i.os_get_taskstate)
    i.os_init                                0x000224e4   Section        0  os.o(i.os_init)
    i.os_object_add                          0x00022548   Section        0  base_object.o(i.os_object_add)
    i.os_object_detach                       0x000225ac   Section        0  base_object.o(i.os_object_detach)
    i.os_object_find                         0x000225be   Section        0  base_object.o(i.os_object_find)
    i.os_shedule                             0x000225e8   Section        0  os.o(i.os_shedule)
    i.os_timer_period                        0x00022628   Section        0  hal_timer.o(i.os_timer_period)
    i.peer_instance_init                     0x0002265c   Section        0  device_manager_central.o(i.peer_instance_init)
    peer_instance_init                       0x0002265d   Thumb Code    62  device_manager_central.o(i.peer_instance_init)
    i.pending_user_evts_send                 0x000226cc   Section        0  ble_db_discovery.o(i.pending_user_evts_send)
    pending_user_evts_send                   0x000226cd   Thumb Code    36  ble_db_discovery.o(i.pending_user_evts_send)
    i.pin_in_use_by_gpiote                   0x000226f8   Section        0  nrf_drv_gpiote.o(i.pin_in_use_by_gpiote)
    pin_in_use_by_gpiote                     0x000226f9   Thumb Code    14  nrf_drv_gpiote.o(i.pin_in_use_by_gpiote)
    i.pin_in_use_by_port                     0x0002270c   Section        0  nrf_drv_gpiote.o(i.pin_in_use_by_port)
    pin_in_use_by_port                       0x0002270d   Thumb Code    20  nrf_drv_gpiote.o(i.pin_in_use_by_port)
    i.pin_in_use_by_te                       0x00022724   Section        0  nrf_drv_gpiote.o(i.pin_in_use_by_te)
    pin_in_use_by_te                         0x00022725   Thumb Code    20  nrf_drv_gpiote.o(i.pin_in_use_by_te)
    i.pstorage_access_status_get             0x0002273c   Section        0  pstorage.o(i.pstorage_access_status_get)
    i.pstorage_block_identifier_get          0x00022764   Section        0  pstorage.o(i.pstorage_block_identifier_get)
    i.pstorage_clear                         0x000227b8   Section        0  pstorage.o(i.pstorage_clear)
    i.pstorage_flash_page_end                0x0002285c   Section        0  pstorage.o(i.pstorage_flash_page_end)
    pstorage_flash_page_end                  0x0002285d   Thumb Code    32  pstorage.o(i.pstorage_flash_page_end)
    i.pstorage_flash_page_size               0x00022880   Section        0  pstorage.o(i.pstorage_flash_page_size)
    pstorage_flash_page_size                 0x00022881   Thumb Code    10  pstorage.o(i.pstorage_flash_page_size)
    i.pstorage_init                          0x0002288c   Section        0  pstorage.o(i.pstorage_init)
    i.pstorage_load                          0x000228d8   Section        0  pstorage.o(i.pstorage_load)
    i.pstorage_register                      0x00022980   Section        0  pstorage.o(i.pstorage_register)
    i.pstorage_store                         0x00022a34   Section        0  pstorage.o(i.pstorage_store)
    i.pstorage_sys_event_handler             0x00022ac4   Section        0  pstorage.o(i.pstorage_sys_event_handler)
    i.pstorage_update                        0x00022b10   Section        0  pstorage.o(i.pstorage_update)
    i.registered_handler_get                 0x00022ba0   Section        0  ble_db_discovery.o(i.registered_handler_get)
    registered_handler_get                   0x00022ba1   Thumb Code    50  ble_db_discovery.o(i.registered_handler_get)
    i.rtc1_stop                              0x00022bdc   Section        0  app_timer.o(i.rtc1_stop)
    rtc1_stop                                0x00022bdd   Thumb Code    50  app_timer.o(i.rtc1_stop)
    i.scan_start                             0x00022c20   Section        0  main.o(i.scan_start)
    scan_start                               0x00022c21   Thumb Code   194  main.o(i.scan_start)
    i.send_message                           0x00022cec   Section        0  message.o(i.send_message)
    i.sm_state_change                        0x00022db4   Section        0  pstorage.o(i.sm_state_change)
    sm_state_change                          0x00022db5   Thumb Code    62  pstorage.o(i.sm_state_change)
    i.softdevice_assertion_handler           0x00022dfc   Section        0  softdevice_handler.o(i.softdevice_assertion_handler)
    i.softdevice_ble_evt_handler_set         0x00022e08   Section        0  softdevice_handler.o(i.softdevice_ble_evt_handler_set)
    i.softdevice_handler_init                0x00022e1c   Section        0  softdevice_handler.o(i.softdevice_handler_init)
    i.softdevice_sys_evt_handler_set         0x00022e4c   Section        0  softdevice_handler.o(i.softdevice_sys_evt_handler_set)
    i.state_data_erase_swap_entry_run        0x00022e60   Section        0  pstorage.o(i.state_data_erase_swap_entry_run)
    state_data_erase_swap_entry_run          0x00022e61   Thumb Code    92  pstorage.o(i.state_data_erase_swap_entry_run)
    i.state_erase_data_page_entry_run        0x00022ec4   Section        0  pstorage.o(i.state_erase_data_page_entry_run)
    state_erase_data_page_entry_run          0x00022ec5   Thumb Code    12  pstorage.o(i.state_erase_data_page_entry_run)
    i.state_restore_head_entry_run           0x00022ed4   Section        0  pstorage.o(i.state_restore_head_entry_run)
    state_restore_head_entry_run             0x00022ed5   Thumb Code    36  pstorage.o(i.state_restore_head_entry_run)
    i.state_restore_tail_entry_run           0x00022efc   Section        0  pstorage.o(i.state_restore_tail_entry_run)
    state_restore_tail_entry_run             0x00022efd   Thumb Code    66  pstorage.o(i.state_restore_tail_entry_run)
    i.state_swap_erase_entry_run             0x00022f48   Section        0  pstorage.o(i.state_swap_erase_entry_run)
    state_swap_erase_entry_run               0x00022f49   Thumb Code    32  pstorage.o(i.state_swap_erase_entry_run)
    i.state_write_data_swap_entry_run        0x00022f68   Section        0  pstorage.o(i.state_write_data_swap_entry_run)
    state_write_data_swap_entry_run          0x00022f69   Thumb Code    42  pstorage.o(i.state_write_data_swap_entry_run)
    i.storage_operation_dummy_handler        0x00022f98   Section        0  device_manager_central.o(i.storage_operation_dummy_handler)
    storage_operation_dummy_handler          0x00022f99   Thumb Code     4  device_manager_central.o(i.storage_operation_dummy_handler)
    i.store_cmd_flash_write_execute          0x00022f9c   Section        0  pstorage.o(i.store_cmd_flash_write_execute)
    store_cmd_flash_write_execute            0x00022f9d   Thumb Code    82  pstorage.o(i.store_cmd_flash_write_execute)
    i.swap_erase_state_run                   0x00022ff8   Section        0  pstorage.o(i.swap_erase_state_run)
    swap_erase_state_run                     0x00022ff9   Thumb Code    24  pstorage.o(i.swap_erase_state_run)
    i.swap_sub_state_err_busy_process        0x00023014   Section        0  pstorage.o(i.swap_sub_state_err_busy_process)
    swap_sub_state_err_busy_process          0x00023015   Thumb Code    20  pstorage.o(i.swap_sub_state_err_busy_process)
    i.swap_sub_state_state_change            0x0002302c   Section        0  pstorage.o(i.swap_sub_state_state_change)
    swap_sub_state_state_change              0x0002302d   Thumb Code    12  pstorage.o(i.swap_sub_state_state_change)
    i.sys_evt_dispatch                       0x00023040   Section        0  main.o(i.sys_evt_dispatch)
    sys_evt_dispatch                         0x00023041   Thumb Code    34  main.o(i.sys_evt_dispatch)
    i.systick_process                        0x00023068   Section        0  os.o(i.systick_process)
    systick_process                          0x00023069   Thumb Code    16  os.o(i.systick_process)
    i.tail_restore_state_run                 0x0002307c   Section        0  pstorage.o(i.tail_restore_state_run)
    tail_restore_state_run                   0x0002307d   Thumb Code    22  pstorage.o(i.tail_restore_state_run)
    i.task_free                              0x00023098   Section        0  system_task.o(i.task_free)
    i.task_free_init                         0x000230a6   Section        0  system_task.o(i.task_free_init)
    i.task_system                            0x000230a8   Section        0  system_task.o(i.task_system)
    task_system                              0x000230a9   Thumb Code   138  system_task.o(i.task_system)
    i.task_system_init                       0x0002313c   Section        0  system_task.o(i.task_system_init)
    task_system_init                         0x0002313d   Thumb Code    56  system_task.o(i.task_system_init)
    i.task_ticks_inc                         0x00023178   Section        0  os.o(i.task_ticks_inc)
    i.timer_list_handler_sched               0x00023190   Section        0  app_timer.o(i.timer_list_handler_sched)
    timer_list_handler_sched                 0x00023191   Thumb Code    10  app_timer.o(i.timer_list_handler_sched)
    i.timer_list_insert                      0x000231a0   Section        0  app_timer.o(i.timer_list_insert)
    timer_list_insert                        0x000231a1   Thumb Code    94  app_timer.o(i.timer_list_insert)
    i.timer_list_remove                      0x00023204   Section        0  app_timer.o(i.timer_list_remove)
    timer_list_remove                        0x00023205   Thumb Code   104  app_timer.o(i.timer_list_remove)
    i.timer_process                          0x00023274   Section        0  hal_timer.o(i.timer_process)
    i.timer_timeouts_check                   0x000232d8   Section        0  app_timer.o(i.timer_timeouts_check)
    timer_timeouts_check                     0x000232d9   Thumb Code   120  app_timer.o(i.timer_timeouts_check)
    i.tx_buffer_process                      0x00023358   Section        0  ble_bas_c.o(i.tx_buffer_process)
    i.tx_buffer_process                      0x000233dc   Section        0  ble_hrs_c.o(i.tx_buffer_process)
    tx_buffer_process                        0x000233dd   Thumb Code    90  ble_hrs_c.o(i.tx_buffer_process)
    i.tx_send                                0x00023488   Section        0  ble_hrs_c.o(i.tx_send)
    i.uart_error_handle                      0x00023534   Section        0  main.o(i.uart_error_handle)
    i.update_status_bit_reset                0x0002354c   Section        0  device_manager_central.o(i.update_status_bit_reset)
    update_status_bit_reset                  0x0002354d   Thumb Code    14  device_manager_central.o(i.update_status_bit_reset)
    i.user_id_get                            0x00023560   Section        0  app_timer.o(i.user_id_get)
    user_id_get                              0x00023561   Thumb Code    74  app_timer.o(i.user_id_get)
    i.user_op_alloc                          0x000235b4   Section        0  app_timer.o(i.user_op_alloc)
    user_op_alloc                            0x000235b5   Thumb Code    36  app_timer.o(i.user_op_alloc)
    .constdata                               0x000235d8   Section        8  system_task.o(.constdata)
    .constdata                               0x000235e0   Section        8  system_task.o(.constdata)
    .constdata                               0x000235e8   Section       85  main.o(.constdata)
    m_connection_param                       0x000235e8   Data           8  main.o(.constdata)
    .constdata                               0x00023640   Section      143  cling_comm_mac.o(.constdata)
    .constdata                               0x000236d0   Section       48  bsp.o(.constdata)
    m_buttons_list                           0x000236d0   Data          16  bsp.o(.constdata)
    app_buttons                              0x000236e0   Data          32  bsp.o(.constdata)
    .constdata                               0x00023700   Section      186  ble_bas_c.o(.constdata)
    __FUNCTION__                             0x00023700   Data          21  ble_bas_c.o(.constdata)
    .constdata                               0x000237bc   Section      264  ble_db_discovery.o(.constdata)
    .constdata                               0x000238c4   Section      254  ble_hrs_c.o(.constdata)
    __FUNCTION__                             0x000238c4   Data           7  ble_hrs_c.o(.constdata)
    __FUNCTION__                             0x000238cb   Data           8  ble_hrs_c.o(.constdata)
    __FUNCTION__                             0x000238d3   Data          24  ble_hrs_c.o(.constdata)
    __FUNCTION__                             0x000238eb   Data          15  ble_hrs_c.o(.constdata)
    __FUNCTION__                             0x000238fa   Data          21  ble_hrs_c.o(.constdata)
    .constdata                               0x000239c4   Section     1126  device_manager_central.o(.constdata)
    .constdata                               0x00023e2c   Section        8  app_uart_fifo.o(.constdata)
    .constdata                               0x00023e34   Section       40  pstorage.o(.constdata)
    swap_sub_state_sm_lut                    0x00023e34   Data          20  pstorage.o(.constdata)
    swap_sub_state_sm_lut                    0x00023e48   Data          20  pstorage.o(.constdata)
    .constdata                               0x00023e5c   Section        4  app_button.o(.constdata)
    .constdata                               0x00023e60   Section       12  app_trace.o(.constdata)
    .data                                    0x20002800   Section        2  system_task.o(.data)
    .data                                    0x20002804   Section        8  system_task.o(.data)
    task_state                               0x20002804   Data           4  system_task.o(.data)
    .data                                    0x2000280c   Section       16  main.o(.data)
    m_peer_count                             0x2000280c   Data           1  main.o(.data)
    m_scan_mode                              0x2000280d   Data           1  main.o(.data)
    m_whitelist_temporarily_disabled         0x2000280e   Data           1  main.o(.data)
    m_memory_access_in_progress              0x2000280f   Data           1  main.o(.data)
    rx_buf                                   0x20002810   Data           1  main.o(.data)
    m_dm_app_id                              0x20002811   Data           1  main.o(.data)
    m_conn_handle                            0x20002812   Data           2  main.o(.data)
    m_dm_device_handle                       0x20002818   Data           4  main.o(.data)
    .data                                    0x2000281c   Section        1  lx_heap.o(.data)
    heapReady                                0x2000281c   Data           1  lx_heap.o(.data)
    .data                                    0x20002820   Section        4  hal_timer.o(.data)
    delay_header                             0x20002820   Data           4  hal_timer.o(.data)
    .data                                    0x20002824   Section        8  event_hal.o(.data)
    event_hal_list_header                    0x20002824   Data           4  event_hal.o(.data)
    this                                     0x20002828   Data           4  event_hal.o(.data)
    .data                                    0x2000282c   Section       16  os.o(.data)
    current_task                             0x2000282c   Data           1  os.o(.data)
    tick_tok                                 0x20002830   Data           4  os.o(.data)
    task_state                               0x20002834   Data           4  os.o(.data)
    timer_process_id                         0x20002838   Data           4  os.o(.data)
    .data                                    0x2000283c   Section        1  message.o(.data)
    message_lock                             0x2000283c   Data           1  message.o(.data)
    .data                                    0x20002840   Section       32  bsp.o(.data)
    m_stable_state                           0x20002840   Data           1  bsp.o(.data)
    current_long_push_pin_no                 0x20002841   Data           1  bsp.o(.data)
    m_app_ticks_per_100ms                    0x20002844   Data           4  bsp.o(.data)
    m_indication_type                        0x20002848   Data           4  bsp.o(.data)
    m_registered_callback                    0x2000284c   Data           4  bsp.o(.data)
    release_event_at_push                    0x20002850   Data           4  bsp.o(.data)
    m_leds_timer_id                          0x20002854   Data           4  bsp.o(.data)
    m_alert_timer_id                         0x20002858   Data           4  bsp.o(.data)
    m_button_timer_id                        0x2000285c   Data           4  bsp.o(.data)
    .data                                    0x20002860   Section        8  bsp_btn_ble.o(.data)
    m_error_handler                          0x20002860   Data           4  bsp_btn_ble.o(.data)
    m_num_connections                        0x20002864   Data           4  bsp_btn_ble.o(.data)
    .data                                    0x20002868   Section        4  system_nrf51.o(.data)
    __tagsym$$used                           0x20002868   Number         0  system_nrf51.o(.data)
    .data                                    0x2000286c   Section       12  ble_bas_c.o(.data)
    m_tx_insert_index                        0x2000286c   Data           4  ble_bas_c.o(.data)
    m_tx_index                               0x20002870   Data           4  ble_bas_c.o(.data)
    mp_ble_bas_c                             0x20002874   Data           4  ble_bas_c.o(.data)
    .data                                    0x20002878   Section       16  ble_db_discovery.o(.data)
    m_initialized                            0x20002878   Data           1  ble_db_discovery.o(.data)
    m_pending_usr_evt_index                  0x2000287c   Data           4  ble_db_discovery.o(.data)
    m_num_of_handlers_reg                    0x20002880   Data           4  ble_db_discovery.o(.data)
    m_num_of_discoveries_made                0x20002884   Data           4  ble_db_discovery.o(.data)
    .data                                    0x20002888   Section       12  ble_hrs_c.o(.data)
    mp_ble_hrs_c                             0x20002888   Data           4  ble_hrs_c.o(.data)
    m_tx_insert_index                        0x2000288c   Data           4  ble_hrs_c.o(.data)
    m_tx_index                               0x20002890   Data           4  ble_hrs_c.o(.data)
    .data                                    0x20002894   Section       16  device_manager_central.o(.data)
    m_module_initialized                     0x20002894   Data           1  device_manager_central.o(.data)
    m_peer_addr_update                       0x20002898   Data           4  device_manager_central.o(.data)
    m_storage_handle                         0x2000289c   Data           8  device_manager_central.o(.data)
    .data                                    0x200028a4   Section        8  app_uart_fifo.o(.data)
    m_instance_counter                       0x200028a4   Data           1  app_uart_fifo.o(.data)
    m_current_state                          0x200028a5   Data           1  app_uart_fifo.o(.data)
    m_event_handler                          0x200028a8   Data           4  app_uart_fifo.o(.data)
    .data                                    0x200028ac   Section       36  pstorage.o(.data)
    m_state                                  0x200028ac   Data           1  pstorage.o(.data)
    m_swap_sub_state                         0x200028ad   Data           1  pstorage.o(.data)
    m_next_app_instance                      0x200028ae   Data           2  pstorage.o(.data)
    m_flags                                  0x200028b0   Data           4  pstorage.o(.data)
    m_next_page_addr                         0x200028b4   Data           4  pstorage.o(.data)
    m_head_word_size                         0x200028b8   Data           4  pstorage.o(.data)
    m_tail_word_size                         0x200028bc   Data           4  pstorage.o(.data)
    m_current_page_id                        0x200028c0   Data           4  pstorage.o(.data)
    m_num_of_command_retries                 0x200028c4   Data           4  pstorage.o(.data)
    m_num_of_bytes_written                   0x200028c8   Data           4  pstorage.o(.data)
    m_app_data_size                          0x200028cc   Data           4  pstorage.o(.data)
    .data                                    0x200028d0   Section       24  app_button.o(.data)
    m_button_count                           0x200028d0   Data           1  app_button.o(.data)
    mp_buttons                               0x200028d4   Data           4  app_button.o(.data)
    m_detection_delay                        0x200028d8   Data           4  app_button.o(.data)
    m_detection_delay_timer_id               0x200028dc   Data           4  app_button.o(.data)
    m_pin_state                              0x200028e0   Data           4  app_button.o(.data)
    m_pin_transition                         0x200028e4   Data           4  app_button.o(.data)
    .data                                    0x200028e8   Section       36  app_timer.o(.data)
    m_node_array_size                        0x200028e8   Data           1  app_timer.o(.data)
    m_user_array_size                        0x200028e9   Data           1  app_timer.o(.data)
    m_ticks_elapsed_q_read_ind               0x200028ea   Data           1  app_timer.o(.data)
    m_ticks_elapsed_q_write_ind              0x200028eb   Data           1  app_timer.o(.data)
    m_rtc1_running                           0x200028ec   Data           1  app_timer.o(.data)
    m_rtc1_reset                             0x200028ed   Data           1  app_timer.o(.data)
    mp_nodes                                 0x200028f0   Data           4  app_timer.o(.data)
    mp_users                                 0x200028f4   Data           4  app_timer.o(.data)
    m_timer_id_head                          0x200028f8   Data           4  app_timer.o(.data)
    m_ticks_latest                           0x200028fc   Data           4  app_timer.o(.data)
    m_evt_schedule_func                      0x20002900   Data           4  app_timer.o(.data)
    m_ticks_elapsed                          0x20002904   Data           8  app_timer.o(.data)
    .data                                    0x2000290c   Section        1  app_trace.o(.data)
    rx_buf                                   0x2000290c   Data           1  app_trace.o(.data)
    .data                                    0x20002910   Section        4  retarget.o(.data)
    .data                                    0x20002914   Section       20  softdevice_handler.o(.data)
    m_softdevice_enabled                     0x20002914   Data           1  softdevice_handler.o(.data)
    m_ble_evt_buffer_size                    0x20002916   Data           2  softdevice_handler.o(.data)
    m_evt_schedule_func                      0x20002918   Data           4  softdevice_handler.o(.data)
    mp_ble_evt_buffer                        0x2000291c   Data           4  softdevice_handler.o(.data)
    m_ble_evt_handler                        0x20002920   Data           4  softdevice_handler.o(.data)
    m_sys_evt_handler                        0x20002924   Data           4  softdevice_handler.o(.data)
    .bss                                     0x20002928   Section     1308  main.o(.bss)
    BLE_EVT_BUFFER                           0x20002928   Data          72  main.o(.bss)
    tx_buf                                   0x20002970   Data         256  main.o(.bss)
    APP_TIMER_BUF                            0x20002a70   Data         512  main.o(.bss)
    m_ble_db_discovery                       0x20002c70   Data         410  main.o(.bss)
    m_ble_hrs_c                              0x20002e0c   Data          40  main.o(.bss)
    m_scan_param                             0x20002e34   Data          16  main.o(.bss)
    .bss                                     0x20002e44   Section     4352  lx_heap.o(.bss)
    heap                                     0x20002e44   Data        4096  lx_heap.o(.bss)
    heapAllocTable                           0x20003e44   Data         256  lx_heap.o(.bss)
    .bss                                     0x20003f44   Section       12  bsp.o(.bss)
    m_events_list                            0x20003f44   Data          12  bsp.o(.bss)
    .bss                                     0x20003f50   Section      160  ble_bas_c.o(.bss)
    m_tx_buffer                              0x20003f50   Data         160  ble_bas_c.o(.bss)
    .bss                                     0x20003ff0   Section      440  ble_db_discovery.o(.bss)
    m_registered_handlers                    0x20003ff0   Data          16  ble_db_discovery.o(.bss)
    m_pending_user_evts                      0x20004000   Data         424  ble_db_discovery.o(.bss)
    .bss                                     0x200041a8   Section      640  ble_hrs_c.o(.bss)
    m_tx_buffer                              0x200041a8   Data         640  ble_hrs_c.o(.bss)
    .bss                                     0x20004428   Section      283  device_manager_central.o(.bss)
    m_app_context_table                      0x20004428   Data          28  device_manager_central.o(.bss)
    m_peer_table                             0x20004444   Data         168  device_manager_central.o(.bss)
    m_bond_table                             0x200044ec   Data          28  device_manager_central.o(.bss)
    m_gatts_table                            0x20004508   Data          12  device_manager_central.o(.bss)
    m_connection_table                       0x20004514   Data          12  device_manager_central.o(.bss)
    m_application_table                      0x20004520   Data          12  device_manager_central.o(.bss)
    m_local_id_info                          0x2000452c   Data          23  device_manager_central.o(.bss)
    .bss                                     0x20004544   Section       32  app_uart_fifo.o(.bss)
    m_rx_fifo                                0x20004544   Data          16  app_uart_fifo.o(.bss)
    m_tx_fifo                                0x20004554   Data          16  app_uart_fifo.o(.bss)
    .bss                                     0x20004564   Section       80  nrf_drv_gpiote.o(.bss)
    m_cb                                     0x20004564   Data          80  nrf_drv_gpiote.o(.bss)
    .bss                                     0x200045b4   Section      216  pstorage.o(.bss)
    m_cmd_queue                              0x200045b4   Data         204  pstorage.o(.bss)
    m_app_table                              0x20004680   Data          12  pstorage.o(.bss)
    .bss                                     0x2000468c   Section      256  app_trace.o(.bss)
    tx_buf                                   0x2000468c   Data         256  app_trace.o(.bss)
    STACK                                    0x20004790   Section     2048  arm_startup_nrf51.o(STACK)

    Global Symbols

    Symbol Name                              Value     Ov Type        Size  Object(Section)

    BuildAttributes$$THM_ISAv3M$S$PE$A:L22$X:L11$S22$IEEE1$IW$USESV6$~STKCKD$USESV7$~SHL$OSPACE$ROPI$EBA8$MICROLIB$REQ8$PRES8$EABIv2 0x00000000   Number         0  anon$$obj.o ABSOLUTE
    __ARM_use_no_argv                        0x00000000   Number         0  main.o ABSOLUTE
    _printf_a                                0x00000000   Number         0  stubs.o ABSOLUTE
    _printf_c                                0x00000000   Number         0  stubs.o ABSOLUTE
    _printf_charcount                        0x00000000   Number         0  stubs.o ABSOLUTE
    _printf_d                                0x00000000   Number         0  stubs.o ABSOLUTE
    _printf_e                                0x00000000   Number         0  stubs.o ABSOLUTE
    _printf_f                                0x00000000   Number         0  stubs.o ABSOLUTE
    _printf_flags                            0x00000000   Number         0  stubs.o ABSOLUTE
    _printf_fp_dec                           0x00000000   Number         0  stubs.o ABSOLUTE
    _printf_fp_hex                           0x00000000   Number         0  stubs.o ABSOLUTE
    _printf_g                                0x00000000   Number         0  stubs.o ABSOLUTE
    _printf_i                                0x00000000   Number         0  stubs.o ABSOLUTE
    _printf_int_dec                          0x00000000   Number         0  stubs.o ABSOLUTE
    _printf_l                                0x00000000   Number         0  stubs.o ABSOLUTE
    _printf_lc                               0x00000000   Number         0  stubs.o ABSOLUTE
    _printf_ll                               0x00000000   Number         0  stubs.o ABSOLUTE
    _printf_lld                              0x00000000   Number         0  stubs.o ABSOLUTE
    _printf_lli                              0x00000000   Number         0  stubs.o ABSOLUTE
    _printf_llo                              0x00000000   Number         0  stubs.o ABSOLUTE
    _printf_llu                              0x00000000   Number         0  stubs.o ABSOLUTE
    _printf_llx                              0x00000000   Number         0  stubs.o ABSOLUTE
    _printf_longlong_dec                     0x00000000   Number         0  stubs.o ABSOLUTE
    _printf_longlong_hex                     0x00000000   Number         0  stubs.o ABSOLUTE
    _printf_longlong_oct                     0x00000000   Number         0  stubs.o ABSOLUTE
    _printf_ls                               0x00000000   Number         0  stubs.o ABSOLUTE
    _printf_mbtowc                           0x00000000   Number         0  stubs.o ABSOLUTE
    _printf_n                                0x00000000   Number         0  stubs.o ABSOLUTE
    _printf_o                                0x00000000   Number         0  stubs.o ABSOLUTE
    _printf_p                                0x00000000   Number         0  stubs.o ABSOLUTE
    _printf_percent                          0x00000000   Number         0  stubs.o ABSOLUTE
    _printf_pre_padding                      0x00000000   Number         0  stubs.o ABSOLUTE
    _printf_return_value                     0x00000000   Number         0  stubs.o ABSOLUTE
    _printf_s                                0x00000000   Number         0  stubs.o ABSOLUTE
    _printf_sizespec                         0x00000000   Number         0  stubs.o ABSOLUTE
    _printf_str                              0x00000000   Number         0  stubs.o ABSOLUTE
    _printf_truncate_signed                  0x00000000   Number         0  stubs.o ABSOLUTE
    _printf_truncate_unsigned                0x00000000   Number         0  stubs.o ABSOLUTE
    _printf_u                                0x00000000   Number         0  stubs.o ABSOLUTE
    _printf_wc                               0x00000000   Number         0  stubs.o ABSOLUTE
    _printf_wctomb                           0x00000000   Number         0  stubs.o ABSOLUTE
    _printf_widthprec                        0x00000000   Number         0  stubs.o ABSOLUTE
    _printf_x                                0x00000000   Number         0  stubs.o ABSOLUTE
    __cpp_initialize__aeabi_                  - Undefined Weak Reference
    __cxa_finalize                            - Undefined Weak Reference
    __decompress                              - Undefined Weak Reference
    _clock_init                               - Undefined Weak Reference
    _microlib_exit                            - Undefined Weak Reference
    qShellFunTab$$Base                        - Undefined Reference
    qShellFunTab$$Limit                       - Undefined Reference
    qShellVarTab$$Base                        - Undefined Reference
    qShellVarTab$$Limit                       - Undefined Reference
    __Vectors_Size                           0x000000c0   Number         0  arm_startup_nrf51.o ABSOLUTE
    __Vectors                                0x0001d000   Data           4  arm_startup_nrf51.o(RESET)
    __Vectors_End                            0x0001d0c0   Data           0  arm_startup_nrf51.o(RESET)
    __main                                   0x0001d0c1   Thumb Code     0  entry.o(.ARM.Collect$$$$00000000)
    _main_stk                                0x0001d0c1   Thumb Code     0  entry2.o(.ARM.Collect$$$$00000001)
    _main_scatterload                        0x0001d0c5   Thumb Code     0  entry5.o(.ARM.Collect$$$$00000004)
    __main_after_scatterload                 0x0001d0c9   Thumb Code     0  entry5.o(.ARM.Collect$$$$00000004)
    _main_clock                              0x0001d0c9   Thumb Code     0  entry7b.o(.ARM.Collect$$$$00000008)
    _main_cpp_init                           0x0001d0c9   Thumb Code     0  entry8b.o(.ARM.Collect$$$$0000000A)
    _main_init                               0x0001d0c9   Thumb Code     0  entry9a.o(.ARM.Collect$$$$0000000B)
    __rt_final_cpp                           0x0001d0d1   Thumb Code     0  entry10a.o(.ARM.Collect$$$$0000000D)
    __rt_final_exit                          0x0001d0d1   Thumb Code     0  entry11a.o(.ARM.Collect$$$$0000000F)
    __asm___11_app_timer_c_cd27f9c3__nrf_delay_us 0x0001d0d5   Thumb Code    30  app_timer.o(.emb_text)
    Reset_Handler                            0x0001d0f5   Thumb Code    26  arm_startup_nrf51.o(.text)
    NMI_Handler                              0x0001d10f   Thumb Code     2  arm_startup_nrf51.o(.text)
    HardFault_Handler                        0x0001d111   Thumb Code     2  arm_startup_nrf51.o(.text)
    SVC_Handler                              0x0001d113   Thumb Code     2  arm_startup_nrf51.o(.text)
    PendSV_Handler                           0x0001d115   Thumb Code     2  arm_startup_nrf51.o(.text)
    SysTick_Handler                          0x0001d117   Thumb Code     2  arm_startup_nrf51.o(.text)
    ADC_IRQHandler                           0x0001d119   Thumb Code     0  arm_startup_nrf51.o(.text)
    CCM_AAR_IRQHandler                       0x0001d119   Thumb Code     0  arm_startup_nrf51.o(.text)
    ECB_IRQHandler                           0x0001d119   Thumb Code     0  arm_startup_nrf51.o(.text)
    LPCOMP_IRQHandler                        0x0001d119   Thumb Code     0  arm_startup_nrf51.o(.text)
    POWER_CLOCK_IRQHandler                   0x0001d119   Thumb Code     0  arm_startup_nrf51.o(.text)
    QDEC_IRQHandler                          0x0001d119   Thumb Code     0  arm_startup_nrf51.o(.text)
    RADIO_IRQHandler                         0x0001d119   Thumb Code     0  arm_startup_nrf51.o(.text)
    RNG_IRQHandler                           0x0001d119   Thumb Code     0  arm_startup_nrf51.o(.text)
    RTC0_IRQHandler                          0x0001d119   Thumb Code     0  arm_startup_nrf51.o(.text)
    SPI0_TWI0_IRQHandler                     0x0001d119   Thumb Code     0  arm_startup_nrf51.o(.text)
    SPI1_TWI1_IRQHandler                     0x0001d119   Thumb Code     0  arm_startup_nrf51.o(.text)
    SWI1_IRQHandler                          0x0001d119   Thumb Code     0  arm_startup_nrf51.o(.text)
    SWI3_IRQHandler                          0x0001d119   Thumb Code     0  arm_startup_nrf51.o(.text)
    SWI4_IRQHandler                          0x0001d119   Thumb Code     0  arm_startup_nrf51.o(.text)
    SWI5_IRQHandler                          0x0001d119   Thumb Code     0  arm_startup_nrf51.o(.text)
    TEMP_IRQHandler                          0x0001d119   Thumb Code     0  arm_startup_nrf51.o(.text)
    TIMER0_IRQHandler                        0x0001d119   Thumb Code     0  arm_startup_nrf51.o(.text)
    TIMER1_IRQHandler                        0x0001d119   Thumb Code     0  arm_startup_nrf51.o(.text)
    TIMER2_IRQHandler                        0x0001d119   Thumb Code     0  arm_startup_nrf51.o(.text)
    WDT_IRQHandler                           0x0001d119   Thumb Code     0  arm_startup_nrf51.o(.text)
    __aeabi_uidiv                            0x0001d12d   Thumb Code     0  uidiv.o(.text)
    __aeabi_uidivmod                         0x0001d12d   Thumb Code    44  uidiv.o(.text)
    __aeabi_idiv                             0x0001d159   Thumb Code     0  idiv.o(.text)
    __aeabi_idivmod                          0x0001d159   Thumb Code    40  idiv.o(.text)
    ___aeabi_memcpy8$move                    0x0001d181   Thumb Code     0  memmovea.o(.text)
    __aeabi_memcpy                           0x0001d181   Thumb Code    64  memmovea.o(.text)
    __aeabi_memcpy4                          0x0001d181   Thumb Code     0  memmovea.o(.text)
    __aeabi_memmove                          0x0001d181   Thumb Code     0  memmovea.o(.text)
    __aeabi_memmove4                         0x0001d181   Thumb Code     0  memmovea.o(.text)
    __aeabi_memmove8                         0x0001d181   Thumb Code     0  memmovea.o(.text)
    __aeabi_memset                           0x0001d1c1   Thumb Code    14  memseta.o(.text)
    __aeabi_memset4                          0x0001d1c1   Thumb Code     0  memseta.o(.text)
    __aeabi_memset8                          0x0001d1c1   Thumb Code     0  memseta.o(.text)
    __aeabi_memclr                           0x0001d1cf   Thumb Code     4  memseta.o(.text)
    __aeabi_memclr4                          0x0001d1cf   Thumb Code     0  memseta.o(.text)
    __aeabi_memclr8                          0x0001d1cf   Thumb Code     0  memseta.o(.text)
    _memset$wrapper                          0x0001d1d3   Thumb Code    18  memseta.o(.text)
    strcmp                                   0x0001d1e5   Thumb Code    28  strcmp.o(.text)
    memcmp                                   0x0001d201   Thumb Code    26  memcmp.o(.text)
    strcpy                                   0x0001d21b   Thumb Code    18  strcpy.o(.text)
    __aeabi_uldivmod                         0x0001d22d   Thumb Code    96  uldiv.o(.text)
    __scatterload                            0x0001d28d   Thumb Code    28  init.o(.text)
    __scatterload_rt2                        0x0001d28d   Thumb Code     0  init.o(.text)
    __aeabi_llsl                             0x0001d2b1   Thumb Code    32  llshl.o(.text)
    _ll_shift_l                              0x0001d2b1   Thumb Code     0  llshl.o(.text)
    __aeabi_llsr                             0x0001d2d1   Thumb Code    34  llushr.o(.text)
    _ll_ushift_r                             0x0001d2d1   Thumb Code     0  llushr.o(.text)
    GPIOTE_IRQHandler                        0x0001d2f5   Thumb Code   236  nrf_drv_gpiote.o(i.GPIOTE_IRQHandler)
    PROTOCOL_sendPacketProcess               0x0001d441   Thumb Code   106  cling_comm_mac.o(i.PROTOCOL_sendPacketProcess)
    RTC1_IRQHandler                          0x0001d4cd   Thumb Code    28  app_timer.o(i.RTC1_IRQHandler)
    SWI0_IRQHandler                          0x0001d4ed   Thumb Code    78  app_timer.o(i.SWI0_IRQHandler)
    SWI2_IRQHandler                          0x0001d541   Thumb Code    32  softdevice_handler.o(i.SWI2_IRQHandler)
    SystemInit                               0x0001d565   Thumb Code    64  system_nrf51.o(i.SystemInit)
    TERMINAL_loadDeviceInfo                  0x0001d5b9   Thumb Code    16  cling_comm_mac.o(i.TERMINAL_loadDeviceInfo)
    UART0_IRQHandler                         0x0001d5c9   Thumb Code   110  app_uart_fifo.o(i.UART0_IRQHandler)
    __0printf$8                              0x0001d649   Thumb Code    24  printf8.o(i.__0printf$8)
    __1printf$8                              0x0001d649   Thumb Code     0  printf8.o(i.__0printf$8)
    __2printf                                0x0001d649   Thumb Code     0  printf8.o(i.__0printf$8)
    __0sprintf$8                             0x0001d669   Thumb Code    36  printf8.o(i.__0sprintf$8)
    __1sprintf$8                             0x0001d669   Thumb Code     0  printf8.o(i.__0sprintf$8)
    __2sprintf                               0x0001d669   Thumb Code     0  printf8.o(i.__0sprintf$8)
    __ARM_common_switch8                     0x0001d691   Thumb Code    26  bsp.o(i.__ARM_common_switch8)
    __scatterload_copy                       0x0001d6ab   Thumb Code    14  handlers.o(i.__scatterload_copy)
    __scatterload_null                       0x0001d6b9   Thumb Code     2  handlers.o(i.__scatterload_null)
    __scatterload_zeroinit                   0x0001d6bb   Thumb Code    14  handlers.o(i.__scatterload_zeroinit)
    action_tx_stop                           0x0001db9d   Thumb Code    26  app_uart_fifo.o(i.action_tx_stop)
    add_timer_struct                         0x0001dbe1   Thumb Code    84  hal_timer.o(i.add_timer_struct)
    app_button_enable                        0x0001dcbd   Thumb Code    32  app_button.o(i.app_button_enable)
    app_button_init                          0x0001dce1   Thumb Code   102  app_button.o(i.app_button_init)
    app_error_handler                        0x0001dd59   Thumb Code    16  app_error.o(i.app_error_handler)
    app_fifo_get                             0x0001ddc5   Thumb Code    34  app_fifo.o(i.app_fifo_get)
    app_fifo_init                            0x0001dde7   Thumb Code    36  app_fifo.o(i.app_fifo_init)
    app_fifo_put                             0x0001de0b   Thumb Code    34  app_fifo.o(i.app_fifo_put)
    app_timer_create                         0x0001de79   Thumb Code    72  app_timer.o(i.app_timer_create)
    app_timer_init                           0x0001dec5   Thumb Code   164  app_timer.o(i.app_timer_init)
    app_timer_start                          0x0001df79   Thumb Code   122  app_timer.o(i.app_timer_start)
    app_timer_stop                           0x0001dffd   Thumb Code    82  app_timer.o(i.app_timer_stop)
    app_trace_dump                           0x0001e055   Thumb Code    38  app_trace.o(i.app_trace_dump)
    app_trace_init                           0x0001e089   Thumb Code    56  app_trace.o(i.app_trace_init)
    app_uart_init                            0x0001e0d1   Thumb Code   354  app_uart_fifo.o(i.app_uart_init)
    app_uart_put                             0x0001e265   Thumb Code    22  app_uart_fifo.o(i.app_uart_put)
    ble_db_discovery_evt_register            0x0001e281   Thumb Code    66  ble_db_discovery.o(i.ble_db_discovery_evt_register)
    ble_db_discovery_init                    0x0001e2cd   Thumb Code    18  ble_db_discovery.o(i.ble_db_discovery_init)
    ble_db_discovery_on_ble_evt              0x0001e2e5   Thumb Code   158  ble_db_discovery.o(i.ble_db_discovery_on_ble_evt)
    ble_db_discovery_start                   0x0001e389   Thumb Code    96  ble_db_discovery.o(i.ble_db_discovery_start)
    ble_hrs_c_hrm_notif_enable               0x0001e425   Thumb Code    40  ble_hrs_c.o(i.ble_hrs_c_hrm_notif_enable)
    ble_hrs_c_init                           0x0001e44d   Thumb Code    74  ble_hrs_c.o(i.ble_hrs_c_init)
    ble_hrs_c_on_ble_evt                     0x0001e4bd   Thumb Code   108  ble_hrs_c.o(i.ble_hrs_c_on_ble_evt)
    ble_tx_send                              0x0001e5c1   Thumb Code    18  ble_hrs_c.o(i.ble_tx_send)
    bsp_btn_ble_init                         0x0001e5d9   Thumb Code    80  bsp_btn_ble.o(i.bsp_btn_ble_init)
    bsp_btn_ble_on_ble_evt                   0x0001e62d   Thumb Code   114  bsp_btn_ble.o(i.bsp_btn_ble_on_ble_evt)
    bsp_btn_ble_sleep_mode_prepare           0x0001e6a5   Thumb Code    20  bsp_btn_ble.o(i.bsp_btn_ble_sleep_mode_prepare)
    bsp_button_is_pressed                    0x0001e755   Thumb Code    34  bsp.o(i.bsp_button_is_pressed)
    bsp_event_handler                        0x0001e781   Thumb Code   124  main.o(i.bsp_event_handler)
    bsp_event_to_button_action_assign        0x0001e801   Thumb Code    66  bsp.o(i.bsp_event_to_button_action_assign)
    bsp_indication_set                       0x0001e849   Thumb Code    22  bsp.o(i.bsp_indication_set)
    bsp_init                                 0x0001e865   Thumb Code   134  bsp.o(i.bsp_init)
    bsp_wakeup_buttons_set                   0x0001eaf5   Thumb Code    50  bsp.o(i.bsp_wakeup_buttons_set)
    cpapi_get_local_deviceinfo               0x0001f049   Thumb Code     8  cling_comm_mac.o(i.cpapi_get_local_deviceinfo)
    deinit_base_object_implement             0x0001f1d1   Thumb Code    10  base_object.o(i.deinit_base_object_implement)
    deinit_event_hal_manager                 0x0001f1db   Thumb Code    10  event_hal.o(i.deinit_event_hal_manager)
    del_struct                               0x0001f1e5   Thumb Code    36  hal_timer.o(i.del_struct)
    delete_message                           0x0001f20d   Thumb Code   104  message.o(i.delete_message)
    dm_ble_evt_handler                       0x0001fd09   Thumb Code  1598  device_manager_central.o(i.dm_ble_evt_handler)
    dm_handle_initialize                     0x0002047d   Thumb Code    22  device_manager_central.o(i.dm_handle_initialize)
    dm_init                                  0x00020499   Thumb Code   288  device_manager_central.o(i.dm_init)
    dm_register                              0x000209ad   Thumb Code    96  device_manager_central.o(i.dm_register)
    dm_security_setup_req                    0x00020a71   Thumb Code   224  device_manager_central.o(i.dm_security_setup_req)
    dm_whitelist_create                      0x00020bc5   Thumb Code   182  device_manager_central.o(i.dm_whitelist_create)
    fputc                                    0x00020e19   Thumb Code    14  retarget.o(i.fputc)
    get_hw_layer_timer                       0x000213b5   Thumb Code     6  app_timer.o(i.get_hw_layer_timer)
    get_message                              0x000213c1   Thumb Code    38  message.o(i.get_message)
    init_base_object_implement               0x00021579   Thumb Code    24  base_object.o(i.init_base_object_implement)
    init_event_hal_manager                   0x000215a5   Thumb Code    50  event_hal.o(i.init_event_hal_manager)
    initiate_security_request                0x000215ed   Thumb Code   106  device_manager_central.o(i.initiate_security_request)
    intern_softdevice_events_execute         0x00021689   Thumb Code   124  softdevice_handler.o(i.intern_softdevice_events_execute)
    is_softdevice_enable                     0x000217dd   Thumb Code     6  softdevice_handler.o(i.is_softdevice_enable)
    lx_free                                  0x00021991   Thumb Code   140  lx_heap.o(i.lx_free)
    lx_malloc                                0x00021a29   Thumb Code   172  lx_heap.o(i.lx_malloc)
    main                                     0x00021ae1   Thumb Code   266  main.o(i.main)
    nrf_drv_common_irq_enable                0x00021d15   Thumb Code    78  nrf_drv_common.o(i.nrf_drv_common_irq_enable)
    nrf_drv_gpiote_in_event_enable           0x00021d75   Thumb Code   138  nrf_drv_gpiote.o(i.nrf_drv_gpiote_in_event_enable)
    nrf_drv_gpiote_in_init                   0x00021e15   Thumb Code   126  nrf_drv_gpiote.o(i.nrf_drv_gpiote_in_init)
    nrf_drv_gpiote_in_is_set                 0x00021ea5   Thumb Code    16  nrf_drv_gpiote.o(i.nrf_drv_gpiote_in_is_set)
    nrf_drv_gpiote_init                      0x00021eb9   Thumb Code    76  nrf_drv_gpiote.o(i.nrf_drv_gpiote_init)
    nrf_drv_gpiote_is_init                   0x00021f0d   Thumb Code    12  nrf_drv_gpiote.o(i.nrf_drv_gpiote_is_init)
    nrf_drv_gpiote_out_init                  0x00021f1d   Thumb Code   130  nrf_drv_gpiote.o(i.nrf_drv_gpiote_out_init)
    os_event_put                             0x00022405   Thumb Code    92  event_hal.o(i.os_event_put)
    os_event_resister                        0x00022469   Thumb Code    92  event_hal.o(i.os_event_resister)
    os_get_current_taskid                    0x000224cd   Thumb Code     6  os.o(i.os_get_current_taskid)
    os_get_taskstate                         0x000224d9   Thumb Code     6  os.o(i.os_get_taskstate)
    os_init                                  0x000224e5   Thumb Code    78  os.o(i.os_init)
    os_object_add                            0x00022549   Thumb Code   100  base_object.o(i.os_object_add)
    os_object_detach                         0x000225ad   Thumb Code    18  base_object.o(i.os_object_detach)
    os_object_find                           0x000225bf   Thumb Code    40  base_object.o(i.os_object_find)
    os_shedule                               0x000225e9   Thumb Code    50  os.o(i.os_shedule)
    os_timer_period                          0x00022629   Thumb Code    46  hal_timer.o(i.os_timer_period)
    pstorage_access_status_get               0x0002273d   Thumb Code    30  pstorage.o(i.pstorage_access_status_get)
    pstorage_block_identifier_get            0x00022765   Thumb Code    74  pstorage.o(i.pstorage_block_identifier_get)
    pstorage_clear                           0x000227b9   Thumb Code   156  pstorage.o(i.pstorage_clear)
    pstorage_init                            0x0002288d   Thumb Code    68  pstorage.o(i.pstorage_init)
    pstorage_load                            0x000228d9   Thumb Code   158  pstorage.o(i.pstorage_load)
    pstorage_register                        0x00022981   Thumb Code   170  pstorage.o(i.pstorage_register)
    pstorage_store                           0x00022a35   Thumb Code   134  pstorage.o(i.pstorage_store)
    pstorage_sys_event_handler               0x00022ac5   Thumb Code    72  pstorage.o(i.pstorage_sys_event_handler)
    pstorage_update                          0x00022b11   Thumb Code   134  pstorage.o(i.pstorage_update)
    send_message                             0x00022ced   Thumb Code   194  message.o(i.send_message)
    softdevice_assertion_handler             0x00022dfd   Thumb Code    12  softdevice_handler.o(i.softdevice_assertion_handler)
    softdevice_ble_evt_handler_set           0x00022e09   Thumb Code    16  softdevice_handler.o(i.softdevice_ble_evt_handler_set)
    softdevice_handler_init                  0x00022e1d   Thumb Code    40  softdevice_handler.o(i.softdevice_handler_init)
    softdevice_sys_evt_handler_set           0x00022e4d   Thumb Code    16  softdevice_handler.o(i.softdevice_sys_evt_handler_set)
    task_free                                0x00023099   Thumb Code    14  system_task.o(i.task_free)
    task_free_init                           0x000230a7   Thumb Code     2  system_task.o(i.task_free_init)
    task_ticks_inc                           0x00023179   Thumb Code    18  os.o(i.task_ticks_inc)
    timer_process                            0x00023275   Thumb Code    94  hal_timer.o(i.timer_process)
    tx_buffer_process                        0x00023359   Thumb Code    72  ble_bas_c.o(i.tx_buffer_process)
    tx_send                                  0x00023489   Thumb Code    98  ble_hrs_c.o(i.tx_send)
    uart_error_handle                        0x00023535   Thumb Code    24  main.o(i.uart_error_handle)
    my_task                                  0x000235d8   Data           8  system_task.o(.constdata)
    my_task_init                             0x000235e0   Data           8  system_task.o(.constdata)
    m_context_init_len                       0x000239c4   Data           4  device_manager_central.o(.constdata)
    m_service_context_store                  0x000239c8   Data          16  device_manager_central.o(.constdata)
    m_service_context_load                   0x000239d8   Data          16  device_manager_central.o(.constdata)
    m_service_context_apply                  0x000239e8   Data          16  device_manager_central.o(.constdata)
    Region$$Table$$Base                      0x00023e6c   Number         0  anon$$obj.o(Region$$Table)
    Region$$Table$$Limit                     0x00023e8c   Number         0  anon$$obj.o(Region$$Table)
    task_num                                 0x20002800   Data           2  system_task.o(.data)
    event_mgr_obj_p                          0x20002808   Data           4  system_task.o(.data)
    event_upload_obj_p                       0x20002814   Data           4  main.o(.data)
    SystemCoreClock                          0x20002868   Data           4  system_nrf51.o(.data)
    __stdout                                 0x20002910   Data           4  retarget.o(.data)
    __initial_sp                             0x20004f90   Data           0  arm_startup_nrf51.o(STACK)



==============================================================================

Memory Map of the image

  Image Entry point : 0x0001d0c1

  Load Region LR_IROM1 (Base: 0x0001d000, Size: 0x00006fb4, Max: 0x00023000, ABSOLUTE)

    Execution Region ER_IROM1 (Base: 0x0001d000, Size: 0x00006e8c, Max: 0x00023000, ABSOLUTE)

    Base Addr    Size         Type   Attr      Idx    E Section Name        Object

    0x0001d000   0x000000c0   Data   RO          953    RESET               arm_startup_nrf51.o
    0x0001d0c0   0x00000000   Code   RO         2711  * .ARM.Collect$$$$00000000  mc_p.l(entry.o)
    0x0001d0c0   0x00000004   Code   RO         2999    .ARM.Collect$$$$00000001  mc_p.l(entry2.o)
    0x0001d0c4   0x00000004   Code   RO         3002    .ARM.Collect$$$$00000004  mc_p.l(entry5.o)
    0x0001d0c8   0x00000000   Code   RO         3004    .ARM.Collect$$$$00000008  mc_p.l(entry7b.o)
    0x0001d0c8   0x00000000   Code   RO         3006    .ARM.Collect$$$$0000000A  mc_p.l(entry8b.o)
    0x0001d0c8   0x00000008   Code   RO         3007    .ARM.Collect$$$$0000000B  mc_p.l(entry9a.o)
    0x0001d0d0   0x00000000   Code   RO         3009    .ARM.Collect$$$$0000000D  mc_p.l(entry10a.o)
    0x0001d0d0   0x00000000   Code   RO         3011    .ARM.Collect$$$$0000000F  mc_p.l(entry11a.o)
    0x0001d0d0   0x00000004   Code   RO         3000    .ARM.Collect$$$$00002712  mc_p.l(entry2.o)
    0x0001d0d4   0x0000001e   Code   RO         2291    .emb_text           app_timer.o
    0x0001d0f2   0x00000002   PAD
    0x0001d0f4   0x00000038   Code   RO          954    .text               arm_startup_nrf51.o
    0x0001d12c   0x0000002c   Code   RO         2714    .text               mc_p.l(uidiv.o)
    0x0001d158   0x00000028   Code   RO         2716    .text               mc_p.l(idiv.o)
    0x0001d180   0x00000040   Code   RO         2722    .text               mc_p.l(memmovea.o)
    0x0001d1c0   0x00000024   Code   RO         2724    .text               mc_p.l(memseta.o)
    0x0001d1e4   0x0000001c   Code   RO         2728    .text               mc_p.l(strcmp.o)
    0x0001d200   0x0000001a   Code   RO         2730    .text               mc_p.l(memcmp.o)
    0x0001d21a   0x00000012   Code   RO         2732    .text               mc_p.l(strcpy.o)
    0x0001d22c   0x00000060   Code   RO         3013    .text               mc_p.l(uldiv.o)
    0x0001d28c   0x00000024   Code   RO         3026    .text               mc_p.l(init.o)
    0x0001d2b0   0x00000020   Code   RO         3028    .text               mc_p.l(llshl.o)
    0x0001d2d0   0x00000022   Code   RO         3030    .text               mc_p.l(llushr.o)
    0x0001d2f2   0x00000002   PAD
    0x0001d2f4   0x00000108   Code   RO         1755    i.GPIOTE_IRQHandler  nrf_drv_gpiote.o
    0x0001d3fc   0x00000044   Code   RO         2292    i.NVIC_SetPriority  app_timer.o
    0x0001d440   0x0000008c   Code   RO          737    i.PROTOCOL_sendPacketProcess  cling_comm_mac.o
    0x0001d4cc   0x00000020   Code   RO         2293    i.RTC1_IRQHandler   app_timer.o
    0x0001d4ec   0x00000054   Code   RO         2294    i.SWI0_IRQHandler   app_timer.o
    0x0001d540   0x00000024   Code   RO         2524    i.SWI2_IRQHandler   softdevice_handler.o
    0x0001d564   0x00000054   Code   RO          961    i.SystemInit        system_nrf51.o
    0x0001d5b8   0x00000010   Code   RO          738    i.TERMINAL_loadDeviceInfo  cling_comm_mac.o
    0x0001d5c8   0x00000080   Code   RO         1587    i.UART0_IRQHandler  app_uart_fifo.o
    0x0001d648   0x00000020   Code   RO         2945    i.__0printf$8       mc_p.l(printf8.o)
    0x0001d668   0x00000028   Code   RO         2947    i.__0sprintf$8      mc_p.l(printf8.o)
    0x0001d690   0x0000001a   Code   RO          884    i.__ARM_common_switch8  bsp.o
    0x0001d6aa   0x0000000e   Code   RO         3040    i.__scatterload_copy  mc_p.l(handlers.o)
    0x0001d6b8   0x00000002   Code   RO         3041    i.__scatterload_null  mc_p.l(handlers.o)
    0x0001d6ba   0x0000000e   Code   RO         3042    i.__scatterload_zeroinit  mc_p.l(handlers.o)
    0x0001d6c8   0x00000430   Code   RO         2952    i._printf_core      mc_p.l(printf8.o)
    0x0001daf8   0x00000020   Code   RO         2953    i._printf_post_padding  mc_p.l(printf8.o)
    0x0001db18   0x0000002c   Code   RO         2954    i._printf_pre_padding  mc_p.l(printf8.o)
    0x0001db44   0x0000000a   Code   RO         2956    i._sputc            mc_p.l(printf8.o)
    0x0001db4e   0x00000002   PAD
    0x0001db50   0x0000004c   Code   RO         1588    i.action_tx_send    app_uart_fifo.o
    0x0001db9c   0x00000024   Code   RO         1589    i.action_tx_stop    app_uart_fifo.o
    0x0001dbc0   0x00000020   Code   RO         1590    i.action_uart_deactivate  app_uart_fifo.o
    0x0001dbe0   0x00000058   Code   RO          513    i.add_timer_struct  hal_timer.o
    0x0001dc38   0x0000002e   Code   RO          209    i.adv_report_parse  main.o
    0x0001dc66   0x0000003c   Code   RO          911    i.advertising_buttons_configure  bsp_btn_ble.o
    0x0001dca2   0x00000002   PAD
    0x0001dca4   0x00000018   Code   RO          793    i.alert_timer_handler  bsp.o
    0x0001dcbc   0x00000024   Code   RO         2182    i.app_button_enable  app_button.o
    0x0001dce0   0x00000078   Code   RO         2183    i.app_button_init   app_button.o
    0x0001dd58   0x00000018   Code   RO         2238    i.app_error_handler  app_error.o
    0x0001dd70   0x00000054   Code   RO         1303    i.app_evt_notify    device_manager_central.o
    0x0001ddc4   0x00000022   Code   RO         2260    i.app_fifo_get      app_fifo.o
    0x0001dde6   0x00000024   Code   RO         2261    i.app_fifo_init     app_fifo.o
    0x0001de0a   0x00000022   Code   RO         2262    i.app_fifo_put      app_fifo.o
    0x0001de2c   0x0000002c   Code   RO         1940    i.app_notify        pstorage.o
    0x0001de58   0x00000020   Code   RO         1941    i.app_notify_error_state_transit  pstorage.o
    0x0001de78   0x0000004c   Code   RO         2297    i.app_timer_create  app_timer.o
    0x0001dec4   0x000000b4   Code   RO         2298    i.app_timer_init    app_timer.o
    0x0001df78   0x00000084   Code   RO         2299    i.app_timer_start   app_timer.o
    0x0001dffc   0x00000058   Code   RO         2300    i.app_timer_stop    app_timer.o
    0x0001e054   0x00000034   Code   RO         2442    i.app_trace_dump    app_trace.o
    0x0001e088   0x00000048   Code   RO         2443    i.app_trace_init    app_trace.o
    0x0001e0d0   0x00000194   Code   RO         1595    i.app_uart_init     app_uart_fifo.o
    0x0001e264   0x0000001c   Code   RO         1596    i.app_uart_put      app_uart_fifo.o
    0x0001e280   0x0000004c   Code   RO         1116    i.ble_db_discovery_evt_register  ble_db_discovery.o
    0x0001e2cc   0x00000018   Code   RO         1117    i.ble_db_discovery_init  ble_db_discovery.o
    0x0001e2e4   0x000000a4   Code   RO         1118    i.ble_db_discovery_on_ble_evt  ble_db_discovery.o
    0x0001e388   0x0000006c   Code   RO         1119    i.ble_db_discovery_start  ble_db_discovery.o
    0x0001e3f4   0x00000030   Code   RO          211    i.ble_evt_dispatch  main.o
    0x0001e424   0x00000028   Code   RO         1206    i.ble_hrs_c_hrm_notif_enable  ble_hrs_c.o
    0x0001e44c   0x00000070   Code   RO         1207    i.ble_hrs_c_init    ble_hrs_c.o
    0x0001e4bc   0x0000009c   Code   RO         1208    i.ble_hrs_c_on_ble_evt  ble_hrs_c.o
    0x0001e558   0x00000068   Code   RO          212    i.ble_stack_init    main.o
    0x0001e5c0   0x00000018   Code   RO         1209    i.ble_tx_send       ble_hrs_c.o
    0x0001e5d8   0x00000054   Code   RO          912    i.bsp_btn_ble_init  bsp_btn_ble.o
    0x0001e62c   0x00000078   Code   RO          913    i.bsp_btn_ble_on_ble_evt  bsp_btn_ble.o
    0x0001e6a4   0x00000014   Code   RO          914    i.bsp_btn_ble_sleep_mode_prepare  bsp_btn_ble.o
    0x0001e6b8   0x0000009c   Code   RO          794    i.bsp_button_event_handler  bsp.o
    0x0001e754   0x0000002c   Code   RO          795    i.bsp_button_is_pressed  bsp.o
    0x0001e780   0x00000080   Code   RO          213    i.bsp_event_handler  main.o
    0x0001e800   0x00000048   Code   RO          799    i.bsp_event_to_button_action_assign  bsp.o
    0x0001e848   0x0000001c   Code   RO          800    i.bsp_indication_set  bsp.o
    0x0001e864   0x000000a0   Code   RO          802    i.bsp_init          bsp.o
    0x0001e904   0x000001f0   Code   RO          803    i.bsp_led_indication  bsp.o
    0x0001eaf4   0x0000003c   Code   RO          804    i.bsp_wakeup_buttons_set  bsp.o
    0x0001eb30   0x0000000c   Code   RO          805    i.button_timer_handler  bsp.o
    0x0001eb3c   0x00000054   Code   RO         1210    i.cccd_configure    ble_hrs_c.o
    0x0001eb90   0x0000001c   Code   RO         1756    i.channel_free      nrf_drv_gpiote.o
    0x0001ebac   0x00000048   Code   RO         1757    i.channel_port_alloc  nrf_drv_gpiote.o
    0x0001ebf4   0x00000010   Code   RO         1758    i.channel_port_get  nrf_drv_gpiote.o
    0x0001ec04   0x0000003c   Code   RO         1120    i.characteristics_discover  ble_db_discovery.o
    0x0001ec40   0x000000f8   Code   RO         1942    i.clear_operation_execute  pstorage.o
    0x0001ed38   0x00000024   Code   RO         1943    i.clear_post_processing_run  pstorage.o
    0x0001ed5c   0x00000038   Code   RO         1944    i.cmd_process       pstorage.o
    0x0001ed94   0x00000020   Code   RO         1945    i.cmd_queue_element_init  pstorage.o
    0x0001edb4   0x0000004c   Code   RO         1946    i.cmd_queue_enqueue  pstorage.o
    0x0001ee00   0x0000003c   Code   RO         1947    i.command_end_procedure_run  pstorage.o
    0x0001ee3c   0x000000a4   Code   RO         2302    i.compare_reg_update  app_timer.o
    0x0001eee0   0x000000d8   Code   RO         1304    i.connection_instance_allocate  device_manager_central.o
    0x0001efb8   0x00000030   Code   RO         1305    i.connection_instance_find  device_manager_central.o
    0x0001efe8   0x00000060   Code   RO         1306    i.connection_instance_init  device_manager_central.o
    0x0001f048   0x00000008   Code   RO          742    i.cpapi_get_local_deviceinfo  cling_comm_mac.o
    0x0001f050   0x00000054   Code   RO         1948    i.data_page_erase_state_run  pstorage.o
    0x0001f0a4   0x00000028   Code   RO         1949    i.data_to_swap_write_state_run  pstorage.o
    0x0001f0cc   0x00000104   Code   RO         1211    i.db_discover_evt_handler  ble_hrs_c.o
    0x0001f1d0   0x0000000a   Code   RO          465    i.deinit_base_object_implement  base_object.o
    0x0001f1da   0x0000000a   Code   RO          573    i.deinit_event_hal_manager  event_hal.o
    0x0001f1e4   0x00000028   Code   RO          514    i.del_struct        hal_timer.o
    0x0001f20c   0x0000006c   Code   RO          688    i.delete_message    message.o
    0x0001f278   0x00000086   Code   RO         1121    i.descriptors_discover  ble_db_discovery.o
    0x0001f2fe   0x00000002   PAD
    0x0001f300   0x00000060   Code   RO         2185    i.detection_delay_timeout_handler  app_button.o
    0x0001f360   0x00000244   Code   RO         1307    i.device_context_store  device_manager_central.o
    0x0001f5a4   0x00000118   Code   RO         1308    i.device_instance_allocate  device_manager_central.o
    0x0001f6bc   0x00000110   Code   RO         1309    i.device_instance_find  device_manager_central.o
    0x0001f7cc   0x000003fc   Code   RO          214    i.device_manager_event_handler  main.o
    0x0001fbc8   0x00000080   Code   RO          215    i.device_manager_init  main.o
    0x0001fc48   0x00000070   Code   RO         1122    i.discovery_complete_evt_trigger  ble_db_discovery.o
    0x0001fcb8   0x00000050   Code   RO         1123    i.discovery_error_evt_trigger  ble_db_discovery.o
    0x0001fd08   0x00000774   Code   RO         1315    i.dm_ble_evt_handler  device_manager_central.o
    0x0002047c   0x0000001c   Code   RO         1320    i.dm_handle_initialize  device_manager_central.o
    0x00020498   0x000002bc   Code   RO         1321    i.dm_init           device_manager_central.o
    0x00020754   0x00000258   Code   RO         1324    i.dm_pstorage_cb_handler  device_manager_central.o
    0x000209ac   0x000000c4   Code   RO         1325    i.dm_register       device_manager_central.o
    0x00020a70   0x00000154   Code   RO         1326    i.dm_security_setup_req  device_manager_central.o
    0x00020bc4   0x00000108   Code   RO         1331    i.dm_whitelist_create  device_manager_central.o
    0x00020ccc   0x00000040   Code   RO         2303    i.elapsed_ticks_acquire  app_timer.o
    0x00020d0c   0x00000058   Code   RO         2304    i.expired_timers_handler  app_timer.o
    0x00020d64   0x00000020   Code   RO         1950    i.flash_api_err_code_process  pstorage.o
    0x00020d84   0x00000080   Code   RO         1951    i.flash_operation_success_run  pstorage.o
    0x00020e04   0x0000000a   Code   RO         1952    i.flash_page_erase  pstorage.o
    0x00020e0e   0x0000000a   Code   RO         1953    i.flash_write       pstorage.o
    0x00020e18   0x0000000e   Code   RO         2491    i.fputc             retarget.o
    0x00020e26   0x00000002   PAD
    0x00020e28   0x00000010   Code   RO         1332    i.gattc_context_apply  device_manager_central.o
    0x00020e38   0x00000010   Code   RO         1333    i.gattc_context_load  device_manager_central.o
    0x00020e48   0x00000010   Code   RO         1334    i.gattc_context_store  device_manager_central.o
    0x00020e58   0x0000012c   Code   RO         1335    i.gatts_context_apply  device_manager_central.o
    0x00020f84   0x000000dc   Code   RO         1336    i.gatts_context_load  device_manager_central.o
    0x00021060   0x00000288   Code   RO         1337    i.gatts_context_store  device_manager_central.o
    0x000212e8   0x00000040   Code   RO         1338    i.gattsc_context_apply  device_manager_central.o
    0x00021328   0x00000044   Code   RO         1339    i.gattsc_context_load  device_manager_central.o
    0x0002136c   0x00000048   Code   RO         1340    i.gattsc_context_store  device_manager_central.o
    0x000213b4   0x0000000c   Code   RO         2305    i.get_hw_layer_timer  app_timer.o
    0x000213c0   0x00000026   Code   RO          689    i.get_message       message.o
    0x000213e6   0x00000002   PAD
    0x000213e8   0x0000004c   Code   RO         2186    i.gpiote_event_handler  app_button.o
    0x00021434   0x00000016   Code   RO         1597    i.gpiote_uart_event_handler  app_uart_fifo.o
    0x0002144a   0x00000002   PAD
    0x0002144c   0x00000078   Code   RO         1954    i.head_restore_state_run  pstorage.o
    0x000214c4   0x000000b4   Code   RO          216    i.hrs_c_evt_handler  main.o
    0x00021578   0x0000002c   Code   RO          466    i.init_base_object_implement  base_object.o
    0x000215a4   0x00000048   Code   RO          574    i.init_event_hal_manager  event_hal.o
    0x000215ec   0x0000009c   Code   RO         1341    i.initiate_security_request  device_manager_central.o
    0x00021688   0x00000080   Code   RO         2525    i.intern_softdevice_events_execute  softdevice_handler.o
    0x00021708   0x00000048   Code   RO         1124    i.is_desc_discovery_reqd  ble_db_discovery.o
    0x00021750   0x00000048   Code   RO          962    i.is_manual_peripheral_setup_needed  system_nrf51.o
    0x00021798   0x00000044   Code   RO         1955    i.is_page_erase_required  pstorage.o
    0x000217dc   0x0000000c   Code   RO         2526    i.is_softdevice_enable  softdevice_handler.o
    0x000217e8   0x0000000c   Code   RO         1956    i.is_word_aligned   pstorage.o
    0x000217f4   0x00000018   Code   RO          806    i.leds_timer_handler  bsp.o
    0x0002180c   0x00000094   Code   RO         2306    i.list_deletions_handler  app_timer.o
    0x000218a0   0x000000f0   Code   RO         2307    i.list_insertions_handler  app_timer.o
    0x00021990   0x00000098   Code   RO          414    i.lx_free           lx_heap.o
    0x00021a28   0x000000b8   Code   RO          415    i.lx_malloc         lx_heap.o
    0x00021ae0   0x00000150   Code   RO          217    i.main              main.o
    0x00021c30   0x00000018   Code   RO         1957    i.main_state_err_busy_process  pstorage.o
    0x00021c48   0x00000068   Code   RO         1342    i.no_service_context_apply  device_manager_central.o
    0x00021cb0   0x00000030   Code   RO         1343    i.no_service_context_load  device_manager_central.o
    0x00021ce0   0x00000034   Code   RO         1344    i.no_service_context_store  device_manager_central.o
    0x00021d14   0x00000060   Code   RO         1732    i.nrf_drv_common_irq_enable  nrf_drv_common.o
    0x00021d74   0x000000a0   Code   RO         1761    i.nrf_drv_gpiote_in_event_enable  nrf_drv_gpiote.o
    0x00021e14   0x00000090   Code   RO         1762    i.nrf_drv_gpiote_in_init  nrf_drv_gpiote.o
    0x00021ea4   0x00000014   Code   RO         1763    i.nrf_drv_gpiote_in_is_set  nrf_drv_gpiote.o
    0x00021eb8   0x00000054   Code   RO         1765    i.nrf_drv_gpiote_init  nrf_drv_gpiote.o
    0x00021f0c   0x00000010   Code   RO         1766    i.nrf_drv_gpiote_is_init  nrf_drv_gpiote.o
    0x00021f1c   0x00000098   Code   RO         1768    i.nrf_drv_gpiote_out_init  nrf_drv_gpiote.o
    0x00021fb4   0x00000020   Code   RO         1778    i.nrf_gpio_cfg_sense_set  nrf_drv_gpiote.o
    0x00021fd4   0x00000014   Code   RO         1779    i.nrf_gpiote_event_is_set  nrf_drv_gpiote.o
    0x00021fe8   0x000001b0   Code   RO          218    i.on_ble_evt        main.o
    0x00022198   0x000000d0   Code   RO         1125    i.on_characteristic_discovery_rsp  ble_db_discovery.o
    0x00022268   0x000000ac   Code   RO         1126    i.on_descriptor_discovery_rsp  ble_db_discovery.o
    0x00022314   0x00000068   Code   RO         1127    i.on_srv_disc_completion  ble_db_discovery.o
    0x0002237c   0x00000088   Code   RO         1598    i.on_uart_event     app_uart_fifo.o
    0x00022404   0x00000064   Code   RO          575    i.os_event_put      event_hal.o
    0x00022468   0x00000064   Code   RO          576    i.os_event_resister  event_hal.o
    0x000224cc   0x0000000c   Code   RO          614    i.os_get_current_taskid  os.o
    0x000224d8   0x0000000c   Code   RO          615    i.os_get_taskstate  os.o
    0x000224e4   0x00000064   Code   RO          617    i.os_init           os.o
    0x00022548   0x00000064   Code   RO          467    i.os_object_add     base_object.o
    0x000225ac   0x00000012   Code   RO          468    i.os_object_detach  base_object.o
    0x000225be   0x00000028   Code   RO          469    i.os_object_find    base_object.o
    0x000225e6   0x00000002   PAD
    0x000225e8   0x00000040   Code   RO          618    i.os_shedule        os.o
    0x00022628   0x00000034   Code   RO          517    i.os_timer_period   hal_timer.o
    0x0002265c   0x00000070   Code   RO         1345    i.peer_instance_init  device_manager_central.o
    0x000226cc   0x0000002c   Code   RO         1128    i.pending_user_evts_send  ble_db_discovery.o
    0x000226f8   0x00000014   Code   RO         1780    i.pin_in_use_by_gpiote  nrf_drv_gpiote.o
    0x0002270c   0x00000018   Code   RO         1781    i.pin_in_use_by_port  nrf_drv_gpiote.o
    0x00022724   0x00000018   Code   RO         1782    i.pin_in_use_by_te  nrf_drv_gpiote.o
    0x0002273c   0x00000028   Code   RO         1958    i.pstorage_access_status_get  pstorage.o
    0x00022764   0x00000054   Code   RO         1959    i.pstorage_block_identifier_get  pstorage.o
    0x000227b8   0x000000a4   Code   RO         1960    i.pstorage_clear    pstorage.o
    0x0002285c   0x00000024   Code   RO         1961    i.pstorage_flash_page_end  pstorage.o
    0x00022880   0x0000000a   Code   RO         1962    i.pstorage_flash_page_size  pstorage.o
    0x0002288a   0x00000002   PAD
    0x0002288c   0x0000004c   Code   RO         1963    i.pstorage_init     pstorage.o
    0x000228d8   0x000000a8   Code   RO         1964    i.pstorage_load     pstorage.o
    0x00022980   0x000000b4   Code   RO         1965    i.pstorage_register  pstorage.o
    0x00022a34   0x00000090   Code   RO         1966    i.pstorage_store    pstorage.o
    0x00022ac4   0x0000004c   Code   RO         1967    i.pstorage_sys_event_handler  pstorage.o
    0x00022b10   0x00000090   Code   RO         1968    i.pstorage_update   pstorage.o
    0x00022ba0   0x0000003c   Code   RO         1129    i.registered_handler_get  ble_db_discovery.o
    0x00022bdc   0x00000044   Code   RO         2308    i.rtc1_stop         app_timer.o
    0x00022c20   0x000000cc   Code   RO          219    i.scan_start        main.o
    0x00022cec   0x000000c8   Code   RO          690    i.send_message      message.o
    0x00022db4   0x00000048   Code   RO         1969    i.sm_state_change   pstorage.o
    0x00022dfc   0x0000000c   Code   RO         2527    i.softdevice_assertion_handler  softdevice_handler.o
    0x00022e08   0x00000014   Code   RO         2528    i.softdevice_ble_evt_handler_set  softdevice_handler.o
    0x00022e1c   0x00000030   Code   RO         2529    i.softdevice_handler_init  softdevice_handler.o
    0x00022e4c   0x00000014   Code   RO         2531    i.softdevice_sys_evt_handler_set  softdevice_handler.o
    0x00022e60   0x00000064   Code   RO         1970    i.state_data_erase_swap_entry_run  pstorage.o
    0x00022ec4   0x00000010   Code   RO         1971    i.state_erase_data_page_entry_run  pstorage.o
    0x00022ed4   0x00000028   Code   RO         1972    i.state_restore_head_entry_run  pstorage.o
    0x00022efc   0x0000004c   Code   RO         1973    i.state_restore_tail_entry_run  pstorage.o
    0x00022f48   0x00000020   Code   RO         1974    i.state_swap_erase_entry_run  pstorage.o
    0x00022f68   0x00000030   Code   RO         1975    i.state_write_data_swap_entry_run  pstorage.o
    0x00022f98   0x00000004   Code   RO         1346    i.storage_operation_dummy_handler  device_manager_central.o
    0x00022f9c   0x0000005c   Code   RO         1976    i.store_cmd_flash_write_execute  pstorage.o
    0x00022ff8   0x0000001c   Code   RO         1977    i.swap_erase_state_run  pstorage.o
    0x00023014   0x00000018   Code   RO         1978    i.swap_sub_state_err_busy_process  pstorage.o
    0x0002302c   0x00000014   Code   RO         1979    i.swap_sub_state_state_change  pstorage.o
    0x00023040   0x00000028   Code   RO          220    i.sys_evt_dispatch  main.o
    0x00023068   0x00000014   Code   RO          620    i.systick_process   os.o
    0x0002307c   0x0000001c   Code   RO         1980    i.tail_restore_state_run  pstorage.o
    0x00023098   0x0000000e   Code   RO            5    i.task_free         system_task.o
    0x000230a6   0x00000002   Code   RO            6    i.task_free_init    system_task.o
    0x000230a8   0x00000094   Code   RO            7    i.task_system       system_task.o
    0x0002313c   0x0000003c   Code   RO            8    i.task_system_init  system_task.o
    0x00023178   0x00000018   Code   RO          621    i.task_ticks_inc    os.o
    0x00023190   0x00000010   Code   RO         2309    i.timer_list_handler_sched  app_timer.o
    0x000231a0   0x00000064   Code   RO         2310    i.timer_list_insert  app_timer.o
    0x00023204   0x00000070   Code   RO         2311    i.timer_list_remove  app_timer.o
    0x00023274   0x00000064   Code   RO          518    i.timer_process     hal_timer.o
    0x000232d8   0x00000080   Code   RO         2312    i.timer_timeouts_check  app_timer.o
    0x00023358   0x00000084   Code   RO         1065    i.tx_buffer_process  ble_bas_c.o
    0x000233dc   0x000000ac   Code   RO         1212    i.tx_buffer_process  ble_hrs_c.o
    0x00023488   0x000000ac   Code   RO         1213    i.tx_send           ble_hrs_c.o
    0x00023534   0x00000018   Code   RO          221    i.uart_error_handle  main.o
    0x0002354c   0x00000014   Code   RO         1347    i.update_status_bit_reset  device_manager_central.o
    0x00023560   0x00000054   Code   RO         2313    i.user_id_get       app_timer.o
    0x000235b4   0x00000024   Code   RO         2314    i.user_op_alloc     app_timer.o
    0x000235d8   0x00000008   Data   RO            9    .constdata          system_task.o
    0x000235e0   0x00000008   Data   RO           10    .constdata          system_task.o
    0x000235e8   0x00000055   Data   RO          223    .constdata          main.o
    0x0002363d   0x00000003   PAD
    0x00023640   0x0000008f   Data   RO          743    .constdata          cling_comm_mac.o
    0x000236cf   0x00000001   PAD
    0x000236d0   0x00000030   Data   RO          808    .constdata          bsp.o
    0x00023700   0x000000ba   Data   RO         1067    .constdata          ble_bas_c.o
    0x000237ba   0x00000002   PAD
    0x000237bc   0x00000108   Data   RO         1131    .constdata          ble_db_discovery.o
    0x000238c4   0x000000fe   Data   RO         1215    .constdata          ble_hrs_c.o
    0x000239c2   0x00000002   PAD
    0x000239c4   0x00000466   Data   RO         1349    .constdata          device_manager_central.o
    0x00023e2a   0x00000002   PAD
    0x00023e2c   0x00000008   Data   RO         1602    .constdata          app_uart_fifo.o
    0x00023e34   0x00000028   Data   RO         1982    .constdata          pstorage.o
    0x00023e5c   0x00000004   Data   RO         2187    .constdata          app_button.o
    0x00023e60   0x0000000c   Data   RO         2446    .constdata          app_trace.o
    0x00023e6c   0x00000020   Data   RO         3038    Region$$Table       anon$$obj.o


    Execution Region RW_IRAM1 (Base: 0x20002800, Size: 0x00002790, Max: 0x00005800, ABSOLUTE)

    Base Addr    Size         Type   Attr      Idx    E Section Name        Object

    0x20002800   0x00000002   Data   RW           11    .data               system_task.o
    0x20002802   0x00000002   PAD
    0x20002804   0x00000008   Data   RW           12    .data               system_task.o
    0x2000280c   0x00000010   Data   RW          224    .data               main.o
    0x2000281c   0x00000001   Data   RW          418    .data               lx_heap.o
    0x2000281d   0x00000003   PAD
    0x20002820   0x00000004   Data   RW          519    .data               hal_timer.o
    0x20002824   0x00000008   Data   RW          577    .data               event_hal.o
    0x2000282c   0x00000010   Data   RW          624    .data               os.o
    0x2000283c   0x00000001   Data   RW          691    .data               message.o
    0x2000283d   0x00000003   PAD
    0x20002840   0x00000020   Data   RW          809    .data               bsp.o
    0x20002860   0x00000008   Data   RW          915    .data               bsp_btn_ble.o
    0x20002868   0x00000004   Data   RW          963    .data               system_nrf51.o
    0x2000286c   0x0000000c   Data   RW         1068    .data               ble_bas_c.o
    0x20002878   0x00000010   Data   RW         1132    .data               ble_db_discovery.o
    0x20002888   0x0000000c   Data   RW         1216    .data               ble_hrs_c.o
    0x20002894   0x00000010   Data   RW         1350    .data               device_manager_central.o
    0x200028a4   0x00000008   Data   RW         1603    .data               app_uart_fifo.o
    0x200028ac   0x00000024   Data   RW         1983    .data               pstorage.o
    0x200028d0   0x00000018   Data   RW         2188    .data               app_button.o
    0x200028e8   0x00000024   Data   RW         2315    .data               app_timer.o
    0x2000290c   0x00000001   Data   RW         2447    .data               app_trace.o
    0x2000290d   0x00000003   PAD
    0x20002910   0x00000004   Data   RW         2492    .data               retarget.o
    0x20002914   0x00000014   Data   RW         2532    .data               softdevice_handler.o
    0x20002928   0x0000051c   Zero   RW          222    .bss                main.o
    0x20002e44   0x00001100   Zero   RW          417    .bss                lx_heap.o
    0x20003f44   0x0000000c   Zero   RW          807    .bss                bsp.o
    0x20003f50   0x000000a0   Zero   RW         1066    .bss                ble_bas_c.o
    0x20003ff0   0x000001b8   Zero   RW         1130    .bss                ble_db_discovery.o
    0x200041a8   0x00000280   Zero   RW         1214    .bss                ble_hrs_c.o
    0x20004428   0x0000011b   Zero   RW         1348    .bss                device_manager_central.o
    0x20004543   0x00000001   PAD
    0x20004544   0x00000020   Zero   RW         1601    .bss                app_uart_fifo.o
    0x20004564   0x00000050   Zero   RW         1783    .bss                nrf_drv_gpiote.o
    0x200045b4   0x000000d8   Zero   RW         1981    .bss                pstorage.o
    0x2000468c   0x00000100   Zero   RW         2445    .bss                app_trace.o
    0x2000478c   0x00000004   PAD
    0x20004790   0x00000800   Zero   RW          951    STACK               arm_startup_nrf51.o


==============================================================================

Image component sizes


      Code (inc. data)   RO Data    RW Data    ZI Data      Debug   Object Name

       328         30          4         24          0       5758   app_button.o
        24          8          0          0          0       6720   app_error.o
       104          0          0          0          0       2478   app_fifo.o
      1950        166          0         36          0      25852   app_timer.o
       124         30         12          1        256       2006   app_trace.o
       862        142          8          8         32      20439   app_uart_fifo.o
        56         18        192          0       2048        672   arm_startup_nrf51.o
       212         20          0          0          0       3232   base_object.o
       132         60        186         12        160       5559   ble_bas_c.o
      1418         98        264         16        440      12243   ble_db_discovery.o
      1020        394        254         12        640      10005   ble_hrs_c.o
      1102        120         48         32         12      15649   bsp.o
       284         10          0          8          0       4585   bsp_btn_ble.o
       164         34        143          0          0       5568   cling_comm_mac.o
      7528       3682       1126         16        283      33046   device_manager_central.o
       282         38          0          8          0       3267   event_hal.o
       280         20          0          4          0       2730   hal_timer.o
       336         24          0          1       4352       3714   lx_heap.o
      2690       1068         85         16       1308      55208   main.o
       346         10          0          1          0       2986   message.o
        96         18          0          0          0       1420   nrf_drv_common.o
      1076        150          0          0         80      19714   nrf_drv_gpiote.o
       232         58          0         16          0       3685   os.o
      2810        266         40         36        216      32310   pstorage.o
        14          0          0          4          0       2542   retarget.o
       276         30          0         20          0       6187   softdevice_handler.o
       156         26          0          4          0       1987   system_nrf51.o
       224         14         16         10          0      64861   system_task.o

    ----------------------------------------------------------------------
     24142       6534       2420        296       9832     354423   Object Totals
         0          0         32          0          0          0   (incl. Generated)
        16          0         10         11          5          0   (incl. Padding)

    ----------------------------------------------------------------------

      Code (inc. data)   RO Data    RW Data    ZI Data      Debug   Library Member Name

         0          0          0          0          0          0   entry.o
         0          0          0          0          0          0   entry10a.o
         0          0          0          0          0          0   entry11a.o
         8          4          0          0          0          0   entry2.o
         4          0          0          0          0          0   entry5.o
         0          0          0          0          0          0   entry7b.o
         0          0          0          0          0          0   entry8b.o
         8          4          0          0          0          0   entry9a.o
        30          0          0          0          0          0   handlers.o
        40          0          0          0          0         72   idiv.o
        36          8          0          0          0         68   init.o
        32          0          0          0          0         68   llshl.o
        34          0          0          0          0         68   llushr.o
        26          0          0          0          0         72   memcmp.o
        64          0          0          0          0         68   memmovea.o
        36          0          0          0          0        100   memseta.o
      1230         58          0          0          0        468   printf8.o
        28          0          0          0          0         68   strcmp.o
        18          0          0          0          0         60   strcpy.o
        44          0          0          0          0         72   uidiv.o
        96          0          0          0          0         84   uldiv.o

    ----------------------------------------------------------------------
      1738         74          0          0          0       1268   Library Totals
         4          0          0          0          0          0   (incl. Padding)

    ----------------------------------------------------------------------

      Code (inc. data)   RO Data    RW Data    ZI Data      Debug   Library Name

      1734         74          0          0          0       1268   mc_p.l

    ----------------------------------------------------------------------
      1738         74          0          0          0       1268   Library Totals

    ----------------------------------------------------------------------

==============================================================================


      Code (inc. data)   RO Data    RW Data    ZI Data      Debug   

     25880       6608       2420        296       9832     345643   Grand Totals
     25880       6608       2420        296       9832     345643   ELF Image Totals
     25880       6608       2420        296          0          0   ROM Totals

==============================================================================

    Total RO  Size (Code + RO Data)                28300 (  27.64kB)
    Total RW  Size (RW Data + ZI Data)             10128 (   9.89kB)
    Total ROM Size (Code + RO Data + RW Data)      28596 (  27.93kB)

==============================================================================

