Component: ARM Compiler 5.05 update 1 (build 106) Tool: armlink [4d0efa]

==============================================================================

Section Cross References

    main.o(i.advertising_init) refers to memseta.o(.text) for __aeabi_memclr4
    main.o(i.advertising_init) refers to ble_advertising.o(i.ble_advertising_init) for ble_advertising_init
    main.o(i.advertising_init) refers to app_error.o(i.app_error_handler) for app_error_handler
    main.o(i.advertising_init) refers to main.o(i.on_adv_evt) for on_adv_evt
    main.o(i.alert_notification_error_handler) refers to app_error.o(i.app_error_handler) for app_error_handler
    main.o(i.alert_notification_init) refers to memseta.o(.text) for __aeabi_memclr4
    main.o(i.alert_notification_init) refers to ble_ans_c.o(i.ble_ans_c_init) for ble_ans_c_init
    main.o(i.alert_notification_init) refers to app_error.o(i.app_error_handler) for app_error_handler
    main.o(i.alert_notification_init) refers to ble_ans_c.o(i.ble_ans_c_service_delete) for ble_ans_c_service_delete
    main.o(i.alert_notification_init) refers to ble_ans_c.o(i.ble_ans_c_service_load) for ble_ans_c_service_load
    main.o(i.alert_notification_init) refers to main.o(.bss) for .bss
    main.o(i.alert_notification_init) refers to main.o(i.on_ans_c_evt) for on_ans_c_evt
    main.o(i.alert_notification_init) refers to main.o(i.alert_notification_error_handler) for alert_notification_error_handler
    main.o(i.alert_notification_setup) refers to ble_ans_c.o(i.ble_ans_c_enable_notif_new_alert) for ble_ans_c_enable_notif_new_alert
    main.o(i.alert_notification_setup) refers to app_error.o(i.app_error_handler) for app_error_handler
    main.o(i.alert_notification_setup) refers to ble_ans_c.o(i.ble_ans_c_enable_notif_unread_alert) for ble_ans_c_enable_notif_unread_alert
    main.o(i.alert_notification_setup) refers to main.o(.bss) for .bss
    main.o(i.alert_notification_setup) refers to main.o(.data) for .data
    main.o(i.assert_nrf_callback) refers to app_error.o(i.app_error_handler) for app_error_handler
    main.o(i.ble_evt_dispatch) refers to device_manager_peripheral.o(i.dm_ble_evt_handler) for dm_ble_evt_handler
    main.o(i.ble_evt_dispatch) refers to ble_conn_params.o(i.ble_conn_params_on_ble_evt) for ble_conn_params_on_ble_evt
    main.o(i.ble_evt_dispatch) refers to ble_ans_c.o(i.ble_ans_c_on_ble_evt) for ble_ans_c_on_ble_evt
    main.o(i.ble_evt_dispatch) refers to bsp_btn_ble.o(i.bsp_btn_ble_on_ble_evt) for bsp_btn_ble_on_ble_evt
    main.o(i.ble_evt_dispatch) refers to main.o(i.on_ble_evt) for on_ble_evt
    main.o(i.ble_evt_dispatch) refers to ble_advertising.o(i.ble_advertising_on_ble_evt) for ble_advertising_on_ble_evt
    main.o(i.ble_evt_dispatch) refers to main.o(.bss) for .bss
    main.o(i.ble_stack_init) refers to softdevice_handler.o(i.softdevice_handler_init) for softdevice_handler_init
    main.o(i.ble_stack_init) refers to app_error.o(i.app_error_handler) for app_error_handler
    main.o(i.ble_stack_init) refers to softdevice_handler.o(i.softdevice_ble_evt_handler_set) for softdevice_ble_evt_handler_set
    main.o(i.ble_stack_init) refers to softdevice_handler.o(i.softdevice_sys_evt_handler_set) for softdevice_sys_evt_handler_set
    main.o(i.ble_stack_init) refers to main.o(.bss) for .bss
    main.o(i.ble_stack_init) refers to main.o(i.ble_evt_dispatch) for ble_evt_dispatch
    main.o(i.ble_stack_init) refers to main.o(i.sys_evt_dispatch) for sys_evt_dispatch
    main.o(i.bsp_event_handler) refers to main.o(i.__ARM_common_switch8) for __ARM_common_switch8
    main.o(i.bsp_event_handler) refers to main.o(i.sleep_mode_enter) for sleep_mode_enter
    main.o(i.bsp_event_handler) refers to app_error.o(i.app_error_handler) for app_error_handler
    main.o(i.bsp_event_handler) refers to ble_advertising.o(i.ble_advertising_restart_without_whitelist) for ble_advertising_restart_without_whitelist
    main.o(i.bsp_event_handler) refers to ble_ans_c.o(i.ble_ans_c_enable_notif_new_alert) for ble_ans_c_enable_notif_new_alert
    main.o(i.bsp_event_handler) refers to ble_ans_c.o(i.ble_ans_c_disable_notif_new_alert) for ble_ans_c_disable_notif_new_alert
    main.o(i.bsp_event_handler) refers to ble_ans_c.o(i.ble_ans_c_enable_notif_unread_alert) for ble_ans_c_enable_notif_unread_alert
    main.o(i.bsp_event_handler) refers to bsp.o(i.bsp_indication_set) for bsp_indication_set
    main.o(i.bsp_event_handler) refers to ble_ans_c.o(i.ble_ans_c_disable_notif_unread_alert) for ble_ans_c_disable_notif_unread_alert
    main.o(i.bsp_event_handler) refers to ble_ans_c.o(i.ble_ans_c_unread_alert_notify) for ble_ans_c_unread_alert_notify
    main.o(i.bsp_event_handler) refers to ble_ans_c.o(i.ble_ans_c_new_alert_notify) for ble_ans_c_new_alert_notify
    main.o(i.bsp_event_handler) refers to main.o(.data) for .data
    main.o(i.bsp_event_handler) refers to main.o(.bss) for .bss
[...]
    i.app_timer_create                       0x0000099c   Section        0  app_timer.o(i.app_timer_create)
    i.app_timer_init                         0x000009e8   Section        0  app_timer.o(i.app_timer_init)
    i.app_timer_start                        0x00000a9c   Section        0  app_timer.o(i.app_timer_start)
    i.app_timer_stop                         0x00000b20   Section        0  app_timer.o(i.app_timer_stop)
    i.ble_advdata_set                        0x00000b78   Section        0  ble_advdata.o(i.ble_advdata_set)
    i.ble_advertising_init                   0x00000bd4   Section        0  ble_advertising.o(i.ble_advertising_init)
    i.ble_advertising_on_ble_evt             0x00000cf8   Section        0  ble_advertising.o(i.ble_advertising_on_ble_evt)
    i.ble_advertising_on_sys_evt             0x00000d6c   Section        0  ble_advertising.o(i.ble_advertising_on_sys_evt)
    i.ble_advertising_peer_address_clear     0x00000d9c   Section        0  ble_advertising.o(i.ble_advertising_peer_address_clear)
    ble_advertising_peer_address_clear       0x00000d9d   Thumb Code    12  ble_advertising.o(i.ble_advertising_peer_address_clear)
    i.ble_advertising_restart_without_whitelist 0x00000dac   Section        0  ble_advertising.o(i.ble_advertising_restart_without_whitelist)
    i.ble_advertising_start                  0x00000dec   Section        0  ble_advertising.o(i.ble_advertising_start)
    i.ble_ans_c_control_point_write          0x00000fcc   Section        0  ble_ans_c.o(i.ble_ans_c_control_point_write)
    i.ble_ans_c_disable_notif_new_alert      0x00001024   Section        0  ble_ans_c.o(i.ble_ans_c_disable_notif_new_alert)
    i.ble_ans_c_disable_notif_unread_alert   0x00001038   Section        0  ble_ans_c.o(i.ble_ans_c_disable_notif_unread_alert)
    i.ble_ans_c_enable_notif_new_alert       0x0000104c   Section        0  ble_ans_c.o(i.ble_ans_c_enable_notif_new_alert)
    i.ble_ans_c_enable_notif_unread_alert    0x00001060   Section        0  ble_ans_c.o(i.ble_ans_c_enable_notif_unread_alert)
    i.ble_ans_c_init                         0x00001074   Section        0  ble_ans_c.o(i.ble_ans_c_init)
    i.ble_ans_c_new_alert_notify             0x000010e4   Section        0  ble_ans_c.o(i.ble_ans_c_new_alert_notify)
    i.ble_ans_c_new_alert_read               0x000010f8   Section        0  ble_ans_c.o(i.ble_ans_c_new_alert_read)
    i.ble_ans_c_on_ble_evt                   0x00001130   Section        0  ble_ans_c.o(i.ble_ans_c_on_ble_evt)
    i.ble_ans_c_on_device_manager_evt        0x0000120c   Section        0  ble_ans_c.o(i.ble_ans_c_on_device_manager_evt)
    i.ble_ans_c_service_delete               0x0000121c   Section        0  ble_ans_c.o(i.ble_ans_c_service_delete)
    i.ble_ans_c_service_load                 0x00001238   Section        0  ble_ans_c.o(i.ble_ans_c_service_load)
    i.ble_ans_c_service_store                0x00001274   Section        0  ble_ans_c.o(i.ble_ans_c_service_store)
    i.ble_ans_c_unread_alert_notify          0x00001290   Section        0  ble_ans_c.o(i.ble_ans_c_unread_alert_notify)
    i.ble_ans_c_unread_alert_read            0x000012a4   Section        0  ble_ans_c.o(i.ble_ans_c_unread_alert_read)
    i.ble_conn_params_init                   0x000012dc   Section        0  ble_conn_params.o(i.ble_conn_params_init)
    i.ble_conn_params_on_ble_evt             0x00001330   Section        0  ble_conn_params.o(i.ble_conn_params_on_ble_evt)
    i.ble_evt_dispatch                       0x000013c0   Section        0  main.o(i.ble_evt_dispatch)
    ble_evt_dispatch                         0x000013c1   Thumb Code    42  main.o(i.ble_evt_dispatch)
    i.ble_stack_init                         0x000013f0   Section        0  main.o(i.ble_stack_init)
    ble_stack_init                           0x000013f1   Thumb Code    90  main.o(i.ble_stack_init)
    i.bond_data_load                         0x00001458   Section        0  device_manager_peripheral.o(i.bond_data_load)
    i.bsp_btn_ble_init                       0x000014a0   Section        0  bsp_btn_ble.o(i.bsp_btn_ble_init)
    i.bsp_btn_ble_on_ble_evt                 0x000014f4   Section        0  bsp_btn_ble.o(i.bsp_btn_ble_on_ble_evt)
    i.bsp_btn_ble_sleep_mode_prepare         0x0000156c   Section        0  bsp_btn_ble.o(i.bsp_btn_ble_sleep_mode_prepare)
    i.bsp_button_event_handler               0x00001580   Section        0  bsp.o(i.bsp_button_event_handler)
    bsp_button_event_handler                 0x00001581   Thumb Code   144  bsp.o(i.bsp_button_event_handler)
    i.bsp_button_is_pressed                  0x0000161c   Section        0  bsp.o(i.bsp_button_is_pressed)
    i.bsp_event_handler                      0x00001648   Section        0  main.o(i.bsp_event_handler)
    bsp_event_handler                        0x00001649   Thumb Code   224  main.o(i.bsp_event_handler)
    i.bsp_event_to_button_action_assign      0x00001734   Section        0  bsp.o(i.bsp_event_to_button_action_assign)
    i.bsp_indication_set                     0x0000177c   Section        0  bsp.o(i.bsp_indication_set)
    i.bsp_init                               0x00001798   Section        0  bsp.o(i.bsp_init)
    i.bsp_led_indication                     0x00001838   Section        0  bsp.o(i.bsp_led_indication)
    bsp_led_indication                       0x00001839   Thumb Code   482  bsp.o(i.bsp_led_indication)
    i.bsp_wakeup_buttons_set                 0x00001a28   Section        0  bsp.o(i.bsp_wakeup_buttons_set)
    i.button_timer_handler                   0x00001a64   Section        0  bsp.o(i.button_timer_handler)
    button_timer_handler                     0x00001a65   Thumb Code    12  bsp.o(i.button_timer_handler)
    i.cccd_configure                         0x00001a70   Section        0  ble_ans_c.o(i.cccd_configure)
    cccd_configure                           0x00001a71   Thumb Code    68  ble_ans_c.o(i.cccd_configure)
    i.channel_free                           0x00001abc   Section        0  nrf_drv_gpiote.o(i.channel_free)
    channel_free                             0x00001abd   Thumb Code    22  nrf_drv_gpiote.o(i.channel_free)
    i.channel_port_alloc                     0x00001ad8   Section        0  nrf_drv_gpiote.o(i.channel_port_alloc)
    channel_port_alloc                       0x00001ad9   Thumb Code    66  nrf_drv_gpiote.o(i.channel_port_alloc)
    i.channel_port_get                       0x00001b20   Section        0  nrf_drv_gpiote.o(i.channel_port_get)
    channel_port_get                         0x00001b21   Thumb Code    10  nrf_drv_gpiote.o(i.channel_port_get)
    i.characteristic_disc_req_send           0x00001b30   Section        0  ble_ans_c.o(i.characteristic_disc_req_send)
    characteristic_disc_req_send             0x00001b31   Thumb Code    28  ble_ans_c.o(i.characteristic_disc_req_send)
    i.characteristics_set                    0x00001b50   Section        0  ble_ans_c.o(i.characteristics_set)
    characteristics_set                      0x00001b51   Thumb Code    26  ble_ans_c.o(i.characteristics_set)
    i.clear_operation_execute                0x00001b6c   Section        0  pstorage.o(i.clear_operation_execute)
    clear_operation_execute                  0x00001b6d   Thumb Code   252  pstorage.o(i.clear_operation_execute)
    i.clear_post_processing_run              0x00001c70   Section        0  pstorage.o(i.clear_post_processing_run)
    clear_post_processing_run                0x00001c71   Thumb Code    32  pstorage.o(i.clear_post_processing_run)
    i.cmd_process                            0x00001c94   Section        0  pstorage.o(i.cmd_process)
    cmd_process                              0x00001c95   Thumb Code    46  pstorage.o(i.cmd_process)
    i.cmd_queue_element_init                 0x00001ccc   Section        0  pstorage.o(i.cmd_queue_element_init)
    cmd_queue_element_init                   0x00001ccd   Thumb Code    26  pstorage.o(i.cmd_queue_element_init)
    i.cmd_queue_enqueue                      0x00001cec   Section        0  pstorage.o(i.cmd_queue_enqueue)
    cmd_queue_enqueue                        0x00001ced   Thumb Code    68  pstorage.o(i.cmd_queue_enqueue)
    i.command_end_procedure_run              0x00001d38   Section        0  pstorage.o(i.command_end_procedure_run)
    command_end_procedure_run                0x00001d39   Thumb Code    56  pstorage.o(i.command_end_procedure_run)
    i.compare_reg_update                     0x00001d74   Section        0  app_timer.o(i.compare_reg_update)
    compare_reg_update                       0x00001d75   Thumb Code   140  app_timer.o(i.compare_reg_update)
    i.conn_int_encode                        0x00001e18   Section        0  ble_advdata.o(i.conn_int_encode)
    conn_int_encode                          0x00001e19   Thumb Code   126  ble_advdata.o(i.conn_int_encode)
    i.conn_params_error_handler              0x00001e9c   Section        0  main.o(i.conn_params_error_handler)
    conn_params_error_handler                0x00001e9d   Thumb Code    12  main.o(i.conn_params_error_handler)
    i.conn_params_negotiation                0x00001ea8   Section        0  ble_conn_params.o(i.conn_params_negotiation)
    conn_params_negotiation                  0x00001ea9   Thumb Code    90  ble_conn_params.o(i.conn_params_negotiation)
    i.connection_established                 0x00001f0c   Section        0  ble_ans_c.o(i.connection_established)
    connection_established                   0x00001f0d   Thumb Code    96  ble_ans_c.o(i.connection_established)
    i.connection_instance_find               0x00001f74   Section        0  device_manager_peripheral.o(i.connection_instance_find)
    connection_instance_find                 0x00001f75   Thumb Code    38  device_manager_peripheral.o(i.connection_instance_find)
    i.connection_instance_init               0x00001fa4   Section        0  device_manager_peripheral.o(i.connection_instance_init)
    connection_instance_init                 0x00001fa5   Thumb Code    30  device_manager_peripheral.o(i.connection_instance_init)
    i.control_point_setup                    0x00001fc8   Section        0  main.o(i.control_point_setup)
    control_point_setup                      0x00001fc9   Thumb Code    80  main.o(i.control_point_setup)
    i.data_page_erase_state_run              0x00002020   Section        0  pstorage.o(i.data_page_erase_state_run)
    data_page_erase_state_run                0x00002021   Thumb Code    80  pstorage.o(i.data_page_erase_state_run)
    i.data_to_swap_write_state_run           0x00002074   Section        0  pstorage.o(i.data_to_swap_write_state_run)
    data_to_swap_write_state_run             0x00002075   Thumb Code    34  pstorage.o(i.data_to_swap_write_state_run)
    i.descriptor_disc_req_send               0x0000209c   Section        0  ble_ans_c.o(i.descriptor_disc_req_send)
    descriptor_disc_req_send                 0x0000209d   Thumb Code    72  ble_ans_c.o(i.descriptor_disc_req_send)
    i.detection_delay_timeout_handler        0x000020ec   Section        0  app_button.o(i.detection_delay_timeout_handler)
    detection_delay_timeout_handler          0x000020ed   Thumb Code    90  app_button.o(i.detection_delay_timeout_handler)
    i.device_context_store                   0x0000214c   Section        0  device_manager_peripheral.o(i.device_context_store)
    device_context_store                     0x0000214d   Thumb Code   152  device_manager_peripheral.o(i.device_context_store)
    i.device_instance_allocate               0x000021fc   Section        0  device_manager_peripheral.o(i.device_instance_allocate)
    device_instance_allocate                 0x000021fd   Thumb Code    74  device_manager_peripheral.o(i.device_instance_allocate)
    i.device_instance_find                   0x00002250   Section        0  device_manager_peripheral.o(i.device_instance_find)
    device_instance_find                     0x00002251   Thumb Code    68  device_manager_peripheral.o(i.device_instance_find)
    i.device_instance_free                   0x00002298   Section        0  device_manager_peripheral.o(i.device_instance_free)
    device_instance_free                     0x00002299   Thumb Code    40  device_manager_peripheral.o(i.device_instance_free)
    i.device_manager_evt_handler             0x000022c4   Section        0  main.o(i.device_manager_evt_handler)
    device_manager_evt_handler               0x000022c5   Thumb Code    32  main.o(i.device_manager_evt_handler)
    i.device_manager_init                    0x000022e8   Section        0  main.o(i.device_manager_init)
    device_manager_init                      0x000022e9   Thumb Code   106  main.o(i.device_manager_init)
    i.dm_ble_evt_handler                     0x0000235c   Section        0  device_manager_peripheral.o(i.dm_ble_evt_handler)
    i.dm_handle_initialize                   0x00002718   Section        0  device_manager_peripheral.o(i.dm_handle_initialize)
    i.dm_init                                0x00002734   Section        0  device_manager_peripheral.o(i.dm_init)
    i.dm_pstorage_cb_handler                 0x000027f8   Section        0  device_manager_peripheral.o(i.dm_pstorage_cb_handler)
    dm_pstorage_cb_handler                   0x000027f9   Thumb Code   342  device_manager_peripheral.o(i.dm_pstorage_cb_handler)
    i.dm_register                            0x00002958   Section        0  device_manager_peripheral.o(i.dm_register)
    i.elapsed_ticks_acquire                  0x000029cc   Section        0  app_timer.o(i.elapsed_ticks_acquire)
    elapsed_ticks_acquire                    0x000029cd   Thumb Code    58  app_timer.o(i.elapsed_ticks_acquire)
    i.event_characteristic_rsp               0x00002a0c   Section        0  ble_ans_c.o(i.event_characteristic_rsp)
    event_characteristic_rsp                 0x00002a0d   Thumb Code   216  ble_ans_c.o(i.event_characteristic_rsp)
    i.event_descriptor_rsp                   0x00002aec   Section        0  ble_ans_c.o(i.event_descriptor_rsp)
    event_descriptor_rsp                     0x00002aed   Thumb Code   104  ble_ans_c.o(i.event_descriptor_rsp)
    i.event_disconnect                       0x00002b5c   Section        0  ble_ans_c.o(i.event_disconnect)
    event_disconnect                         0x00002b5d   Thumb Code    92  ble_ans_c.o(i.event_disconnect)
    i.event_notify                           0x00002bc0   Section        0  ble_ans_c.o(i.event_notify)
    event_notify                             0x00002bc1   Thumb Code   104  ble_ans_c.o(i.event_notify)
    i.event_read_rsp                         0x00002c2c   Section        0  ble_ans_c.o(i.event_read_rsp)
    event_read_rsp                           0x00002c2d   Thumb Code    98  ble_ans_c.o(i.event_read_rsp)
    i.expired_timers_handler                 0x00002c94   Section        0  app_timer.o(i.expired_timers_handler)
    expired_timers_handler                   0x00002c95   Thumb Code    82  app_timer.o(i.expired_timers_handler)
    i.flash_api_err_code_process             0x00002cec   Section        0  pstorage.o(i.flash_api_err_code_process)
    flash_api_err_code_process               0x00002ced   Thumb Code    28  pstorage.o(i.flash_api_err_code_process)
    i.flash_operation_success_run            0x00002d0c   Section        0  pstorage.o(i.flash_operation_success_run)
    flash_operation_success_run              0x00002d0d   Thumb Code   114  pstorage.o(i.flash_operation_success_run)
    i.flash_page_erase                       0x00002d8c   Section        0  pstorage.o(i.flash_page_erase)
    flash_page_erase                         0x00002d8d   Thumb Code    10  pstorage.o(i.flash_page_erase)
    i.flash_write                            0x00002d96   Section        0  pstorage.o(i.flash_write)
    flash_write                              0x00002d97   Thumb Code    10  pstorage.o(i.flash_write)
    i.gap_params_init                        0x00002da0   Section        0  main.o(i.gap_params_init)
    gap_params_init                          0x00002da1   Thumb Code    68  main.o(i.gap_params_init)
    i.gattc_context_apply                    0x00002df8   Section        0  device_manager_peripheral.o(i.gattc_context_apply)
    gattc_context_apply                      0x00002df9   Thumb Code     4  device_manager_peripheral.o(i.gattc_context_apply)
    i.gattc_context_load                     0x00002dfc   Section        0  device_manager_peripheral.o(i.gattc_context_load)
    gattc_context_load                       0x00002dfd   Thumb Code     4  device_manager_peripheral.o(i.gattc_context_load)
    i.gattc_context_store                    0x00002e00   Section        0  device_manager_peripheral.o(i.gattc_context_store)
    gattc_context_store                      0x00002e01   Thumb Code     4  device_manager_peripheral.o(i.gattc_context_store)
    i.gatts_context_apply                    0x00002e04   Section        0  device_manager_peripheral.o(i.gatts_context_apply)
    gatts_context_apply                      0x00002e05   Thumb Code   162  device_manager_peripheral.o(i.gatts_context_apply)
    i.gatts_context_load                     0x00002eb8   Section        0  device_manager_peripheral.o(i.gatts_context_load)
    gatts_context_load                       0x00002eb9   Thumb Code    42  device_manager_peripheral.o(i.gatts_context_load)
    i.gatts_context_store                    0x00002ee8   Section        0  device_manager_peripheral.o(i.gatts_context_store)
    gatts_context_store                      0x00002ee9   Thumb Code   156  device_manager_peripheral.o(i.gatts_context_store)
    i.gattsc_context_apply                   0x00002f90   Section        0  device_manager_peripheral.o(i.gattsc_context_apply)
    gattsc_context_apply                     0x00002f91   Thumb Code     8  device_manager_peripheral.o(i.gattsc_context_apply)
    i.gattsc_context_load                    0x00002f98   Section        0  device_manager_peripheral.o(i.gattsc_context_load)
    gattsc_context_load                      0x00002f99   Thumb Code     8  device_manager_peripheral.o(i.gattsc_context_load)
    i.gattsc_context_store                   0x00002fa0   Section        0  device_manager_peripheral.o(i.gattsc_context_store)
    gattsc_context_store                     0x00002fa1   Thumb Code     8  device_manager_peripheral.o(i.gattsc_context_store)
    i.gpiote_event_handler                   0x00002fa8   Section        0  app_button.o(i.gpiote_event_handler)
    gpiote_event_handler                     0x00002fa9   Thumb Code    70  app_button.o(i.gpiote_event_handler)
    i.handle_discovery_failure               0x00002ff4   Section        0  ble_ans_c.o(i.handle_discovery_failure)
    handle_discovery_failure                 0x00002ff5   Thumb Code    28  ble_ans_c.o(i.handle_discovery_failure)
    i.head_restore_state_run                 0x00003014   Section        0  pstorage.o(i.head_restore_state_run)
    head_restore_state_run                   0x00003015   Thumb Code   110  pstorage.o(i.head_restore_state_run)
    i.intern_softdevice_events_execute       0x0000308c   Section        0  softdevice_handler.o(i.intern_softdevice_events_execute)
    i.is_conn_params_ok                      0x0000310c   Section        0  ble_conn_params.o(i.is_conn_params_ok)
    is_conn_params_ok                        0x0000310d   Thumb Code    24  ble_conn_params.o(i.is_conn_params_ok)
    i.is_manual_peripheral_setup_needed      0x00003128   Section        0  system_nrf51.o(i.is_manual_peripheral_setup_needed)
    is_manual_peripheral_setup_needed        0x00003129   Thumb Code    66  system_nrf51.o(i.is_manual_peripheral_setup_needed)
    i.is_page_erase_required                 0x00003170   Section        0  pstorage.o(i.is_page_erase_required)
    is_page_erase_required                   0x00003171   Thumb Code    60  pstorage.o(i.is_page_erase_required)
    i.is_word_aligned                        0x000031b4   Section        0  pstorage.o(i.is_word_aligned)
    is_word_aligned                          0x000031b5   Thumb Code    12  pstorage.o(i.is_word_aligned)
    i.leds_timer_handler                     0x000031c0   Section        0  bsp.o(i.leds_timer_handler)
    leds_timer_handler                       0x000031c1   Thumb Code    18  bsp.o(i.leds_timer_handler)
    i.list_deletions_handler                 0x000031d8   Section        0  app_timer.o(i.list_deletions_handler)
    list_deletions_handler                   0x000031d9   Thumb Code   144  app_timer.o(i.list_deletions_handler)
    i.list_insertions_handler                0x0000326c   Section        0  app_timer.o(i.list_insertions_handler)
    list_insertions_handler                  0x0000326d   Thumb Code   230  app_timer.o(i.list_insertions_handler)
    i.main                                   0x0000335c   Section        0  main.o(i.main)
    i.main_state_err_busy_process            0x00003434   Section        0  pstorage.o(i.main_state_err_busy_process)
    main_state_err_busy_process              0x00003435   Thumb Code    20  pstorage.o(i.main_state_err_busy_process)
    i.manuf_specific_data_encode             0x0000344c   Section        0  ble_advdata.o(i.manuf_specific_data_encode)
    manuf_specific_data_encode               0x0000344d   Thumb Code   100  ble_advdata.o(i.manuf_specific_data_encode)
    i.name_encode                            0x000034b0   Section        0  ble_advdata.o(i.name_encode)
    name_encode                              0x000034b1   Thumb Code   106  ble_advdata.o(i.name_encode)
    i.no_service_context_apply               0x0000351a   Section        0  device_manager_peripheral.o(i.no_service_context_apply)
    no_service_context_apply                 0x0000351b   Thumb Code     4  device_manager_peripheral.o(i.no_service_context_apply)
    i.no_service_context_load                0x0000351e   Section        0  device_manager_peripheral.o(i.no_service_context_load)
    no_service_context_load                  0x0000351f   Thumb Code     4  device_manager_peripheral.o(i.no_service_context_load)
    i.no_service_context_store               0x00003522   Section        0  device_manager_peripheral.o(i.no_service_context_store)
    no_service_context_store                 0x00003523   Thumb Code     4  device_manager_peripheral.o(i.no_service_context_store)
    i.nrf_drv_common_irq_enable              0x00003528   Section        0  nrf_drv_common.o(i.nrf_drv_common_irq_enable)
    i.nrf_drv_gpiote_in_event_enable         0x00003588   Section        0  nrf_drv_gpiote.o(i.nrf_drv_gpiote_in_event_enable)
    i.nrf_drv_gpiote_in_init                 0x00003628   Section        0  nrf_drv_gpiote.o(i.nrf_drv_gpiote_in_init)
    i.nrf_drv_gpiote_in_is_set               0x000036bc   Section        0  nrf_drv_gpiote.o(i.nrf_drv_gpiote_in_is_set)
    i.nrf_drv_gpiote_init                    0x000036d0   Section        0  nrf_drv_gpiote.o(i.nrf_drv_gpiote_init)
    i.nrf_drv_gpiote_is_init                 0x00003724   Section        0  nrf_drv_gpiote.o(i.nrf_drv_gpiote_is_init)
    i.nrf_gpio_cfg_sense_set                 0x00003734   Section        0  nrf_drv_gpiote.o(i.nrf_gpio_cfg_sense_set)
    nrf_gpio_cfg_sense_set                   0x00003735   Thumb Code    26  nrf_drv_gpiote.o(i.nrf_gpio_cfg_sense_set)
    i.nrf_gpiote_event_is_set                0x00003754   Section        0  nrf_drv_gpiote.o(i.nrf_gpiote_event_is_set)
    nrf_gpiote_event_is_set                  0x00003755   Thumb Code    14  nrf_drv_gpiote.o(i.nrf_gpiote_event_is_set)
    i.on_adv_evt                             0x00003768   Section        0  main.o(i.on_adv_evt)
    on_adv_evt                               0x00003769   Thumb Code    52  main.o(i.on_adv_evt)
    i.on_ans_c_evt                           0x0000379c   Section        0  main.o(i.on_ans_c_evt)
    on_ans_c_evt                             0x0000379d   Thumb Code   134  main.o(i.on_ans_c_evt)
    i.on_ble_evt                             0x0000382c   Section        0  main.o(i.on_ble_evt)
    on_ble_evt                               0x0000382d   Thumb Code    98  main.o(i.on_ble_evt)
    i.on_uart_event                          0x00003894   Section        0  app_uart_fifo.o(i.on_uart_event)
    on_uart_event                            0x00003895   Thumb Code   118  app_uart_fifo.o(i.on_uart_event)
    i.peer_address_exists                    0x0000391c   Section        0  ble_advertising.o(i.peer_address_exists)
    peer_address_exists                      0x0000391d   Thumb Code    22  ble_advertising.o(i.peer_address_exists)
    i.peer_instance_init                     0x00003934   Section        0  device_manager_peripheral.o(i.peer_instance_init)
    peer_instance_init                       0x00003935   Thumb Code    50  device_manager_peripheral.o(i.peer_instance_init)
    i.pin_in_use_by_port                     0x0000396c   Section        0  nrf_drv_gpiote.o(i.pin_in_use_by_port)
    pin_in_use_by_port                       0x0000396d   Thumb Code    20  nrf_drv_gpiote.o(i.pin_in_use_by_port)
    i.pin_in_use_by_te                       0x00003984   Section        0  nrf_drv_gpiote.o(i.pin_in_use_by_te)
    pin_in_use_by_te                         0x00003985   Thumb Code    20  nrf_drv_gpiote.o(i.pin_in_use_by_te)
    i.pstorage_access_status_get             0x0000399c   Section        0  pstorage.o(i.pstorage_access_status_get)
    i.pstorage_block_identifier_get          0x000039c4   Section        0  pstorage.o(i.pstorage_block_identifier_get)
    i.pstorage_clear                         0x00003a1c   Section        0  pstorage.o(i.pstorage_clear)
    i.pstorage_flash_page_end                0x00003ac4   Section        0  pstorage.o(i.pstorage_flash_page_end)
    pstorage_flash_page_end                  0x00003ac5   Thumb Code    32  pstorage.o(i.pstorage_flash_page_end)
    i.pstorage_flash_page_size               0x00003ae8   Section        0  pstorage.o(i.pstorage_flash_page_size)
    pstorage_flash_page_size                 0x00003ae9   Thumb Code    10  pstorage.o(i.pstorage_flash_page_size)
    i.pstorage_init                          0x00003af4   Section        0  pstorage.o(i.pstorage_init)
    i.pstorage_load                          0x00003b50   Section        0  pstorage.o(i.pstorage_load)
    i.pstorage_register                      0x00003bfc   Section        0  pstorage.o(i.pstorage_register)
    i.pstorage_store                         0x00003cb0   Section        0  pstorage.o(i.pstorage_store)
    i.pstorage_sys_event_handler             0x00003d44   Section        0  pstorage.o(i.pstorage_sys_event_handler)
    i.pstorage_update                        0x00003d90   Section        0  pstorage.o(i.pstorage_update)
    i.rtc1_stop                              0x00003e24   Section        0  app_timer.o(i.rtc1_stop)
    rtc1_stop                                0x00003e25   Thumb Code    50  app_timer.o(i.rtc1_stop)
    i.service_data_encode                    0x00003e68   Section        0  ble_advdata.o(i.service_data_encode)
    service_data_encode                      0x00003e69   Thumb Code   124  ble_advdata.o(i.service_data_encode)
    i.service_disc_req_send                  0x00003ee4   Section        0  ble_ans_c.o(i.service_disc_req_send)
    service_disc_req_send                    0x00003ee5   Thumb Code    40  ble_ans_c.o(i.service_disc_req_send)
    i.sleep_mode_enter                       0x00003f14   Section        0  main.o(i.sleep_mode_enter)
    sleep_mode_enter                         0x00003f15   Thumb Code    52  main.o(i.sleep_mode_enter)
    i.sm_state_change                        0x00003f48   Section        0  pstorage.o(i.sm_state_change)
    sm_state_change                          0x00003f49   Thumb Code    62  pstorage.o(i.sm_state_change)
    i.softdevice_assertion_handler           0x00003f90   Section        0  softdevice_handler.o(i.softdevice_assertion_handler)
    i.softdevice_ble_evt_handler_set         0x00003f9c   Section        0  softdevice_handler.o(i.softdevice_ble_evt_handler_set)
    i.softdevice_handler_init                0x00003fb0   Section        0  softdevice_handler.o(i.softdevice_handler_init)
    i.softdevice_sys_evt_handler_set         0x00003fe0   Section        0  softdevice_handler.o(i.softdevice_sys_evt_handler_set)
    i.state_data_erase_swap_entry_run        0x00003ff4   Section        0  pstorage.o(i.state_data_erase_swap_entry_run)
    state_data_erase_swap_entry_run          0x00003ff5   Thumb Code    92  pstorage.o(i.state_data_erase_swap_entry_run)
    i.state_erase_data_page_entry_run        0x00004058   Section        0  pstorage.o(i.state_erase_data_page_entry_run)
    state_erase_data_page_entry_run          0x00004059   Thumb Code    12  pstorage.o(i.state_erase_data_page_entry_run)
    i.state_restore_head_entry_run           0x00004068   Section        0  pstorage.o(i.state_restore_head_entry_run)
    state_restore_head_entry_run             0x00004069   Thumb Code    36  pstorage.o(i.state_restore_head_entry_run)
    i.state_restore_tail_entry_run           0x00004090   Section        0  pstorage.o(i.state_restore_tail_entry_run)
    state_restore_tail_entry_run             0x00004091   Thumb Code    66  pstorage.o(i.state_restore_tail_entry_run)
    i.state_swap_erase_entry_run             0x000040dc   Section        0  pstorage.o(i.state_swap_erase_entry_run)
    state_swap_erase_entry_run               0x000040dd   Thumb Code    32  pstorage.o(i.state_swap_erase_entry_run)
    i.state_write_data_swap_entry_run        0x000040fc   Section        0  pstorage.o(i.state_write_data_swap_entry_run)
    state_write_data_swap_entry_run          0x000040fd   Thumb Code    42  pstorage.o(i.state_write_data_swap_entry_run)
    i.storage_operation_dummy_handler        0x0000412c   Section        0  device_manager_peripheral.o(i.storage_operation_dummy_handler)
    storage_operation_dummy_handler          0x0000412d   Thumb Code     4  device_manager_peripheral.o(i.storage_operation_dummy_handler)
    i.store_cmd_flash_write_execute          0x00004130   Section        0  pstorage.o(i.store_cmd_flash_write_execute)
    store_cmd_flash_write_execute            0x00004131   Thumb Code    82  pstorage.o(i.store_cmd_flash_write_execute)
    i.supported_alert_notification_read      0x0000418c   Section        0  main.o(i.supported_alert_notification_read)
    supported_alert_notification_read        0x0000418d   Thumb Code    40  main.o(i.supported_alert_notification_read)
    i.swap_erase_state_run                   0x000041b8   Section        0  pstorage.o(i.swap_erase_state_run)
    swap_erase_state_run                     0x000041b9   Thumb Code    24  pstorage.o(i.swap_erase_state_run)
    i.swap_sub_state_err_busy_process        0x000041d4   Section        0  pstorage.o(i.swap_sub_state_err_busy_process)
    swap_sub_state_err_busy_process          0x000041d5   Thumb Code    20  pstorage.o(i.swap_sub_state_err_busy_process)
    i.swap_sub_state_state_change            0x000041ec   Section        0  pstorage.o(i.swap_sub_state_state_change)
    swap_sub_state_state_change              0x000041ed   Thumb Code    12  pstorage.o(i.swap_sub_state_state_change)
    i.sys_evt_dispatch                       0x00004200   Section        0  main.o(i.sys_evt_dispatch)
    sys_evt_dispatch                         0x00004201   Thumb Code    16  main.o(i.sys_evt_dispatch)
    i.tail_restore_state_run                 0x00004210   Section        0  pstorage.o(i.tail_restore_state_run)
    tail_restore_state_run                   0x00004211   Thumb Code    22  pstorage.o(i.tail_restore_state_run)
    i.timer_list_handler_sched               0x0000422c   Section        0  app_timer.o(i.timer_list_handler_sched)
    timer_list_handler_sched                 0x0000422d   Thumb Code    10  app_timer.o(i.timer_list_handler_sched)
    i.timer_list_insert                      0x0000423c   Section        0  app_timer.o(i.timer_list_insert)
    timer_list_insert                        0x0000423d   Thumb Code    94  app_timer.o(i.timer_list_insert)
    i.timer_list_remove                      0x000042a0   Section        0  app_timer.o(i.timer_list_remove)
    timer_list_remove                        0x000042a1   Thumb Code   104  app_timer.o(i.timer_list_remove)
    i.timer_timeouts_check                   0x00004310   Section        0  app_timer.o(i.timer_timeouts_check)
    timer_timeouts_check                     0x00004311   Thumb Code   120  app_timer.o(i.timer_timeouts_check)
    i.tx_buffer_process                      0x00004390   Section        0  ble_ans_c.o(i.tx_buffer_process)
    tx_buffer_process                        0x00004391   Thumb Code    58  ble_ans_c.o(i.tx_buffer_process)
    i.uint16_encode                          0x000043d4   Section        0  ble_advdata.o(i.uint16_encode)
    uint16_encode                            0x000043d5   Thumb Code    10  ble_advdata.o(i.uint16_encode)
    i.update_status_bit_reset                0x000043e0   Section        0  device_manager_peripheral.o(i.update_status_bit_reset)
    update_status_bit_reset                  0x000043e1   Thumb Code    14  device_manager_peripheral.o(i.update_status_bit_reset)
    i.update_timeout_handler                 0x000043f4   Section        0  ble_conn_params.o(i.update_timeout_handler)
    update_timeout_handler                   0x000043f5   Thumb Code    86  ble_conn_params.o(i.update_timeout_handler)
    i.user_id_get                            0x00004458   Section        0  app_timer.o(i.user_id_get)
    user_id_get                              0x00004459   Thumb Code    74  app_timer.o(i.user_id_get)
    i.user_op_alloc                          0x000044ac   Section        0  app_timer.o(i.user_op_alloc)
    user_op_alloc                            0x000044ad   Thumb Code    36  app_timer.o(i.user_op_alloc)
    i.uuid_list_encode                       0x000044d0   Section        0  ble_advdata.o(i.uuid_list_encode)
    uuid_list_encode                         0x000044d1   Thumb Code    38  ble_advdata.o(i.uuid_list_encode)
    i.uuid_list_sized_encode                 0x000044f6   Section        0  ble_advdata.o(i.uuid_list_sized_encode)
    uuid_list_sized_encode                   0x000044f7   Thumb Code   162  ble_advdata.o(i.uuid_list_sized_encode)
    i.whitelist_has_entries                  0x00004598   Section        0  ble_advertising.o(i.whitelist_has_entries)
    whitelist_has_entries                    0x00004599   Thumb Code    16  ble_advertising.o(i.whitelist_has_entries)
    .constdata                               0x000045a8   Section       48  bsp.o(.constdata)
    m_buttons_list                           0x000045a8   Data          16  bsp.o(.constdata)
    app_buttons                              0x000045b8   Data          32  bsp.o(.constdata)
    .constdata                               0x000045d8   Section       48  device_manager_peripheral.o(.constdata)
    .constdata                               0x00004608   Section       40  pstorage.o(.constdata)
    swap_sub_state_sm_lut                    0x00004608   Data          20  pstorage.o(.constdata)
    swap_sub_state_sm_lut                    0x0000461c   Data          20  pstorage.o(.constdata)
    .constdata                               0x00004630   Section        4  app_button.o(.constdata)
    .data                                    0x20000000   Section        6  main.o(.data)
    m_new_alert_state                        0x20000000   Data           1  main.o(.data)
    m_unread_alert_state                     0x20000001   Data           1  main.o(.data)
    m_app_handle                             0x20000002   Data           1  main.o(.data)
    m_conn_handle                            0x20000004   Data           2  main.o(.data)
    .data                                    0x20000008   Section       32  bsp.o(.data)
    m_stable_state                           0x20000008   Data           1  bsp.o(.data)
    current_long_push_pin_no                 0x20000009   Data           1  bsp.o(.data)
    m_app_ticks_per_100ms                    0x2000000c   Data           4  bsp.o(.data)
    m_indication_type                        0x20000010   Data           4  bsp.o(.data)
    m_registered_callback                    0x20000014   Data           4  bsp.o(.data)
    release_event_at_push                    0x20000018   Data           4  bsp.o(.data)
    m_leds_timer_id                          0x2000001c   Data           4  bsp.o(.data)
    m_alert_timer_id                         0x20000020   Data           4  bsp.o(.data)
    m_button_timer_id                        0x20000024   Data           4  bsp.o(.data)
    .data                                    0x20000028   Section        8  bsp_btn_ble.o(.data)
    m_error_handler                          0x20000028   Data           4  bsp_btn_ble.o(.data)
    m_num_connections                        0x2000002c   Data           4  bsp_btn_ble.o(.data)
    .data                                    0x20000030   Section        4  system_nrf51.o(.data)
    __tagsym$$used                           0x20000030   Number         0  system_nrf51.o(.data)
    .data                                    0x20000034   Section       31  ble_advertising.o(.data)
    m_advertising_start_pending              0x20000034   Data           1  ble_advertising.o(.data)
    m_whitelist_temporarily_disabled         0x20000035   Data           1  ble_advertising.o(.data)
    m_whitelist_reply_expected               0x20000036   Data           1  ble_advertising.o(.data)
    m_peer_addr_reply_expected               0x20000037   Data           1  ble_advertising.o(.data)
    m_adv_evt                                0x20000038   Data           1  ble_advertising.o(.data)
    m_adv_mode_current                       0x20000039   Data           1  ble_advertising.o(.data)
    m_tx_power_level                         0x2000003a   Data           1  ble_advertising.o(.data)
    current_slave_link_conn_handle           0x2000003c   Data           2  ble_advertising.o(.data)
    m_evt_handler                            0x20000040   Data           4  ble_advertising.o(.data)
    m_error_handler                          0x20000044   Data           4  ble_advertising.o(.data)
    m_slave_conn_int                         0x20000048   Data           4  ble_advertising.o(.data)
    m_peer_address                           0x2000004c   Data           7  ble_advertising.o(.data)
    .data                                    0x20000054   Section       28  ble_ans_c.o(.data)
    m_client_state                           0x20000054   Data           1  ble_ans_c.o(.data)
    m_tx_insert_index                        0x20000058   Data           4  ble_ans_c.o(.data)
    m_tx_index                               0x2000005c   Data           4  ble_ans_c.o(.data)
    mp_service_db                            0x20000060   Data           4  ble_ans_c.o(.data)
    m_ans_c_obj                              0x20000064   Data           4  ble_ans_c.o(.data)
    m_flash_handle                           0x20000068   Data           8  ble_ans_c.o(.data)
    .data                                    0x20000070   Section       24  ble_conn_params.o(.data)
    m_change_param                           0x20000070   Data           1  ble_conn_params.o(.data)
    m_update_count                           0x20000071   Data           1  ble_conn_params.o(.data)
    m_conn_handle                            0x20000072   Data           2  ble_conn_params.o(.data)
    m_conn_params_timer_id                   0x20000074   Data           4  ble_conn_params.o(.data)
    m_preferred_conn_params                  0x20000078   Data           8  ble_conn_params.o(.data)
    m_current_conn_params                    0x20000080   Data           8  ble_conn_params.o(.data)
    .data                                    0x20000088   Section       24  device_manager_peripheral.o(.data)
    m_module_initialized                     0x20000088   Data           1  device_manager_peripheral.o(.data)
    m_peer_addr_update                       0x2000008c   Data           4  device_manager_peripheral.o(.data)
    m_irk_index_table                        0x20000090   Data           7  device_manager_peripheral.o(.data)
    m_storage_handle                         0x20000098   Data           8  device_manager_peripheral.o(.data)
    .data                                    0x200000a0   Section        8  app_uart_fifo.o(.data)
    m_instance_counter                       0x200000a0   Data           1  app_uart_fifo.o(.data)
    m_current_state                          0x200000a1   Data           1  app_uart_fifo.o(.data)
    m_event_handler                          0x200000a4   Data           4  app_uart_fifo.o(.data)
    .data                                    0x200000a8   Section       36  pstorage.o(.data)
    m_state                                  0x200000a8   Data           1  pstorage.o(.data)
    m_swap_sub_state                         0x200000a9   Data           1  pstorage.o(.data)
    m_next_app_instance                      0x200000aa   Data           2  pstorage.o(.data)
    m_flags                                  0x200000ac   Data           4  pstorage.o(.data)
    m_next_page_addr                         0x200000b0   Data           4  pstorage.o(.data)
    m_head_word_size                         0x200000b4   Data           4  pstorage.o(.data)
    m_tail_word_size                         0x200000b8   Data           4  pstorage.o(.data)
    m_current_page_id                        0x200000bc   Data           4  pstorage.o(.data)
    m_num_of_command_retries                 0x200000c0   Data           4  pstorage.o(.data)
    m_num_of_bytes_written                   0x200000c4   Data           4  pstorage.o(.data)
    m_app_data_size                          0x200000c8   Data           4  pstorage.o(.data)
    .data                                    0x200000cc   Section       24  app_button.o(.data)
    m_button_count                           0x200000cc   Data           1  app_button.o(.data)
    mp_buttons                               0x200000d0   Data           4  app_button.o(.data)
    m_detection_delay                        0x200000d4   Data           4  app_button.o(.data)
    m_detection_delay_timer_id               0x200000d8   Data           4  app_button.o(.data)
    m_pin_state                              0x200000dc   Data           4  app_button.o(.data)
    m_pin_transition                         0x200000e0   Data           4  app_button.o(.data)
    .data                                    0x200000e4   Section       36  app_timer.o(.data)
    m_node_array_size                        0x200000e4   Data           1  app_timer.o(.data)
    m_user_array_size                        0x200000e5   Data           1  app_timer.o(.data)
    m_ticks_elapsed_q_read_ind               0x200000e6   Data           1  app_timer.o(.data)
    m_ticks_elapsed_q_write_ind              0x200000e7   Data           1  app_timer.o(.data)
    m_rtc1_running                           0x200000e8   Data           1  app_timer.o(.data)
    m_rtc1_reset                             0x200000e9   Data           1  app_timer.o(.data)
    mp_nodes                                 0x200000ec   Data           4  app_timer.o(.data)
    mp_users                                 0x200000f0   Data           4  app_timer.o(.data)
    m_timer_id_head                          0x200000f4   Data           4  app_timer.o(.data)
    m_ticks_latest                           0x200000f8   Data           4  app_timer.o(.data)
    m_evt_schedule_func                      0x200000fc   Data           4  app_timer.o(.data)
    m_ticks_elapsed                          0x20000100   Data           8  app_timer.o(.data)
    .data                                    0x20000108   Section       20  softdevice_handler.o(.data)
    m_softdevice_enabled                     0x20000108   Data           1  softdevice_handler.o(.data)
    m_ble_evt_buffer_size                    0x2000010a   Data           2  softdevice_handler.o(.data)
    m_evt_schedule_func                      0x2000010c   Data           4  softdevice_handler.o(.data)
    mp_ble_evt_buffer                        0x20000110   Data           4  softdevice_handler.o(.data)
    m_ble_evt_handler                        0x20000114   Data           4  softdevice_handler.o(.data)
    m_sys_evt_handler                        0x20000118   Data           4  softdevice_handler.o(.data)
    .bss                                     0x2000011c   Section      766  main.o(.bss)
    BLE_EVT_BUFFER                           0x2000011c   Data          72  main.o(.bss)
    APP_TIMER_BUF                            0x20000164   Data         656  main.o(.bss)
    m_ans_c                                  0x200003f4   Data          20  main.o(.bss)
    m_alert_message_buffer                   0x20000408   Data          18  main.o(.bss)
    .bss                                     0x2000041a   Section       12  bsp.o(.bss)
    m_events_list                            0x2000041a   Data          12  bsp.o(.bss)
    .bss                                     0x20000428   Section      251  ble_advertising.o(.bss)
    m_advdata                                0x20000428   Data          48  ble_advertising.o(.bss)
    m_adv_modes_config                       0x20000458   Data          36  ble_advertising.o(.bss)
    m_whitelist                              0x2000047c   Data          16  ble_advertising.o(.bss)
    mp_whitelist_addr                        0x2000048c   Data          32  ble_advertising.o(.bss)
    mp_whitelist_irk                         0x200004ac   Data          32  ble_advertising.o(.bss)
    m_manuf_specific_data                    0x200004cc   Data          12  ble_advertising.o(.bss)
    m_manuf_data_array                       0x200004d8   Data          31  ble_advertising.o(.bss)
    m_service_data                           0x200004f8   Data          12  ble_advertising.o(.bss)
    m_service_data_array                     0x20000504   Data          31  ble_advertising.o(.bss)
    .bss                                     0x20000524   Section      722  ble_ans_c.o(.bss)
    m_tx_buffer                              0x20000524   Data         160  ble_ans_c.o(.bss)
    m_service_db                             0x200005c4   Data         492  ble_ans_c.o(.bss)
    m_service                                0x200007b0   Data          70  ble_ans_c.o(.bss)
    .bss                                     0x200007f8   Section       28  ble_conn_params.o(.bss)
    m_conn_params_config                     0x200007f8   Data          28  ble_conn_params.o(.bss)
    .bss                                     0x20000814   Section      287  device_manager_peripheral.o(.bss)
    m_peer_table                             0x20000814   Data         196  device_manager_peripheral.o(.bss)
    m_bond_table                             0x200008d8   Data          28  device_manager_peripheral.o(.bss)
    m_gatts_table                            0x200008f4   Data          16  device_manager_peripheral.o(.bss)
    m_connection_table                       0x20000904   Data          12  device_manager_peripheral.o(.bss)
    m_application_table                      0x20000910   Data          12  device_manager_peripheral.o(.bss)
    m_local_id_info                          0x2000091c   Data          23  device_manager_peripheral.o(.bss)
    .bss                                     0x20000934   Section       32  app_uart_fifo.o(.bss)
    m_rx_fifo                                0x20000934   Data          16  app_uart_fifo.o(.bss)
    m_tx_fifo                                0x20000944   Data          16  app_uart_fifo.o(.bss)
    .bss                                     0x20000954   Section       80  nrf_drv_gpiote.o(.bss)
    m_cb                                     0x20000954   Data          80  nrf_drv_gpiote.o(.bss)
    .bss                                     0x200009a4   Section      228  pstorage.o(.bss)
    m_cmd_queue                              0x200009a4   Data         204  pstorage.o(.bss)
    m_app_table                              0x20000a70   Data          24  pstorage.o(.bss)
    STACK                                    0x20000a88   Section     2048  arm_startup_nrf51.o(STACK)

    Global Symbols

    Symbol Name                              Value     Ov Type        Size  Object(Section)

    BuildAttributes$$THM_ISAv3M$S$PE$A:L22$X:L11$S22$IEEE1$IW$USESV6$~STKCKD$USESV7$~SHL$OSPACE$EBA8$MICROLIB$REQ8$PRES8$EABIv2 0x00000000   Number         0  anon$$obj.o ABSOLUTE
    __ARM_use_no_argv                        0x00000000   Number         0  main.o ABSOLUTE
    __Vectors                                0x00000000   Data           4  arm_startup_nrf51.o(RESET)
    __cpp_initialize__aeabi_                  - Undefined Weak Reference
    __cxa_finalize                            - Undefined Weak Reference
    __decompress                              - Undefined Weak Reference
    _clock_init                               - Undefined Weak Reference
    _microlib_exit                            - Undefined Weak Reference
    __Vectors_End                            0x000000c0   Data           0  arm_startup_nrf51.o(RESET)
    __Vectors_Size                           0x000000c0   Number         0  arm_startup_nrf51.o ABSOLUTE
    __main                                   0x000000c1   Thumb Code     0  entry.o(.ARM.Collect$$$$00000000)
    _main_stk                                0x000000c1   Thumb Code     0  entry2.o(.ARM.Collect$$$$00000001)
    _main_scatterload                        0x000000c5   Thumb Code     0  entry5.o(.ARM.Collect$$$$00000004)
    __main_after_scatterload                 0x000000c9   Thumb Code     0  entry5.o(.ARM.Collect$$$$00000004)
    _main_clock                              0x000000c9   Thumb Code     0  entry7b.o(.ARM.Collect$$$$00000008)
    _main_cpp_init                           0x000000c9   Thumb Code     0  entry8b.o(.ARM.Collect$$$$0000000A)
    _main_init                               0x000000c9   Thumb Code     0  entry9a.o(.ARM.Collect$$$$0000000B)
    __rt_final_cpp                           0x000000d1   Thumb Code     0  entry10a.o(.ARM.Collect$$$$0000000D)
    __rt_final_exit                          0x000000d1   Thumb Code     0  entry11a.o(.ARM.Collect$$$$0000000F)
    __asm___11_app_timer_c_cd27f9c3__nrf_delay_us 0x000000d5   Thumb Code    30  app_timer.o(.emb_text)
    Reset_Handler                            0x000000f5   Thumb Code    26  arm_startup_nrf51.o(.text)
    NMI_Handler                              0x0000010f   Thumb Code     2  arm_startup_nrf51.o(.text)
    HardFault_Handler                        0x00000111   Thumb Code     2  arm_startup_nrf51.o(.text)
    SVC_Handler                              0x00000113   Thumb Code     2  arm_startup_nrf51.o(.text)
    PendSV_Handler                           0x00000115   Thumb Code     2  arm_startup_nrf51.o(.text)
    SysTick_Handler                          0x00000117   Thumb Code     2  arm_startup_nrf51.o(.text)
    ADC_IRQHandler                           0x00000119   Thumb Code     0  arm_startup_nrf51.o(.text)
    CCM_AAR_IRQHandler                       0x00000119   Thumb Code     0  arm_startup_nrf51.o(.text)
    ECB_IRQHandler                           0x00000119   Thumb Code     0  arm_startup_nrf51.o(.text)
    LPCOMP_IRQHandler                        0x00000119   Thumb Code     0  arm_startup_nrf51.o(.text)
    POWER_CLOCK_IRQHandler                   0x00000119   Thumb Code     0  arm_startup_nrf51.o(.text)
    QDEC_IRQHandler                          0x00000119   Thumb Code     0  arm_startup_nrf51.o(.text)
    RADIO_IRQHandler                         0x00000119   Thumb Code     0  arm_startup_nrf51.o(.text)
    RNG_IRQHandler                           0x00000119   Thumb Code     0  arm_startup_nrf51.o(.text)
    RTC0_IRQHandler                          0x00000119   Thumb Code     0  arm_startup_nrf51.o(.text)
    SPI0_TWI0_IRQHandler                     0x00000119   Thumb Code     0  arm_startup_nrf51.o(.text)
    SPI1_TWI1_IRQHandler                     0x00000119   Thumb Code     0  arm_startup_nrf51.o(.text)
    SWI1_IRQHandler                          0x00000119   Thumb Code     0  arm_startup_nrf51.o(.text)
    SWI3_IRQHandler                          0x00000119   Thumb Code     0  arm_startup_nrf51.o(.text)
    SWI4_IRQHandler                          0x00000119   Thumb Code     0  arm_startup_nrf51.o(.text)
    SWI5_IRQHandler                          0x00000119   Thumb Code     0  arm_startup_nrf51.o(.text)
    TEMP_IRQHandler                          0x00000119   Thumb Code     0  arm_startup_nrf51.o(.text)
    TIMER0_IRQHandler                        0x00000119   Thumb Code     0  arm_startup_nrf51.o(.text)
    TIMER1_IRQHandler                        0x00000119   Thumb Code     0  arm_startup_nrf51.o(.text)
    TIMER2_IRQHandler                        0x00000119   Thumb Code     0  arm_startup_nrf51.o(.text)
    WDT_IRQHandler                           0x00000119   Thumb Code     0  arm_startup_nrf51.o(.text)
    __aeabi_uidiv                            0x0000012d   Thumb Code     0  uidiv.o(.text)
    __aeabi_uidivmod                         0x0000012d   Thumb Code    44  uidiv.o(.text)
    __aeabi_idiv                             0x00000159   Thumb Code     0  idiv.o(.text)
    __aeabi_idivmod                          0x00000159   Thumb Code    40  idiv.o(.text)
    __aeabi_memcpy                           0x00000181   Thumb Code    36  memcpya.o(.text)
    __aeabi_memcpy4                          0x00000181   Thumb Code     0  memcpya.o(.text)
    __aeabi_memcpy8                          0x00000181   Thumb Code     0  memcpya.o(.text)
    __aeabi_memset                           0x000001a5   Thumb Code    14  memseta.o(.text)
    __aeabi_memset4                          0x000001a5   Thumb Code     0  memseta.o(.text)
    __aeabi_memset8                          0x000001a5   Thumb Code     0  memseta.o(.text)
    __aeabi_memclr                           0x000001b3   Thumb Code     4  memseta.o(.text)
    __aeabi_memclr4                          0x000001b3   Thumb Code     0  memseta.o(.text)
    __aeabi_memclr8                          0x000001b3   Thumb Code     0  memseta.o(.text)
    _memset$wrapper                          0x000001b7   Thumb Code    18  memseta.o(.text)
    memcmp                                   0x000001c9   Thumb Code    26  memcmp.o(.text)
    __scatterload                            0x000001e5   Thumb Code    28  init.o(.text)
    __scatterload_rt2                        0x000001e5   Thumb Code     0  init.o(.text)
    GPIOTE_IRQHandler                        0x00000209   Thumb Code   234  nrf_drv_gpiote.o(i.GPIOTE_IRQHandler)
    RTC1_IRQHandler                          0x00000355   Thumb Code    28  app_timer.o(i.RTC1_IRQHandler)
    SWI0_IRQHandler                          0x00000375   Thumb Code    78  app_timer.o(i.SWI0_IRQHandler)
    SWI2_IRQHandler                          0x000003c9   Thumb Code    32  softdevice_handler.o(i.SWI2_IRQHandler)
    SystemInit                               0x000003ed   Thumb Code    64  system_nrf51.o(i.SystemInit)
    UART0_IRQHandler                         0x00000441   Thumb Code   110  app_uart_fifo.o(i.UART0_IRQHandler)
    __ARM_common_switch8                     0x000004c1   Thumb Code    26  main.o(i.__ARM_common_switch8)
    __scatterload_copy                       0x000004db   Thumb Code    14  handlers.o(i.__scatterload_copy)
    __scatterload_null                       0x000004e9   Thumb Code     2  handlers.o(i.__scatterload_null)
    __scatterload_zeroinit                   0x000004eb   Thumb Code    14  handlers.o(i.__scatterload_zeroinit)
    action_tx_stop                           0x00000545   Thumb Code    26  app_uart_fifo.o(i.action_tx_stop)
    app_button_enable                        0x0000084d   Thumb Code    32  app_button.o(i.app_button_enable)
    app_button_init                          0x00000871   Thumb Code   102  app_button.o(i.app_button_init)
    app_error_handler                        0x000008e9   Thumb Code    16  app_error.o(i.app_error_handler)
    app_fifo_get                             0x0000090d   Thumb Code    34  app_fifo.o(i.app_fifo_get)
    app_fifo_put                             0x0000092f   Thumb Code    34  app_fifo.o(i.app_fifo_put)
    app_timer_create                         0x0000099d   Thumb Code    72  app_timer.o(i.app_timer_create)
    app_timer_init                           0x000009e9   Thumb Code   164  app_timer.o(i.app_timer_init)
    app_timer_start                          0x00000a9d   Thumb Code   122  app_timer.o(i.app_timer_start)
    app_timer_stop                           0x00000b21   Thumb Code    82  app_timer.o(i.app_timer_stop)
    ble_advdata_set                          0x00000b79   Thumb Code    90  ble_advdata.o(i.ble_advdata_set)
    ble_advertising_init                     0x00000bd5   Thumb Code   284  ble_advertising.o(i.ble_advertising_init)
    ble_advertising_on_ble_evt               0x00000cf9   Thumb Code   112  ble_advertising.o(i.ble_advertising_on_ble_evt)
    ble_advertising_on_sys_evt               0x00000d6d   Thumb Code    42  ble_advertising.o(i.ble_advertising_on_sys_evt)
    ble_advertising_restart_without_whitelist 0x00000dad   Thumb Code    56  ble_advertising.o(i.ble_advertising_restart_without_whitelist)
    ble_advertising_start                    0x00000ded   Thumb Code   470  ble_advertising.o(i.ble_advertising_start)
    ble_ans_c_control_point_write            0x00000fcd   Thumb Code    76  ble_ans_c.o(i.ble_ans_c_control_point_write)
    ble_ans_c_disable_notif_new_alert        0x00001025   Thumb Code    16  ble_ans_c.o(i.ble_ans_c_disable_notif_new_alert)
    ble_ans_c_disable_notif_unread_alert     0x00001039   Thumb Code    16  ble_ans_c.o(i.ble_ans_c_disable_notif_unread_alert)
    ble_ans_c_enable_notif_new_alert         0x0000104d   Thumb Code    16  ble_ans_c.o(i.ble_ans_c_enable_notif_new_alert)
    ble_ans_c_enable_notif_unread_alert      0x00001061   Thumb Code    16  ble_ans_c.o(i.ble_ans_c_enable_notif_unread_alert)
    ble_ans_c_init                           0x00001075   Thumb Code    96  ble_ans_c.o(i.ble_ans_c_init)
    ble_ans_c_new_alert_notify               0x000010e5   Thumb Code    18  ble_ans_c.o(i.ble_ans_c_new_alert_notify)
    ble_ans_c_new_alert_read                 0x000010f9   Thumb Code    44  ble_ans_c.o(i.ble_ans_c_new_alert_read)
    ble_ans_c_on_ble_evt                     0x00001131   Thumb Code   208  ble_ans_c.o(i.ble_ans_c_on_ble_evt)
    ble_ans_c_on_device_manager_evt          0x0000120d   Thumb Code    16  ble_ans_c.o(i.ble_ans_c_on_device_manager_evt)
    ble_ans_c_service_delete                 0x0000121d   Thumb Code    24  ble_ans_c.o(i.ble_ans_c_service_delete)
    ble_ans_c_service_load                   0x00001239   Thumb Code    50  ble_ans_c.o(i.ble_ans_c_service_load)
    ble_ans_c_service_store                  0x00001275   Thumb Code    18  ble_ans_c.o(i.ble_ans_c_service_store)
    ble_ans_c_unread_alert_notify            0x00001291   Thumb Code    18  ble_ans_c.o(i.ble_ans_c_unread_alert_notify)
    ble_ans_c_unread_alert_read              0x000012a5   Thumb Code    44  ble_ans_c.o(i.ble_ans_c_unread_alert_read)
    ble_conn_params_init                     0x000012dd   Thumb Code    72  ble_conn_params.o(i.ble_conn_params_init)
    ble_conn_params_on_ble_evt               0x00001331   Thumb Code   134  ble_conn_params.o(i.ble_conn_params_on_ble_evt)
    bond_data_load                           0x00001459   Thumb Code    58  device_manager_peripheral.o(i.bond_data_load)
    bsp_btn_ble_init                         0x000014a1   Thumb Code    80  bsp_btn_ble.o(i.bsp_btn_ble_init)
    bsp_btn_ble_on_ble_evt                   0x000014f5   Thumb Code   114  bsp_btn_ble.o(i.bsp_btn_ble_on_ble_evt)
    bsp_btn_ble_sleep_mode_prepare           0x0000156d   Thumb Code    20  bsp_btn_ble.o(i.bsp_btn_ble_sleep_mode_prepare)
    bsp_button_is_pressed                    0x0000161d   Thumb Code    34  bsp.o(i.bsp_button_is_pressed)
    bsp_event_to_button_action_assign        0x00001735   Thumb Code    66  bsp.o(i.bsp_event_to_button_action_assign)
    bsp_indication_set                       0x0000177d   Thumb Code    22  bsp.o(i.bsp_indication_set)
    bsp_init                                 0x00001799   Thumb Code   134  bsp.o(i.bsp_init)
    bsp_wakeup_buttons_set                   0x00001a29   Thumb Code    50  bsp.o(i.bsp_wakeup_buttons_set)
    dm_ble_evt_handler                       0x0000235d   Thumb Code   940  device_manager_peripheral.o(i.dm_ble_evt_handler)
    dm_handle_initialize                     0x00002719   Thumb Code    22  device_manager_peripheral.o(i.dm_handle_initialize)
    dm_init                                  0x00002735   Thumb Code   178  device_manager_peripheral.o(i.dm_init)
    dm_register                              0x00002959   Thumb Code   104  device_manager_peripheral.o(i.dm_register)
    intern_softdevice_events_execute         0x0000308d   Thumb Code   124  softdevice_handler.o(i.intern_softdevice_events_execute)
    main                                     0x0000335d   Thumb Code   200  main.o(i.main)
    nrf_drv_common_irq_enable                0x00003529   Thumb Code    78  nrf_drv_common.o(i.nrf_drv_common_irq_enable)
    nrf_drv_gpiote_in_event_enable           0x00003589   Thumb Code   138  nrf_drv_gpiote.o(i.nrf_drv_gpiote_in_event_enable)
    nrf_drv_gpiote_in_init                   0x00003629   Thumb Code   130  nrf_drv_gpiote.o(i.nrf_drv_gpiote_in_init)
    nrf_drv_gpiote_in_is_set                 0x000036bd   Thumb Code    16  nrf_drv_gpiote.o(i.nrf_drv_gpiote_in_is_set)
    nrf_drv_gpiote_init                      0x000036d1   Thumb Code    76  nrf_drv_gpiote.o(i.nrf_drv_gpiote_init)
    nrf_drv_gpiote_is_init                   0x00003725   Thumb Code    12  nrf_drv_gpiote.o(i.nrf_drv_gpiote_is_init)
    pstorage_access_status_get               0x0000399d   Thumb Code    30  pstorage.o(i.pstorage_access_status_get)
    pstorage_block_identifier_get            0x000039c5   Thumb Code    78  pstorage.o(i.pstorage_block_identifier_get)
    pstorage_clear                           0x00003a1d   Thumb Code   160  pstorage.o(i.pstorage_clear)
    pstorage_init                            0x00003af5   Thumb Code    82  pstorage.o(i.pstorage_init)
    pstorage_load                            0x00003b51   Thumb Code   162  pstorage.o(i.pstorage_load)
    pstorage_register                        0x00003bfd   Thumb Code   170  pstorage.o(i.pstorage_register)
    pstorage_store                           0x00003cb1   Thumb Code   138  pstorage.o(i.pstorage_store)
    pstorage_sys_event_handler               0x00003d45   Thumb Code    72  pstorage.o(i.pstorage_sys_event_handler)
    pstorage_update                          0x00003d91   Thumb Code   138  pstorage.o(i.pstorage_update)
    softdevice_assertion_handler             0x00003f91   Thumb Code    12  softdevice_handler.o(i.softdevice_assertion_handler)
    softdevice_ble_evt_handler_set           0x00003f9d   Thumb Code    16  softdevice_handler.o(i.softdevice_ble_evt_handler_set)
    softdevice_handler_init                  0x00003fb1   Thumb Code    40  softdevice_handler.o(i.softdevice_handler_init)
    softdevice_sys_evt_handler_set           0x00003fe1   Thumb Code    16  softdevice_handler.o(i.softdevice_sys_evt_handler_set)
    m_service_context_store                  0x000045d8   Data          16  device_manager_peripheral.o(.constdata)
    m_service_context_load                   0x000045e8   Data          16  device_manager_peripheral.o(.constdata)
    m_service_context_apply                  0x000045f8   Data          16  device_manager_peripheral.o(.constdata)
    Region$$Table$$Base                      0x00004634   Number         0  anon$$obj.o(Region$$Table)
    Region$$Table$$Limit                     0x00004654   Number         0  anon$$obj.o(Region$$Table)
    SystemCoreClock                          0x20000030   Data           4  system_nrf51.o(.data)
    __initial_sp                             0x20001288   Data           0  arm_startup_nrf51.o(STACK)



==============================================================================

Memory Map of the image

  Image Entry point : 0x000000c1

  Load Region LR_IROM1 (Base: 0x00000000, Size: 0x00004770, Max: 0x00040000, ABSOLUTE)

    Execution Region ER_IROM1 (Base: 0x00000000, Size: 0x00004654, Max: 0x00040000, ABSOLUTE)

    Base Addr    Size         Type   Attr      Idx    E Section Name        Object

    0x00000000   0x000000c0   Data   RO          443    RESET               arm_startup_nrf51.o
    0x000000c0   0x00000000   Code   RO         2115  * .ARM.Collect$$$$00000000  mc_p.l(entry.o)
    0x000000c0   0x00000004   Code   RO         2132    .ARM.Collect$$$$00000001  mc_p.l(entry2.o)
    0x000000c4   0x00000004   Code   RO         2135    .ARM.Collect$$$$00000004  mc_p.l(entry5.o)
    0x000000c8   0x00000000   Code   RO         2137    .ARM.Collect$$$$00000008  mc_p.l(entry7b.o)
    0x000000c8   0x00000000   Code   RO         2139    .ARM.Collect$$$$0000000A  mc_p.l(entry8b.o)
    0x000000c8   0x00000008   Code   RO         2140    .ARM.Collect$$$$0000000B  mc_p.l(entry9a.o)
    0x000000d0   0x00000000   Code   RO         2142    .ARM.Collect$$$$0000000D  mc_p.l(entry10a.o)
    0x000000d0   0x00000000   Code   RO         2144    .ARM.Collect$$$$0000000F  mc_p.l(entry11a.o)
    0x000000d0   0x00000004   Code   RO         2133    .ARM.Collect$$$$00002712  mc_p.l(entry2.o)
    0x000000d4   0x0000001e   Code   RO         1859    .emb_text           app_timer.o
    0x000000f2   0x00000002   PAD
    0x000000f4   0x00000038   Code   RO          444    .text               arm_startup_nrf51.o
    0x0000012c   0x0000002c   Code   RO         2118    .text               mc_p.l(uidiv.o)
    0x00000158   0x00000028   Code   RO         2120    .text               mc_p.l(idiv.o)
    0x00000180   0x00000024   Code   RO         2122    .text               mc_p.l(memcpya.o)
    0x000001a4   0x00000024   Code   RO         2124    .text               mc_p.l(memseta.o)
    0x000001c8   0x0000001a   Code   RO         2128    .text               mc_p.l(memcmp.o)
    0x000001e2   0x00000002   PAD
    0x000001e4   0x00000024   Code   RO         2146    .text               mc_p.l(init.o)
    0x00000208   0x00000108   Code   RO         1325    i.GPIOTE_IRQHandler  nrf_drv_gpiote.o
    0x00000310   0x00000044   Code   RO         1860    i.NVIC_SetPriority  app_timer.o
    0x00000354   0x00000020   Code   RO         1861    i.RTC1_IRQHandler   app_timer.o
    0x00000374   0x00000054   Code   RO         1862    i.SWI0_IRQHandler   app_timer.o
    0x000003c8   0x00000024   Code   RO         2059    i.SWI2_IRQHandler   softdevice_handler.o
    0x000003ec   0x00000054   Code   RO          451    i.SystemInit        system_nrf51.o
    0x00000440   0x00000080   Code   RO         1158    i.UART0_IRQHandler  app_uart_fifo.o
    0x000004c0   0x0000001a   Code   RO          118    i.__ARM_common_switch8  main.o
    0x000004da   0x0000000e   Code   RO         2150    i.__scatterload_copy  mc_p.l(handlers.o)
    0x000004e8   0x00000002   Code   RO         2151    i.__scatterload_null  mc_p.l(handlers.o)
    0x000004ea   0x0000000e   Code   RO         2152    i.__scatterload_zeroinit  mc_p.l(handlers.o)
    0x000004f8   0x0000004c   Code   RO         1159    i.action_tx_send    app_uart_fifo.o
    0x00000544   0x00000024   Code   RO         1160    i.action_tx_stop    app_uart_fifo.o
    0x00000568   0x00000020   Code   RO         1161    i.action_uart_deactivate  app_uart_fifo.o
    0x00000588   0x0000014a   Code   RO          485    i.adv_data_encode   ble_advdata.o
    0x000006d2   0x0000003c   Code   RO          404    i.advertising_buttons_configure  bsp_btn_ble.o
    0x0000070e   0x00000002   PAD
    0x00000710   0x00000064   Code   RO            3    i.advertising_init  main.o
    0x00000774   0x0000000c   Code   RO            4    i.alert_notification_error_handler  main.o
    0x00000780   0x00000068   Code   RO            5    i.alert_notification_init  main.o
    0x000007e8   0x00000038   Code   RO            6    i.alert_notification_setup  main.o
    0x00000820   0x00000018   Code   RO          297    i.alert_timer_handler  bsp.o
    0x00000838   0x00000014   Code   RO          619    i.ans_pstorage_callback  ble_ans_c.o
    0x0000084c   0x00000024   Code   RO         1750    i.app_button_enable  app_button.o
    0x00000870   0x00000078   Code   RO         1751    i.app_button_init   app_button.o
    0x000008e8   0x00000018   Code   RO         1806    i.app_error_handler  app_error.o
    0x00000900   0x0000000c   Code   RO          891    i.app_evt_notify    device_manager_peripheral.o
    0x0000090c   0x00000022   Code   RO         1828    i.app_fifo_get      app_fifo.o
    0x0000092e   0x00000022   Code   RO         1830    i.app_fifo_put      app_fifo.o
    0x00000950   0x0000002c   Code   RO         1505    i.app_notify        pstorage.o
    0x0000097c   0x00000020   Code   RO         1506    i.app_notify_error_state_transit  pstorage.o
    0x0000099c   0x0000004c   Code   RO         1865    i.app_timer_create  app_timer.o
    0x000009e8   0x000000b4   Code   RO         1866    i.app_timer_init    app_timer.o
    0x00000a9c   0x00000084   Code   RO         1867    i.app_timer_start   app_timer.o
    0x00000b20   0x00000058   Code   RO         1868    i.app_timer_stop    app_timer.o
    0x00000b78   0x0000005a   Code   RO          486    i.ble_advdata_set   ble_advdata.o
    0x00000bd2   0x00000002   PAD
    0x00000bd4   0x00000124   Code   RO          545    i.ble_advertising_init  ble_advertising.o
    0x00000cf8   0x00000074   Code   RO          546    i.ble_advertising_on_ble_evt  ble_advertising.o
    0x00000d6c   0x00000030   Code   RO          547    i.ble_advertising_on_sys_evt  ble_advertising.o
    0x00000d9c   0x00000010   Code   RO          549    i.ble_advertising_peer_address_clear  ble_advertising.o
    0x00000dac   0x00000040   Code   RO          550    i.ble_advertising_restart_without_whitelist  ble_advertising.o
    0x00000dec   0x000001e0   Code   RO          551    i.ble_advertising_start  ble_advertising.o
    0x00000fcc   0x00000058   Code   RO          620    i.ble_ans_c_control_point_write  ble_ans_c.o
    0x00001024   0x00000014   Code   RO          621    i.ble_ans_c_disable_notif_new_alert  ble_ans_c.o
    0x00001038   0x00000014   Code   RO          622    i.ble_ans_c_disable_notif_unread_alert  ble_ans_c.o
    0x0000104c   0x00000014   Code   RO          623    i.ble_ans_c_enable_notif_new_alert  ble_ans_c.o
    0x00001060   0x00000014   Code   RO          624    i.ble_ans_c_enable_notif_unread_alert  ble_ans_c.o
    0x00001074   0x00000070   Code   RO          625    i.ble_ans_c_init    ble_ans_c.o
    0x000010e4   0x00000012   Code   RO          626    i.ble_ans_c_new_alert_notify  ble_ans_c.o
    0x000010f6   0x00000002   PAD
    0x000010f8   0x00000038   Code   RO          627    i.ble_ans_c_new_alert_read  ble_ans_c.o
    0x00001130   0x000000dc   Code   RO          628    i.ble_ans_c_on_ble_evt  ble_ans_c.o
    0x0000120c   0x00000010   Code   RO          629    i.ble_ans_c_on_device_manager_evt  ble_ans_c.o
    0x0000121c   0x0000001c   Code   RO          630    i.ble_ans_c_service_delete  ble_ans_c.o
    0x00001238   0x0000003c   Code   RO          631    i.ble_ans_c_service_load  ble_ans_c.o
    0x00001274   0x0000001c   Code   RO          632    i.ble_ans_c_service_store  ble_ans_c.o
    0x00001290   0x00000012   Code   RO          633    i.ble_ans_c_unread_alert_notify  ble_ans_c.o
    0x000012a2   0x00000002   PAD
    0x000012a4   0x00000038   Code   RO          634    i.ble_ans_c_unread_alert_read  ble_ans_c.o
    0x000012dc   0x00000054   Code   RO          800    i.ble_conn_params_init  ble_conn_params.o
    0x00001330   0x00000090   Code   RO          801    i.ble_conn_params_on_ble_evt  ble_conn_params.o
    0x000013c0   0x00000030   Code   RO            8    i.ble_evt_dispatch  main.o
    0x000013f0   0x00000068   Code   RO            9    i.ble_stack_init    main.o
    0x00001458   0x00000048   Code   RO          892    i.bond_data_load    device_manager_peripheral.o
    0x000014a0   0x00000054   Code   RO          405    i.bsp_btn_ble_init  bsp_btn_ble.o
    0x000014f4   0x00000078   Code   RO          406    i.bsp_btn_ble_on_ble_evt  bsp_btn_ble.o
    0x0000156c   0x00000014   Code   RO          407    i.bsp_btn_ble_sleep_mode_prepare  bsp_btn_ble.o
    0x00001580   0x0000009c   Code   RO          298    i.bsp_button_event_handler  bsp.o
    0x0000161c   0x0000002c   Code   RO          299    i.bsp_button_is_pressed  bsp.o
    0x00001648   0x000000ec   Code   RO           10    i.bsp_event_handler  main.o
    0x00001734   0x00000048   Code   RO          303    i.bsp_event_to_button_action_assign  bsp.o
    0x0000177c   0x0000001c   Code   RO          304    i.bsp_indication_set  bsp.o
    0x00001798   0x000000a0   Code   RO          306    i.bsp_init          bsp.o
    0x00001838   0x000001f0   Code   RO          307    i.bsp_led_indication  bsp.o
    0x00001a28   0x0000003c   Code   RO          308    i.bsp_wakeup_buttons_set  bsp.o
    0x00001a64   0x0000000c   Code   RO          309    i.button_timer_handler  bsp.o
    0x00001a70   0x0000004c   Code   RO          635    i.cccd_configure    ble_ans_c.o
    0x00001abc   0x0000001c   Code   RO         1326    i.channel_free      nrf_drv_gpiote.o
    0x00001ad8   0x00000048   Code   RO         1327    i.channel_port_alloc  nrf_drv_gpiote.o
    0x00001b20   0x00000010   Code   RO         1328    i.channel_port_get  nrf_drv_gpiote.o
    0x00001b30   0x00000020   Code   RO          636    i.characteristic_disc_req_send  ble_ans_c.o
    0x00001b50   0x0000001a   Code   RO          637    i.characteristics_set  ble_ans_c.o
    0x00001b6a   0x00000002   PAD
    0x00001b6c   0x00000104   Code   RO         1507    i.clear_operation_execute  pstorage.o
    0x00001c70   0x00000024   Code   RO         1508    i.clear_post_processing_run  pstorage.o
    0x00001c94   0x00000038   Code   RO         1509    i.cmd_process       pstorage.o
    0x00001ccc   0x00000020   Code   RO         1510    i.cmd_queue_element_init  pstorage.o
    0x00001cec   0x0000004c   Code   RO         1511    i.cmd_queue_enqueue  pstorage.o
    0x00001d38   0x0000003c   Code   RO         1512    i.command_end_procedure_run  pstorage.o
    0x00001d74   0x000000a4   Code   RO         1870    i.compare_reg_update  app_timer.o
    0x00001e18   0x00000084   Code   RO          487    i.conn_int_encode   ble_advdata.o
    0x00001e9c   0x0000000c   Code   RO           11    i.conn_params_error_handler  main.o
    0x00001ea8   0x00000064   Code   RO          803    i.conn_params_negotiation  ble_conn_params.o
    0x00001f0c   0x00000068   Code   RO          638    i.connection_established  ble_ans_c.o
    0x00001f74   0x00000030   Code   RO          893    i.connection_instance_find  device_manager_peripheral.o
    0x00001fa4   0x00000024   Code   RO          894    i.connection_instance_init  device_manager_peripheral.o
    0x00001fc8   0x00000058   Code   RO           12    i.control_point_setup  main.o
    0x00002020   0x00000054   Code   RO         1513    i.data_page_erase_state_run  pstorage.o
    0x00002074   0x00000028   Code   RO         1514    i.data_to_swap_write_state_run  pstorage.o
    0x0000209c   0x00000050   Code   RO          639    i.descriptor_disc_req_send  ble_ans_c.o
    0x000020ec   0x00000060   Code   RO         1753    i.detection_delay_timeout_handler  app_button.o
    0x0000214c   0x000000b0   Code   RO          895    i.device_context_store  device_manager_peripheral.o
    0x000021fc   0x00000054   Code   RO          896    i.device_instance_allocate  device_manager_peripheral.o
    0x00002250   0x00000048   Code   RO          897    i.device_instance_find  device_manager_peripheral.o
    0x00002298   0x0000002c   Code   RO          898    i.device_instance_free  device_manager_peripheral.o
    0x000022c4   0x00000024   Code   RO           13    i.device_manager_evt_handler  main.o
    0x000022e8   0x00000074   Code   RO           14    i.device_manager_init  main.o
    0x0000235c   0x000003bc   Code   RO          903    i.dm_ble_evt_handler  device_manager_peripheral.o
    0x00002718   0x0000001c   Code   RO          909    i.dm_handle_initialize  device_manager_peripheral.o
    0x00002734   0x000000c4   Code   RO          910    i.dm_init           device_manager_peripheral.o
    0x000027f8   0x00000160   Code   RO          913    i.dm_pstorage_cb_handler  device_manager_peripheral.o
    0x00002958   0x00000074   Code   RO          914    i.dm_register       device_manager_peripheral.o
    0x000029cc   0x00000040   Code   RO         1871    i.elapsed_ticks_acquire  app_timer.o
    0x00002a0c   0x000000e0   Code   RO          640    i.event_characteristic_rsp  ble_ans_c.o
    0x00002aec   0x00000070   Code   RO          641    i.event_descriptor_rsp  ble_ans_c.o
    0x00002b5c   0x00000064   Code   RO          642    i.event_disconnect  ble_ans_c.o
    0x00002bc0   0x0000006c   Code   RO          643    i.event_notify      ble_ans_c.o
    0x00002c2c   0x00000068   Code   RO          644    i.event_read_rsp    ble_ans_c.o
    0x00002c94   0x00000058   Code   RO         1872    i.expired_timers_handler  app_timer.o
    0x00002cec   0x00000020   Code   RO         1515    i.flash_api_err_code_process  pstorage.o
    0x00002d0c   0x00000080   Code   RO         1516    i.flash_operation_success_run  pstorage.o
    0x00002d8c   0x0000000a   Code   RO         1517    i.flash_page_erase  pstorage.o
    0x00002d96   0x0000000a   Code   RO         1518    i.flash_write       pstorage.o
    0x00002da0   0x00000058   Code   RO           15    i.gap_params_init   main.o
    0x00002df8   0x00000004   Code   RO          921    i.gattc_context_apply  device_manager_peripheral.o
    0x00002dfc   0x00000004   Code   RO          922    i.gattc_context_load  device_manager_peripheral.o
    0x00002e00   0x00000004   Code   RO          923    i.gattc_context_store  device_manager_peripheral.o
    0x00002e04   0x000000b4   Code   RO          924    i.gatts_context_apply  device_manager_peripheral.o
    0x00002eb8   0x00000030   Code   RO          925    i.gatts_context_load  device_manager_peripheral.o
    0x00002ee8   0x000000a8   Code   RO          926    i.gatts_context_store  device_manager_peripheral.o
    0x00002f90   0x00000008   Code   RO          927    i.gattsc_context_apply  device_manager_peripheral.o
    0x00002f98   0x00000008   Code   RO          928    i.gattsc_context_load  device_manager_peripheral.o
    0x00002fa0   0x00000008   Code   RO          929    i.gattsc_context_store  device_manager_peripheral.o
    0x00002fa8   0x0000004c   Code   RO         1754    i.gpiote_event_handler  app_button.o
    0x00002ff4   0x00000020   Code   RO          645    i.handle_discovery_failure  ble_ans_c.o
    0x00003014   0x00000078   Code   RO         1519    i.head_restore_state_run  pstorage.o
    0x0000308c   0x00000080   Code   RO         2060    i.intern_softdevice_events_execute  softdevice_handler.o
    0x0000310c   0x0000001c   Code   RO          804    i.is_conn_params_ok  ble_conn_params.o
    0x00003128   0x00000048   Code   RO          452    i.is_manual_peripheral_setup_needed  system_nrf51.o
    0x00003170   0x00000044   Code   RO         1520    i.is_page_erase_required  pstorage.o
    0x000031b4   0x0000000c   Code   RO         1521    i.is_word_aligned   pstorage.o
    0x000031c0   0x00000018   Code   RO          310    i.leds_timer_handler  bsp.o
    0x000031d8   0x00000094   Code   RO         1873    i.list_deletions_handler  app_timer.o
    0x0000326c   0x000000f0   Code   RO         1874    i.list_insertions_handler  app_timer.o
    0x0000335c   0x000000d8   Code   RO           16    i.main              main.o
    0x00003434   0x00000018   Code   RO         1522    i.main_state_err_busy_process  pstorage.o
    0x0000344c   0x00000064   Code   RO          488    i.manuf_specific_data_encode  ble_advdata.o
    0x000034b0   0x0000006a   Code   RO          489    i.name_encode       ble_advdata.o
    0x0000351a   0x00000004   Code   RO          930    i.no_service_context_apply  device_manager_peripheral.o
    0x0000351e   0x00000004   Code   RO          931    i.no_service_context_load  device_manager_peripheral.o
    0x00003522   0x00000004   Code   RO          932    i.no_service_context_store  device_manager_peripheral.o
    0x00003526   0x00000002   PAD
    0x00003528   0x00000060   Code   RO         1302    i.nrf_drv_common_irq_enable  nrf_drv_common.o
    0x00003588   0x000000a0   Code   RO         1331    i.nrf_drv_gpiote_in_event_enable  nrf_drv_gpiote.o
    0x00003628   0x00000094   Code   RO         1332    i.nrf_drv_gpiote_in_init  nrf_drv_gpiote.o
    0x000036bc   0x00000014   Code   RO         1333    i.nrf_drv_gpiote_in_is_set  nrf_drv_gpiote.o
    0x000036d0   0x00000054   Code   RO         1335    i.nrf_drv_gpiote_init  nrf_drv_gpiote.o
    0x00003724   0x00000010   Code   RO         1336    i.nrf_drv_gpiote_is_init  nrf_drv_gpiote.o
    0x00003734   0x00000020   Code   RO         1348    i.nrf_gpio_cfg_sense_set  nrf_drv_gpiote.o
    0x00003754   0x00000014   Code   RO         1349    i.nrf_gpiote_event_is_set  nrf_drv_gpiote.o
    0x00003768   0x00000034   Code   RO           17    i.on_adv_evt        main.o
    0x0000379c   0x00000090   Code   RO           18    i.on_ans_c_evt      main.o
    0x0000382c   0x00000068   Code   RO           19    i.on_ble_evt        main.o
    0x00003894   0x00000088   Code   RO         1169    i.on_uart_event     app_uart_fifo.o
    0x0000391c   0x00000016   Code   RO          553    i.peer_address_exists  ble_advertising.o
    0x00003932   0x00000002   PAD
    0x00003934   0x00000038   Code   RO          933    i.peer_instance_init  device_manager_peripheral.o
    0x0000396c   0x00000018   Code   RO         1350    i.pin_in_use_by_port  nrf_drv_gpiote.o
    0x00003984   0x00000018   Code   RO         1351    i.pin_in_use_by_te  nrf_drv_gpiote.o
    0x0000399c   0x00000028   Code   RO         1523    i.pstorage_access_status_get  pstorage.o
    0x000039c4   0x00000058   Code   RO         1524    i.pstorage_block_identifier_get  pstorage.o
    0x00003a1c   0x000000a8   Code   RO         1525    i.pstorage_clear    pstorage.o
    0x00003ac4   0x00000024   Code   RO         1526    i.pstorage_flash_page_end  pstorage.o
    0x00003ae8   0x0000000a   Code   RO         1527    i.pstorage_flash_page_size  pstorage.o
    0x00003af2   0x00000002   PAD
    0x00003af4   0x0000005c   Code   RO         1528    i.pstorage_init     pstorage.o
    0x00003b50   0x000000ac   Code   RO         1529    i.pstorage_load     pstorage.o
    0x00003bfc   0x000000b4   Code   RO         1530    i.pstorage_register  pstorage.o
    0x00003cb0   0x00000094   Code   RO         1531    i.pstorage_store    pstorage.o
    0x00003d44   0x0000004c   Code   RO         1532    i.pstorage_sys_event_handler  pstorage.o
    0x00003d90   0x00000094   Code   RO         1533    i.pstorage_update   pstorage.o
    0x00003e24   0x00000044   Code   RO         1875    i.rtc1_stop         app_timer.o
    0x00003e68   0x0000007c   Code   RO          490    i.service_data_encode  ble_advdata.o
    0x00003ee4   0x00000030   Code   RO          646    i.service_disc_req_send  ble_ans_c.o
    0x00003f14   0x00000034   Code   RO           20    i.sleep_mode_enter  main.o
    0x00003f48   0x00000048   Code   RO         1534    i.sm_state_change   pstorage.o
    0x00003f90   0x0000000c   Code   RO         2061    i.softdevice_assertion_handler  softdevice_handler.o
    0x00003f9c   0x00000014   Code   RO         2062    i.softdevice_ble_evt_handler_set  softdevice_handler.o
    0x00003fb0   0x00000030   Code   RO         2063    i.softdevice_handler_init  softdevice_handler.o
    0x00003fe0   0x00000014   Code   RO         2065    i.softdevice_sys_evt_handler_set  softdevice_handler.o
    0x00003ff4   0x00000064   Code   RO         1535    i.state_data_erase_swap_entry_run  pstorage.o
    0x00004058   0x00000010   Code   RO         1536    i.state_erase_data_page_entry_run  pstorage.o
    0x00004068   0x00000028   Code   RO         1537    i.state_restore_head_entry_run  pstorage.o
    0x00004090   0x0000004c   Code   RO         1538    i.state_restore_tail_entry_run  pstorage.o
    0x000040dc   0x00000020   Code   RO         1539    i.state_swap_erase_entry_run  pstorage.o
    0x000040fc   0x00000030   Code   RO         1540    i.state_write_data_swap_entry_run  pstorage.o
    0x0000412c   0x00000004   Code   RO          934    i.storage_operation_dummy_handler  device_manager_peripheral.o
    0x00004130   0x0000005c   Code   RO         1541    i.store_cmd_flash_write_execute  pstorage.o
    0x0000418c   0x0000002c   Code   RO           21    i.supported_alert_notification_read  main.o
    0x000041b8   0x0000001c   Code   RO         1542    i.swap_erase_state_run  pstorage.o
    0x000041d4   0x00000018   Code   RO         1543    i.swap_sub_state_err_busy_process  pstorage.o
    0x000041ec   0x00000014   Code   RO         1544    i.swap_sub_state_state_change  pstorage.o
    0x00004200   0x00000010   Code   RO           22    i.sys_evt_dispatch  main.o
    0x00004210   0x0000001c   Code   RO         1545    i.tail_restore_state_run  pstorage.o
    0x0000422c   0x00000010   Code   RO         1876    i.timer_list_handler_sched  app_timer.o
    0x0000423c   0x00000064   Code   RO         1877    i.timer_list_insert  app_timer.o
    0x000042a0   0x00000070   Code   RO         1878    i.timer_list_remove  app_timer.o
    0x00004310   0x00000080   Code   RO         1879    i.timer_timeouts_check  app_timer.o
    0x00004390   0x00000044   Code   RO          647    i.tx_buffer_process  ble_ans_c.o
    0x000043d4   0x0000000a   Code   RO          491    i.uint16_encode     ble_advdata.o
    0x000043de   0x00000002   PAD
    0x000043e0   0x00000014   Code   RO          935    i.update_status_bit_reset  device_manager_peripheral.o
    0x000043f4   0x00000064   Code   RO          805    i.update_timeout_handler  ble_conn_params.o
    0x00004458   0x00000054   Code   RO         1880    i.user_id_get       app_timer.o
    0x000044ac   0x00000024   Code   RO         1881    i.user_op_alloc     app_timer.o
    0x000044d0   0x00000026   Code   RO          492    i.uuid_list_encode  ble_advdata.o
    0x000044f6   0x000000a2   Code   RO          493    i.uuid_list_sized_encode  ble_advdata.o
    0x00004598   0x00000010   Code   RO          554    i.whitelist_has_entries  ble_advertising.o
    0x000045a8   0x00000030   Data   RO          312    .constdata          bsp.o
    0x000045d8   0x00000030   Data   RO          937    .constdata          device_manager_peripheral.o
    0x00004608   0x00000028   Data   RO         1547    .constdata          pstorage.o
    0x00004630   0x00000004   Data   RO         1755    .constdata          app_button.o
    0x00004634   0x00000020   Data   RO         2148    Region$$Table       anon$$obj.o


    Execution Region RW_IRAM1 (Base: 0x20000000, Size: 0x00001288, Max: 0x00008000, ABSOLUTE)

    Base Addr    Size         Type   Attr      Idx    E Section Name        Object

    0x20000000   0x00000006   Data   RW           24    .data               main.o
    0x20000006   0x00000002   PAD
    0x20000008   0x00000020   Data   RW          313    .data               bsp.o
    0x20000028   0x00000008   Data   RW          408    .data               bsp_btn_ble.o
    0x20000030   0x00000004   Data   RW          453    .data               system_nrf51.o
    0x20000034   0x0000001f   Data   RW          556    .data               ble_advertising.o
    0x20000053   0x00000001   PAD
    0x20000054   0x0000001c   Data   RW          649    .data               ble_ans_c.o
    0x20000070   0x00000018   Data   RW          807    .data               ble_conn_params.o
    0x20000088   0x00000018   Data   RW          939    .data               device_manager_peripheral.o
    0x200000a0   0x00000008   Data   RW         1172    .data               app_uart_fifo.o
    0x200000a8   0x00000024   Data   RW         1548    .data               pstorage.o
    0x200000cc   0x00000018   Data   RW         1756    .data               app_button.o
    0x200000e4   0x00000024   Data   RW         1882    .data               app_timer.o
    0x20000108   0x00000014   Data   RW         2066    .data               softdevice_handler.o
    0x2000011c   0x000002fe   Zero   RW           23    .bss                main.o
    0x2000041a   0x0000000c   Zero   RW          311    .bss                bsp.o
    0x20000426   0x00000002   PAD
    0x20000428   0x000000fb   Zero   RW          555    .bss                ble_advertising.o
    0x20000523   0x00000001   PAD
    0x20000524   0x000002d2   Zero   RW          648    .bss                ble_ans_c.o
    0x200007f6   0x00000002   PAD
    0x200007f8   0x0000001c   Zero   RW          806    .bss                ble_conn_params.o
    0x20000814   0x0000011f   Zero   RW          936    .bss                device_manager_peripheral.o
    0x20000933   0x00000001   PAD
    0x20000934   0x00000020   Zero   RW         1170    .bss                app_uart_fifo.o
    0x20000954   0x00000050   Zero   RW         1352    .bss                nrf_drv_gpiote.o
    0x200009a4   0x000000e4   Zero   RW         1546    .bss                pstorage.o
    0x20000a88   0x00000800   Zero   RW          441    STACK               arm_startup_nrf51.o


==============================================================================

Image component sizes


      Code (inc. data)   RO Data    RW Data    ZI Data      Debug   Object Name

       328         34          4         24          0       6078   app_button.o
        24          8          0          0          0       6864   app_error.o
        68          0          0          0          0       1970   app_fifo.o
      1938        160          0         36          0      26427   app_timer.o
       408         86          0          8         32      15840   app_uart_fifo.o
        56         18        192          0       2048        716   arm_startup_nrf51.o
      1092          6          0          0          0      11590   ble_advdata.o
      1054         40          0         31        251       7917   ble_advertising.o
      1914        212          0         28        722      25952   ble_ans_c.o
       456         50          0         24         28      11660   ble_conn_params.o
      1076        120         48         32         12       8465   bsp.o
       284         10          0          8          0       4405   bsp_btn_ble.o
      2716        188         48         24        287      26369   device_manager_peripheral.o
      1654        156          0          6        766      99451   main.o
        96         18          0          0          0       1540   nrf_drv_common.o
       908        124          0          0         80      18968   nrf_drv_gpiote.o
      2858        266         40         36        228      34126   pstorage.o
       264         24          0         20          0       5928   softdevice_handler.o
       156         26          0          4          0       2179   system_nrf51.o

    ----------------------------------------------------------------------
     17370       1546        364        284       4460     316445   Object Totals
         0          0         32          0          0          0   (incl. Generated)
        20          0          0          3          6          0   (incl. Padding)

    ----------------------------------------------------------------------

      Code (inc. data)   RO Data    RW Data    ZI Data      Debug   Library Member Name

         0          0          0          0          0          0   entry.o
         0          0          0          0          0          0   entry10a.o
         0          0          0          0          0          0   entry11a.o
         8          4          0          0          0          0   entry2.o
         4          0          0          0          0          0   entry5.o
         0          0          0          0          0          0   entry7b.o
         0          0          0          0          0          0   entry8b.o
         8          4          0          0          0          0   entry9a.o
        30          0          0          0          0          0   handlers.o
        40          0          0          0          0         72   idiv.o
        36          8          0          0          0         68   init.o
        26          0          0          0          0         72   memcmp.o
        36          0          0          0          0         60   memcpya.o
        36          0          0          0          0        100   memseta.o
        44          0          0          0          0         72   uidiv.o

    ----------------------------------------------------------------------
       270         16          0          0          0        444   Library Totals
         2          0          0          0          0          0   (incl. Padding)

    ----------------------------------------------------------------------

      Code (inc. data)   RO Data    RW Data    ZI Data      Debug   Library Name

       268         16          0          0          0        444   mc_p.l

    ----------------------------------------------------------------------
       270         16          0          0          0        444   Library Totals

    ----------------------------------------------------------------------

==============================================================================


      Code (inc. data)   RO Data    RW Data    ZI Data      Debug   

     17640       1562        364        284       4460     307881   Grand Totals
     17640       1562        364        284       4460     307881   ELF Image Totals
     17640       1562        364        284          0          0   ROM Totals

==============================================================================

    Total RO  Size (Code + RO Data)                18004 (  17.58kB)
    Total RW  Size (RW Data + ZI Data)              4744 (   4.63kB)
    Total ROM Size (Code + RO Data + RW Data)      18288 (  17.86kB)

==============================================================================

