<html>
<body>
<pre>
<h1>µVision Build Log</h1>
<h2>Project:</h2>
E:\vm\share\nrf51822_framework\examples\peripheral\spi_slave\pca10028\arm4\spi_slave_pca10028.uvproj
Project File Date:  09/14/2015

<h2>Output:</h2>
Build Project 'spi_slave_pca10028' - Target 'nrf51422_xxac'
compiling main.c...
compiling spi_slave_example.c...
compiling bsp.c...
assembling arm_startup_nrf51.s...
compiling system_nrf51.c...
compiling nrf_delay.c...
compiling nrf_drv_common.c...
compiling nrf_drv_gpiote.c...
compiling spi_slave.c...
compiling app_button.c...
compiling app_error.c...
compiling app_timer.c...
compiling app_util_platform.c...
compiling nrf_assert.c...
linking...
Program Size: Code=5552 RO-data=276 RW-data=120 ZI-data=2616  
FromELF: creating hex file...
".\_build\nrf51422_xxac.axf" - 0 Error(s), 0 Warning(s).
</pre>
</body>
</html>
