<!doctype html public "-//w3c//dtd html 4.0 transitional//en">
<html><head>
<title>Static Call Graph - [.\_build\nrf51422_xxac.axf]</title></head>
<body><HR>
<H1>Static Call Graph for image .\_build\nrf51422_xxac.axf</H1><HR>
<BR><P>#&#060CALLGRAPH&#062# ARM Linker, 5.03 [Build 76]: Last Updated: Thu Sep 24 19:06:16 2015
<BR><P>
<H3>Maximum Stack Usage =         96 bytes + Unknown(Cycles, Untraceable Function Pointers)</H3><H3>
Call chain for Maximum Stack Depth:</H3>
spi_slave_event_handle &rArr; bsp_indication_set &rArr; bsp_led_indication &rArr; app_timer_start
<P>
<H3>
Mutually Recursive functions
</H3> <LI><a href="#[1]">NMI_Handler</a>&nbsp;&nbsp;&nbsp;&rArr;&nbsp;&nbsp;&nbsp;<a href="#[1]">NMI_Handler</a><BR>
 <LI><a href="#[2]">HardFault_Handler</a>&nbsp;&nbsp;&nbsp;&rArr;&nbsp;&nbsp;&nbsp;<a href="#[2]">HardFault_Handler</a><BR>
 <LI><a href="#[3]">SVC_Handler</a>&nbsp;&nbsp;&nbsp;&rArr;&nbsp;&nbsp;&nbsp;<a href="#[3]">SVC_Handler</a><BR>
 <LI><a href="#[4]">PendSV_Handler</a>&nbsp;&nbsp;&nbsp;&rArr;&nbsp;&nbsp;&nbsp;<a href="#[4]">PendSV_Handler</a><BR>
 <LI><a href="#[5]">SysTick_Handler</a>&nbsp;&nbsp;&nbsp;&rArr;&nbsp;&nbsp;&nbsp;<a href="#[5]">SysTick_Handler</a><BR>
 <LI><a href="#[c]">ADC_IRQHandler</a>&nbsp;&nbsp;&nbsp;&rArr;&nbsp;&nbsp;&nbsp;<a href="#[c]">ADC_IRQHandler</a><BR>
 <LI><a href="#[2b]">__asm___11_app_timer_c_cd27f9c3__nrf_delay_us</a>&nbsp;&nbsp;&nbsp;&rArr;&nbsp;&nbsp;&nbsp;<a href="#[2b]">__asm___11_app_timer_c_cd27f9c3__nrf_delay_us</a><BR>
</UL>
<P>
<H3>
Function Pointers
</H3><UL>
 <LI><a href="#[c]">ADC_IRQHandler</a> from arm_startup_nrf51.o(.text) referenced from arm_startup_nrf51.o(RESET)
 <LI><a href="#[14]">CCM_AAR_IRQHandler</a> from arm_startup_nrf51.o(.text) referenced from arm_startup_nrf51.o(RESET)
 <LI><a href="#[13]">ECB_IRQHandler</a> from arm_startup_nrf51.o(.text) referenced from arm_startup_nrf51.o(RESET)
 <LI><a href="#[b]">GPIOTE_IRQHandler</a> from nrf_drv_gpiote.o(i.GPIOTE_IRQHandler) referenced from arm_startup_nrf51.o(RESET)
 <LI><a href="#[2]">HardFault_Handler</a> from arm_startup_nrf51.o(.text) referenced from arm_startup_nrf51.o(RESET)
 <LI><a href="#[18]">LPCOMP_IRQHandler</a> from arm_startup_nrf51.o(.text) referenced from arm_startup_nrf51.o(RESET)
 <LI><a href="#[1]">NMI_Handler</a> from arm_startup_nrf51.o(.text) referenced from arm_startup_nrf51.o(RESET)
 <LI><a href="#[6]">POWER_CLOCK_IRQHandler</a> from arm_startup_nrf51.o(.text) referenced from arm_startup_nrf51.o(RESET)
 <LI><a href="#[4]">PendSV_Handler</a> from arm_startup_nrf51.o(.text) referenced from arm_startup_nrf51.o(RESET)
 <LI><a href="#[17]">QDEC_IRQHandler</a> from arm_startup_nrf51.o(.text) referenced from arm_startup_nrf51.o(RESET)
 <LI><a href="#[7]">RADIO_IRQHandler</a> from arm_startup_nrf51.o(.text) referenced from arm_startup_nrf51.o(RESET)
 <LI><a href="#[12]">RNG_IRQHandler</a> from arm_startup_nrf51.o(.text) referenced from arm_startup_nrf51.o(RESET)
 <LI><a href="#[10]">RTC0_IRQHandler</a> from arm_startup_nrf51.o(.text) referenced from arm_startup_nrf51.o(RESET)
 <LI><a href="#[16]">RTC1_IRQHandler</a> from app_timer.o(i.RTC1_IRQHandler) referenced from arm_startup_nrf51.o(RESET)
 <LI><a href="#[0]">Reset_Handler</a> from arm_startup_nrf51.o(.text) referenced from arm_startup_nrf51.o(RESET)
 <LI><a href="#[9]">SPI0_TWI0_IRQHandler</a> from arm_startup_nrf51.o(.text) referenced from arm_startup_nrf51.o(RESET)
 <LI><a href="#[a]">SPI1_TWI1_IRQHandler</a> from spi_slave.o(i.SPI1_TWI1_IRQHandler) referenced from arm_startup_nrf51.o(RESET)
 <LI><a href="#[3]">SVC_Handler</a> from arm_startup_nrf51.o(.text) referenced from arm_startup_nrf51.o(RESET)
 <LI><a href="#[19]">SWI0_IRQHandler</a> from app_timer.o(i.SWI0_IRQHandler) referenced from arm_startup_nrf51.o(RESET)
 <LI><a href="#[1a]">SWI1_IRQHandler</a> from arm_startup_nrf51.o(.text) referenced from arm_startup_nrf51.o(RESET)
 <LI><a href="#[1b]">SWI2_IRQHandler</a> from arm_startup_nrf51.o(.text) referenced from arm_startup_nrf51.o(RESET)
 <LI><a href="#[1c]">SWI3_IRQHandler</a> from arm_startup_nrf51.o(.text) referenced from arm_startup_nrf51.o(RESET)
 <LI><a href="#[1d]">SWI4_IRQHandler</a> from arm_startup_nrf51.o(.text) referenced from arm_startup_nrf51.o(RESET)
 <LI><a href="#[1e]">SWI5_IRQHandler</a> from arm_startup_nrf51.o(.text) referenced from arm_startup_nrf51.o(RESET)
 <LI><a href="#[5]">SysTick_Handler</a> from arm_startup_nrf51.o(.text) referenced from arm_startup_nrf51.o(RESET)
 <LI><a href="#[20]">SystemInit</a> from system_nrf51.o(i.SystemInit) referenced from arm_startup_nrf51.o(.text)
 <LI><a href="#[11]">TEMP_IRQHandler</a> from arm_startup_nrf51.o(.text) referenced from arm_startup_nrf51.o(RESET)
 <LI><a href="#[d]">TIMER0_IRQHandler</a> from arm_startup_nrf51.o(.text) referenced from arm_startup_nrf51.o(RESET)
 <LI><a href="#[e]">TIMER1_IRQHandler</a> from arm_startup_nrf51.o(.text) referenced from arm_startup_nrf51.o(RESET)
 <LI><a href="#[f]">TIMER2_IRQHandler</a> from arm_startup_nrf51.o(.text) referenced from arm_startup_nrf51.o(RESET)
 <LI><a href="#[8]">UART0_IRQHandler</a> from arm_startup_nrf51.o(.text) referenced from arm_startup_nrf51.o(RESET)
 <LI><a href="#[15]">WDT_IRQHandler</a> from arm_startup_nrf51.o(.text) referenced from arm_startup_nrf51.o(RESET)
 <LI><a href="#[21]">__main</a> from entry.o(.ARM.Collect$$$$00000000) referenced from arm_startup_nrf51.o(.text)
 <LI><a href="#[26]">alert_timer_handler</a> from bsp.o(i.alert_timer_handler) referenced from bsp.o(i.bsp_init)
 <LI><a href="#[28]">bsp_button_event_handler</a> from bsp.o(i.bsp_button_event_handler) referenced 4 times from bsp.o(.constdata)
 <LI><a href="#[24]">button_timer_handler</a> from bsp.o(i.button_timer_handler) referenced from bsp.o(i.bsp_init)
 <LI><a href="#[23]">detection_delay_timeout_handler</a> from app_button.o(i.detection_delay_timeout_handler) referenced from app_button.o(i.app_button_init)
 <LI><a href="#[22]">gpiote_event_handler</a> from app_button.o(i.gpiote_event_handler) referenced from app_button.o(i.app_button_init)
 <LI><a href="#[25]">leds_timer_handler</a> from bsp.o(i.leds_timer_handler) referenced from bsp.o(i.bsp_init)
 <LI><a href="#[1f]">main</a> from main.o(i.main) referenced from entry9a.o(.ARM.Collect$$$$0000000B)
 <LI><a href="#[27]">spi_slave_event_handle</a> from spi_slave_example.o(i.spi_slave_event_handle) referenced from spi_slave_example.o(i.spi_slave_example_init)
</UL>
<P>
<H3>
Global Symbols
</H3>
<P><STRONG><a name="[21]"></a>__main</STRONG> (Thumb, 0 bytes, Stack size unknown bytes, entry.o(.ARM.Collect$$$$00000000))
<BR>[Address Reference Count : 1]<UL><LI> arm_startup_nrf51.o(.text)
</UL>
<P><STRONG><a name="[5d]"></a>_main_stk</STRONG> (Thumb, 0 bytes, Stack size unknown bytes, entry2.o(.ARM.Collect$$$$00000001))

<P><STRONG><a name="[29]"></a>_main_scatterload</STRONG> (Thumb, 0 bytes, Stack size unknown bytes, entry5.o(.ARM.Collect$$$$00000004))
<BR><BR>[Calls]<UL><LI><a href="#[2a]">&gt;&gt;</a>&nbsp;&nbsp;&nbsp;__scatterload
</UL>

<P><STRONG><a name="[2c]"></a>__main_after_scatterload</STRONG> (Thumb, 0 bytes, Stack size unknown bytes, entry5.o(.ARM.Collect$$$$00000004))
<BR><BR>[Called By]<UL><LI><a href="#[2a]">&gt;&gt;</a>&nbsp;&nbsp;&nbsp;__scatterload
</UL>

<P><STRONG><a name="[5e]"></a>_main_clock</STRONG> (Thumb, 0 bytes, Stack size unknown bytes, entry7b.o(.ARM.Collect$$$$00000008))

<P><STRONG><a name="[5f]"></a>_main_cpp_init</STRONG> (Thumb, 0 bytes, Stack size unknown bytes, entry8b.o(.ARM.Collect$$$$0000000A))

<P><STRONG><a name="[60]"></a>_main_init</STRONG> (Thumb, 0 bytes, Stack size unknown bytes, entry9a.o(.ARM.Collect$$$$0000000B))

<P><STRONG><a name="[61]"></a>__rt_final_cpp</STRONG> (Thumb, 0 bytes, Stack size unknown bytes, entry10a.o(.ARM.Collect$$$$0000000D))

<P><STRONG><a name="[62]"></a>__rt_final_exit</STRONG> (Thumb, 0 bytes, Stack size unknown bytes, entry11a.o(.ARM.Collect$$$$0000000F))

<P><STRONG><a name="[2b]"></a>__asm___11_app_timer_c_cd27f9c3__nrf_delay_us</STRONG> (Thumb, 30 bytes, Stack size 0 bytes, app_timer.o(.emb_text))
<BR><BR>[Calls]<UL><LI><a href="#[2b]">&gt;&gt;</a>&nbsp;&nbsp;&nbsp;__asm___11_app_timer_c_cd27f9c3__nrf_delay_us
</UL>
<BR>[Called By]<UL><LI><a href="#[40]">&gt;&gt;</a>&nbsp;&nbsp;&nbsp;rtc1_stop
<LI><a href="#[36]">&gt;&gt;</a>&nbsp;&nbsp;&nbsp;compare_reg_update
<LI><a href="#[2b]">&gt;&gt;</a>&nbsp;&nbsp;&nbsp;__asm___11_app_timer_c_cd27f9c3__nrf_delay_us
</UL>

<P><STRONG><a name="[0]"></a>Reset_Handler</STRONG> (Thumb, 26 bytes, Stack size 0 bytes, arm_startup_nrf51.o(.text))
<BR>[Address Reference Count : 1]<UL><LI> arm_startup_nrf51.o(RESET)
</UL>
<P><STRONG><a name="[1]"></a>NMI_Handler</STRONG> (Thumb, 2 bytes, Stack size 0 bytes, arm_startup_nrf51.o(.text))
<BR><BR>[Calls]<UL><LI><a href="#[1]">&gt;&gt;</a>&nbsp;&nbsp;&nbsp;NMI_Handler
</UL>
<BR>[Called By]<UL><LI><a href="#[1]">&gt;&gt;</a>&nbsp;&nbsp;&nbsp;NMI_Handler
</UL>
<BR>[Address Reference Count : 1]<UL><LI> arm_startup_nrf51.o(RESET)
</UL>
<P><STRONG><a name="[2]"></a>HardFault_Handler</STRONG> (Thumb, 2 bytes, Stack size 0 bytes, arm_startup_nrf51.o(.text))
<BR><BR>[Calls]<UL><LI><a href="#[2]">&gt;&gt;</a>&nbsp;&nbsp;&nbsp;HardFault_Handler
</UL>
<BR>[Called By]<UL><LI><a href="#[2]">&gt;&gt;</a>&nbsp;&nbsp;&nbsp;HardFault_Handler
</UL>
<BR>[Address Reference Count : 1]<UL><LI> arm_startup_nrf51.o(RESET)
</UL>
<P><STRONG><a name="[3]"></a>SVC_Handler</STRONG> (Thumb, 2 bytes, Stack size 0 bytes, arm_startup_nrf51.o(.text))
<BR><BR>[Calls]<UL><LI><a href="#[3]">&gt;&gt;</a>&nbsp;&nbsp;&nbsp;SVC_Handler
</UL>
<BR>[Called By]<UL><LI><a href="#[3]">&gt;&gt;</a>&nbsp;&nbsp;&nbsp;SVC_Handler
</UL>
<BR>[Address Reference Count : 1]<UL><LI> arm_startup_nrf51.o(RESET)
</UL>
<P><STRONG><a name="[4]"></a>PendSV_Handler</STRONG> (Thumb, 2 bytes, Stack size 0 bytes, arm_startup_nrf51.o(.text))
<BR><BR>[Calls]<UL><LI><a href="#[4]">&gt;&gt;</a>&nbsp;&nbsp;&nbsp;PendSV_Handler
</UL>
<BR>[Called By]<UL><LI><a href="#[4]">&gt;&gt;</a>&nbsp;&nbsp;&nbsp;PendSV_Handler
</UL>
<BR>[Address Reference Count : 1]<UL><LI> arm_startup_nrf51.o(RESET)
</UL>
<P><STRONG><a name="[5]"></a>SysTick_Handler</STRONG> (Thumb, 2 bytes, Stack size 0 bytes, arm_startup_nrf51.o(.text))
<BR><BR>[Calls]<UL><LI><a href="#[5]">&gt;&gt;</a>&nbsp;&nbsp;&nbsp;SysTick_Handler
</UL>
<BR>[Called By]<UL><LI><a href="#[5]">&gt;&gt;</a>&nbsp;&nbsp;&nbsp;SysTick_Handler
</UL>
<BR>[Address Reference Count : 1]<UL><LI> arm_startup_nrf51.o(RESET)
</UL>
<P><STRONG><a name="[c]"></a>ADC_IRQHandler</STRONG> (Thumb, 0 bytes, Stack size 0 bytes, arm_startup_nrf51.o(.text))
<BR><BR>[Calls]<UL><LI><a href="#[c]">&gt;&gt;</a>&nbsp;&nbsp;&nbsp;ADC_IRQHandler
</UL>
<BR>[Called By]<UL><LI><a href="#[c]">&gt;&gt;</a>&nbsp;&nbsp;&nbsp;ADC_IRQHandler
</UL>
<BR>[Address Reference Count : 1]<UL><LI> arm_startup_nrf51.o(RESET)
</UL>
<P><STRONG><a name="[14]"></a>CCM_AAR_IRQHandler</STRONG> (Thumb, 0 bytes, Stack size 0 bytes, arm_startup_nrf51.o(.text))
<BR>[Address Reference Count : 1]<UL><LI> arm_startup_nrf51.o(RESET)
</UL>
<P><STRONG><a name="[13]"></a>ECB_IRQHandler</STRONG> (Thumb, 0 bytes, Stack size 0 bytes, arm_startup_nrf51.o(.text))
<BR>[Address Reference Count : 1]<UL><LI> arm_startup_nrf51.o(RESET)
</UL>
<P><STRONG><a name="[18]"></a>LPCOMP_IRQHandler</STRONG> (Thumb, 0 bytes, Stack size 0 bytes, arm_startup_nrf51.o(.text))
<BR>[Address Reference Count : 1]<UL><LI> arm_startup_nrf51.o(RESET)
</UL>
<P><STRONG><a name="[6]"></a>POWER_CLOCK_IRQHandler</STRONG> (Thumb, 0 bytes, Stack size 0 bytes, arm_startup_nrf51.o(.text))
<BR>[Address Reference Count : 1]<UL><LI> arm_startup_nrf51.o(RESET)
</UL>
<P><STRONG><a name="[17]"></a>QDEC_IRQHandler</STRONG> (Thumb, 0 bytes, Stack size 0 bytes, arm_startup_nrf51.o(.text))
<BR>[Address Reference Count : 1]<UL><LI> arm_startup_nrf51.o(RESET)
</UL>
<P><STRONG><a name="[7]"></a>RADIO_IRQHandler</STRONG> (Thumb, 0 bytes, Stack size 0 bytes, arm_startup_nrf51.o(.text))
<BR>[Address Reference Count : 1]<UL><LI> arm_startup_nrf51.o(RESET)
</UL>
<P><STRONG><a name="[12]"></a>RNG_IRQHandler</STRONG> (Thumb, 0 bytes, Stack size 0 bytes, arm_startup_nrf51.o(.text))
<BR>[Address Reference Count : 1]<UL><LI> arm_startup_nrf51.o(RESET)
</UL>
<P><STRONG><a name="[10]"></a>RTC0_IRQHandler</STRONG> (Thumb, 0 bytes, Stack size 0 bytes, arm_startup_nrf51.o(.text))
<BR>[Address Reference Count : 1]<UL><LI> arm_startup_nrf51.o(RESET)
</UL>
<P><STRONG><a name="[9]"></a>SPI0_TWI0_IRQHandler</STRONG> (Thumb, 0 bytes, Stack size 0 bytes, arm_startup_nrf51.o(.text))
<BR>[Address Reference Count : 1]<UL><LI> arm_startup_nrf51.o(RESET)
</UL>
<P><STRONG><a name="[1a]"></a>SWI1_IRQHandler</STRONG> (Thumb, 0 bytes, Stack size 0 bytes, arm_startup_nrf51.o(.text))
<BR>[Address Reference Count : 1]<UL><LI> arm_startup_nrf51.o(RESET)
</UL>
<P><STRONG><a name="[1b]"></a>SWI2_IRQHandler</STRONG> (Thumb, 0 bytes, Stack size 0 bytes, arm_startup_nrf51.o(.text))
<BR>[Address Reference Count : 1]<UL><LI> arm_startup_nrf51.o(RESET)
</UL>
<P><STRONG><a name="[1c]"></a>SWI3_IRQHandler</STRONG> (Thumb, 0 bytes, Stack size 0 bytes, arm_startup_nrf51.o(.text))
<BR>[Address Reference Count : 1]<UL><LI> arm_startup_nrf51.o(RESET)
</UL>
<P><STRONG><a name="[1d]"></a>SWI4_IRQHandler</STRONG> (Thumb, 0 bytes, Stack size 0 bytes, arm_startup_nrf51.o(.text))
<BR>[Address Reference Count : 1]<UL><LI> arm_startup_nrf51.o(RESET)
</UL>
<P><STRONG><a name="[1e]"></a>SWI5_IRQHandler</STRONG> (Thumb, 0 bytes, Stack size 0 bytes, arm_startup_nrf51.o(.text))
<BR>[Address Reference Count : 1]<UL><LI> arm_startup_nrf51.o(RESET)
</UL>
<P><STRONG><a name="[11]"></a>TEMP_IRQHandler</STRONG> (Thumb, 0 bytes, Stack size 0 bytes, arm_startup_nrf51.o(.text))
<BR>[Address Reference Count : 1]<UL><LI> arm_startup_nrf51.o(RESET)
</UL>
<P><STRONG><a name="[d]"></a>TIMER0_IRQHandler</STRONG> (Thumb, 0 bytes, Stack size 0 bytes, arm_startup_nrf51.o(.text))
<BR>[Address Reference Count : 1]<UL><LI> arm_startup_nrf51.o(RESET)
</UL>
<P><STRONG><a name="[e]"></a>TIMER1_IRQHandler</STRONG> (Thumb, 0 bytes, Stack size 0 bytes, arm_startup_nrf51.o(.text))
<BR>[Address Reference Count : 1]<UL><LI> arm_startup_nrf51.o(RESET)
</UL>
<P><STRONG><a name="[f]"></a>TIMER2_IRQHandler</STRONG> (Thumb, 0 bytes, Stack size 0 bytes, arm_startup_nrf51.o(.text))
<BR>[Address Reference Count : 1]<UL><LI> arm_startup_nrf51.o(RESET)
</UL>
<P><STRONG><a name="[8]"></a>UART0_IRQHandler</STRONG> (Thumb, 0 bytes, Stack size 0 bytes, arm_startup_nrf51.o(.text))
<BR>[Address Reference Count : 1]<UL><LI> arm_startup_nrf51.o(RESET)
</UL>
<P><STRONG><a name="[15]"></a>WDT_IRQHandler</STRONG> (Thumb, 0 bytes, Stack size 0 bytes, arm_startup_nrf51.o(.text))
<BR>[Address Reference Count : 1]<UL><LI> arm_startup_nrf51.o(RESET)
</UL>
<P><STRONG><a name="[63]"></a>__aeabi_uidiv</STRONG> (Thumb, 0 bytes, Stack size 12 bytes, uidiv.o(.text), UNUSED)

<P><STRONG><a name="[4e]"></a>__aeabi_uidivmod</STRONG> (Thumb, 44 bytes, Stack size 12 bytes, uidiv.o(.text))
<BR><BR>[Stack]<UL><LI>Max Depth = 12<LI>Call Chain = __aeabi_uidivmod
</UL>
<BR>[Called By]<UL><LI><a href="#[4b]">&gt;&gt;</a>&nbsp;&nbsp;&nbsp;bsp_led_indication
</UL>

<P><STRONG><a name="[2a]"></a>__scatterload</STRONG> (Thumb, 28 bytes, Stack size 0 bytes, init.o(.text))
<BR><BR>[Calls]<UL><LI><a href="#[2c]">&gt;&gt;</a>&nbsp;&nbsp;&nbsp;__main_after_scatterload
</UL>
<BR>[Called By]<UL><LI><a href="#[29]">&gt;&gt;</a>&nbsp;&nbsp;&nbsp;_main_scatterload
</UL>

<P><STRONG><a name="[64]"></a>__scatterload_rt2</STRONG> (Thumb, 0 bytes, Stack size 0 bytes, init.o(.text), UNUSED)

<P><STRONG><a name="[b]"></a>GPIOTE_IRQHandler</STRONG> (Thumb, 236 bytes, Stack size 24 bytes, nrf_drv_gpiote.o(i.GPIOTE_IRQHandler))
<BR><BR>[Stack]<UL><LI>Max Depth = 24<LI>Call Chain = GPIOTE_IRQHandler
</UL>
<BR>[Calls]<UL><LI><a href="#[2d]">&gt;&gt;</a>&nbsp;&nbsp;&nbsp;nrf_gpiote_event_is_set
<LI><a href="#[2f]">&gt;&gt;</a>&nbsp;&nbsp;&nbsp;nrf_gpio_cfg_sense_set
<LI><a href="#[2e]">&gt;&gt;</a>&nbsp;&nbsp;&nbsp;channel_port_get
</UL>
<BR>[Address Reference Count : 1]<UL><LI> arm_startup_nrf51.o(RESET)
</UL>
<P><STRONG><a name="[16]"></a>RTC1_IRQHandler</STRONG> (Thumb, 28 bytes, Stack size 8 bytes, app_timer.o(i.RTC1_IRQHandler))
<BR><BR>[Stack]<UL><LI>Max Depth = 32<LI>Call Chain = RTC1_IRQHandler &rArr; timer_timeouts_check
</UL>
<BR>[Calls]<UL><LI><a href="#[30]">&gt;&gt;</a>&nbsp;&nbsp;&nbsp;timer_timeouts_check
</UL>
<BR>[Address Reference Count : 1]<UL><LI> arm_startup_nrf51.o(RESET)
</UL>
<P><STRONG><a name="[a]"></a>SPI1_TWI1_IRQHandler</STRONG> (Thumb, 78 bytes, Stack size 16 bytes, spi_slave.o(i.SPI1_TWI1_IRQHandler))
<BR><BR>[Stack]<UL><LI>Max Depth = 48<LI>Call Chain = SPI1_TWI1_IRQHandler &rArr; sm_state_change &rArr; state_entry_action_execute
</UL>
<BR>[Calls]<UL><LI><a href="#[31]">&gt;&gt;</a>&nbsp;&nbsp;&nbsp;sm_state_change
</UL>
<BR>[Address Reference Count : 1]<UL><LI> arm_startup_nrf51.o(RESET)
</UL>
<P><STRONG><a name="[19]"></a>SWI0_IRQHandler</STRONG> (Thumb, 78 bytes, Stack size 32 bytes, app_timer.o(i.SWI0_IRQHandler))
<BR><BR>[Stack]<UL><LI>Max Depth = 76<LI>Call Chain = SWI0_IRQHandler &rArr; list_insertions_handler &rArr; timer_list_insert
</UL>
<BR>[Calls]<UL><LI><a href="#[35]">&gt;&gt;</a>&nbsp;&nbsp;&nbsp;list_insertions_handler
<LI><a href="#[33]">&gt;&gt;</a>&nbsp;&nbsp;&nbsp;list_deletions_handler
<LI><a href="#[34]">&gt;&gt;</a>&nbsp;&nbsp;&nbsp;expired_timers_handler
<LI><a href="#[32]">&gt;&gt;</a>&nbsp;&nbsp;&nbsp;elapsed_ticks_acquire
<LI><a href="#[36]">&gt;&gt;</a>&nbsp;&nbsp;&nbsp;compare_reg_update
</UL>
<BR>[Address Reference Count : 1]<UL><LI> arm_startup_nrf51.o(RESET)
</UL>
<P><STRONG><a name="[20]"></a>SystemInit</STRONG> (Thumb, 64 bytes, Stack size 8 bytes, system_nrf51.o(i.SystemInit))
<BR><BR>[Stack]<UL><LI>Max Depth = 8<LI>Call Chain = SystemInit
</UL>
<BR>[Calls]<UL><LI><a href="#[37]">&gt;&gt;</a>&nbsp;&nbsp;&nbsp;is_manual_peripheral_setup_needed
</UL>
<BR>[Address Reference Count : 1]<UL><LI> arm_startup_nrf51.o(.text)
</UL>
<P><STRONG><a name="[4d]"></a>__ARM_common_switch8</STRONG> (Thumb, 26 bytes, Stack size 8 bytes, bsp.o(i.__ARM_common_switch8))
<BR><BR>[Stack]<UL><LI>Max Depth = 8<LI>Call Chain = __ARM_common_switch8
</UL>
<BR>[Called By]<UL><LI><a href="#[4b]">&gt;&gt;</a>&nbsp;&nbsp;&nbsp;bsp_led_indication
</UL>

<P><STRONG><a name="[65]"></a>__scatterload_copy</STRONG> (Thumb, 14 bytes, Stack size unknown bytes, handlers.o(i.__scatterload_copy), UNUSED)

<P><STRONG><a name="[66]"></a>__scatterload_null</STRONG> (Thumb, 2 bytes, Stack size unknown bytes, handlers.o(i.__scatterload_null), UNUSED)

<P><STRONG><a name="[67]"></a>__scatterload_zeroinit</STRONG> (Thumb, 14 bytes, Stack size unknown bytes, handlers.o(i.__scatterload_zeroinit), UNUSED)

<P><STRONG><a name="[38]"></a>app_button_enable</STRONG> (Thumb, 32 bytes, Stack size 16 bytes, app_button.o(i.app_button_enable))
<BR><BR>[Stack]<UL><LI>Max Depth = 48<LI>Call Chain = app_button_enable &rArr; nrf_drv_gpiote_in_event_enable
</UL>
<BR>[Calls]<UL><LI><a href="#[39]">&gt;&gt;</a>&nbsp;&nbsp;&nbsp;nrf_drv_gpiote_in_event_enable
</UL>
<BR>[Called By]<UL><LI><a href="#[49]">&gt;&gt;</a>&nbsp;&nbsp;&nbsp;bsp_init
</UL>

<P><STRONG><a name="[3a]"></a>app_button_init</STRONG> (Thumb, 102 bytes, Stack size 24 bytes, app_button.o(i.app_button_init))
<BR><BR>[Stack]<UL><LI>Max Depth = 68<LI>Call Chain = app_button_init &rArr; nrf_drv_gpiote_in_init &rArr; channel_port_alloc
</UL>
<BR>[Calls]<UL><LI><a href="#[3b]">&gt;&gt;</a>&nbsp;&nbsp;&nbsp;nrf_drv_gpiote_is_init
<LI><a href="#[3c]">&gt;&gt;</a>&nbsp;&nbsp;&nbsp;nrf_drv_gpiote_init
<LI><a href="#[3d]">&gt;&gt;</a>&nbsp;&nbsp;&nbsp;nrf_drv_gpiote_in_init
<LI><a href="#[3e]">&gt;&gt;</a>&nbsp;&nbsp;&nbsp;app_timer_create
</UL>
<BR>[Called By]<UL><LI><a href="#[49]">&gt;&gt;</a>&nbsp;&nbsp;&nbsp;bsp_init
</UL>

<P><STRONG><a name="[48]"></a>app_error_handler</STRONG> (Thumb, 16 bytes, Stack size 0 bytes, app_error.o(i.app_error_handler))
<BR><BR>[Called By]<UL><LI><a href="#[30]">&gt;&gt;</a>&nbsp;&nbsp;&nbsp;timer_timeouts_check
<LI><a href="#[59]">&gt;&gt;</a>&nbsp;&nbsp;&nbsp;state_entry_action_execute
<LI><a href="#[27]">&gt;&gt;</a>&nbsp;&nbsp;&nbsp;spi_slave_event_handle
<LI><a href="#[52]">&gt;&gt;</a>&nbsp;&nbsp;&nbsp;spi_slave_example_init
<LI><a href="#[1f]">&gt;&gt;</a>&nbsp;&nbsp;&nbsp;main
<LI><a href="#[47]">&gt;&gt;</a>&nbsp;&nbsp;&nbsp;bsp_configuration
</UL>

<P><STRONG><a name="[3e]"></a>app_timer_create</STRONG> (Thumb, 72 bytes, Stack size 16 bytes, app_timer.o(i.app_timer_create))
<BR><BR>[Stack]<UL><LI>Max Depth = 16<LI>Call Chain = app_timer_create
</UL>
<BR>[Called By]<UL><LI><a href="#[3a]">&gt;&gt;</a>&nbsp;&nbsp;&nbsp;app_button_init
<LI><a href="#[49]">&gt;&gt;</a>&nbsp;&nbsp;&nbsp;bsp_init
</UL>

<P><STRONG><a name="[3f]"></a>app_timer_init</STRONG> (Thumb, 164 bytes, Stack size 40 bytes, app_timer.o(i.app_timer_init))
<BR><BR>[Stack]<UL><LI>Max Depth = 56<LI>Call Chain = app_timer_init &rArr; rtc1_stop
</UL>
<BR>[Calls]<UL><LI><a href="#[40]">&gt;&gt;</a>&nbsp;&nbsp;&nbsp;rtc1_stop
<LI><a href="#[41]">&gt;&gt;</a>&nbsp;&nbsp;&nbsp;NVIC_SetPriority
</UL>
<BR>[Called By]<UL><LI><a href="#[47]">&gt;&gt;</a>&nbsp;&nbsp;&nbsp;bsp_configuration
</UL>

<P><STRONG><a name="[42]"></a>app_timer_start</STRONG> (Thumb, 122 bytes, Stack size 32 bytes, app_timer.o(i.app_timer_start))
<BR><BR>[Stack]<UL><LI>Max Depth = 32<LI>Call Chain = app_timer_start
</UL>
<BR>[Calls]<UL><LI><a href="#[44]">&gt;&gt;</a>&nbsp;&nbsp;&nbsp;user_op_alloc
<LI><a href="#[43]">&gt;&gt;</a>&nbsp;&nbsp;&nbsp;user_id_get
<LI><a href="#[45]">&gt;&gt;</a>&nbsp;&nbsp;&nbsp;timer_list_handler_sched
</UL>
<BR>[Called By]<UL><LI><a href="#[22]">&gt;&gt;</a>&nbsp;&nbsp;&nbsp;gpiote_event_handler
<LI><a href="#[4b]">&gt;&gt;</a>&nbsp;&nbsp;&nbsp;bsp_led_indication
<LI><a href="#[28]">&gt;&gt;</a>&nbsp;&nbsp;&nbsp;bsp_button_event_handler
</UL>

<P><STRONG><a name="[46]"></a>app_timer_stop</STRONG> (Thumb, 82 bytes, Stack size 24 bytes, app_timer.o(i.app_timer_stop))
<BR><BR>[Stack]<UL><LI>Max Depth = 24<LI>Call Chain = app_timer_stop
</UL>
<BR>[Calls]<UL><LI><a href="#[44]">&gt;&gt;</a>&nbsp;&nbsp;&nbsp;user_op_alloc
<LI><a href="#[43]">&gt;&gt;</a>&nbsp;&nbsp;&nbsp;user_id_get
<LI><a href="#[45]">&gt;&gt;</a>&nbsp;&nbsp;&nbsp;timer_list_handler_sched
</UL>
<BR>[Called By]<UL><LI><a href="#[22]">&gt;&gt;</a>&nbsp;&nbsp;&nbsp;gpiote_event_handler
<LI><a href="#[4b]">&gt;&gt;</a>&nbsp;&nbsp;&nbsp;bsp_led_indication
<LI><a href="#[28]">&gt;&gt;</a>&nbsp;&nbsp;&nbsp;bsp_button_event_handler
</UL>

<P><STRONG><a name="[47]"></a>bsp_configuration</STRONG> (Thumb, 74 bytes, Stack size 8 bytes, main.o(i.bsp_configuration))
<BR><BR>[Stack]<UL><LI>Max Depth = 92<LI>Call Chain = bsp_configuration &rArr; bsp_init &rArr; app_button_init &rArr; nrf_drv_gpiote_in_init &rArr; channel_port_alloc
</UL>
<BR>[Calls]<UL><LI><a href="#[49]">&gt;&gt;</a>&nbsp;&nbsp;&nbsp;bsp_init
<LI><a href="#[3f]">&gt;&gt;</a>&nbsp;&nbsp;&nbsp;app_timer_init
<LI><a href="#[48]">&gt;&gt;</a>&nbsp;&nbsp;&nbsp;app_error_handler
</UL>
<BR>[Called By]<UL><LI><a href="#[1f]">&gt;&gt;</a>&nbsp;&nbsp;&nbsp;main
</UL>

<P><STRONG><a name="[4c]"></a>bsp_event_to_button_action_assign</STRONG> (Thumb, 66 bytes, Stack size 16 bytes, bsp.o(i.bsp_event_to_button_action_assign))
<BR><BR>[Stack]<UL><LI>Max Depth = 16<LI>Call Chain = bsp_event_to_button_action_assign
</UL>
<BR>[Called By]<UL><LI><a href="#[49]">&gt;&gt;</a>&nbsp;&nbsp;&nbsp;bsp_init
</UL>

<P><STRONG><a name="[4a]"></a>bsp_indication_set</STRONG> (Thumb, 22 bytes, Stack size 8 bytes, bsp.o(i.bsp_indication_set))
<BR><BR>[Stack]<UL><LI>Max Depth = 72<LI>Call Chain = bsp_indication_set &rArr; bsp_led_indication &rArr; app_timer_start
</UL>
<BR>[Calls]<UL><LI><a href="#[4b]">&gt;&gt;</a>&nbsp;&nbsp;&nbsp;bsp_led_indication
</UL>
<BR>[Called By]<UL><LI><a href="#[27]">&gt;&gt;</a>&nbsp;&nbsp;&nbsp;spi_slave_event_handle
</UL>

<P><STRONG><a name="[49]"></a>bsp_init</STRONG> (Thumb, 134 bytes, Stack size 16 bytes, bsp.o(i.bsp_init))
<BR><BR>[Stack]<UL><LI>Max Depth = 84<LI>Call Chain = bsp_init &rArr; app_button_init &rArr; nrf_drv_gpiote_in_init &rArr; channel_port_alloc
</UL>
<BR>[Calls]<UL><LI><a href="#[3e]">&gt;&gt;</a>&nbsp;&nbsp;&nbsp;app_timer_create
<LI><a href="#[3a]">&gt;&gt;</a>&nbsp;&nbsp;&nbsp;app_button_init
<LI><a href="#[38]">&gt;&gt;</a>&nbsp;&nbsp;&nbsp;app_button_enable
<LI><a href="#[4c]">&gt;&gt;</a>&nbsp;&nbsp;&nbsp;bsp_event_to_button_action_assign
</UL>
<BR>[Called By]<UL><LI><a href="#[47]">&gt;&gt;</a>&nbsp;&nbsp;&nbsp;bsp_configuration
</UL>

<P><STRONG><a name="[1f]"></a>main</STRONG> (Thumb, 22 bytes, Stack size 0 bytes, main.o(i.main))
<BR><BR>[Stack]<UL><LI>Max Depth = 92<LI>Call Chain = main &rArr; bsp_configuration &rArr; bsp_init &rArr; app_button_init &rArr; nrf_drv_gpiote_in_init &rArr; channel_port_alloc
</UL>
<BR>[Calls]<UL><LI><a href="#[52]">&gt;&gt;</a>&nbsp;&nbsp;&nbsp;spi_slave_example_init
<LI><a href="#[48]">&gt;&gt;</a>&nbsp;&nbsp;&nbsp;app_error_handler
<LI><a href="#[47]">&gt;&gt;</a>&nbsp;&nbsp;&nbsp;bsp_configuration
</UL>
<BR>[Address Reference Count : 1]<UL><LI> entry9a.o(.ARM.Collect$$$$0000000B)
</UL>
<P><STRONG><a name="[58]"></a>nrf_drv_common_irq_enable</STRONG> (Thumb, 78 bytes, Stack size 8 bytes, nrf_drv_common.o(i.nrf_drv_common_irq_enable))
<BR><BR>[Stack]<UL><LI>Max Depth = 8<LI>Call Chain = nrf_drv_common_irq_enable
</UL>
<BR>[Called By]<UL><LI><a href="#[3c]">&gt;&gt;</a>&nbsp;&nbsp;&nbsp;nrf_drv_gpiote_init
</UL>

<P><STRONG><a name="[39]"></a>nrf_drv_gpiote_in_event_enable</STRONG> (Thumb, 138 bytes, Stack size 32 bytes, nrf_drv_gpiote.o(i.nrf_drv_gpiote_in_event_enable))
<BR><BR>[Stack]<UL><LI>Max Depth = 32<LI>Call Chain = nrf_drv_gpiote_in_event_enable
</UL>
<BR>[Calls]<UL><LI><a href="#[54]">&gt;&gt;</a>&nbsp;&nbsp;&nbsp;pin_in_use_by_te
<LI><a href="#[53]">&gt;&gt;</a>&nbsp;&nbsp;&nbsp;pin_in_use_by_port
<LI><a href="#[2f]">&gt;&gt;</a>&nbsp;&nbsp;&nbsp;nrf_gpio_cfg_sense_set
<LI><a href="#[2e]">&gt;&gt;</a>&nbsp;&nbsp;&nbsp;channel_port_get
</UL>
<BR>[Called By]<UL><LI><a href="#[38]">&gt;&gt;</a>&nbsp;&nbsp;&nbsp;app_button_enable
</UL>

<P><STRONG><a name="[3d]"></a>nrf_drv_gpiote_in_init</STRONG> (Thumb, 126 bytes, Stack size 24 bytes, nrf_drv_gpiote.o(i.nrf_drv_gpiote_in_init))
<BR><BR>[Stack]<UL><LI>Max Depth = 44<LI>Call Chain = nrf_drv_gpiote_in_init &rArr; channel_port_alloc
</UL>
<BR>[Calls]<UL><LI><a href="#[55]">&gt;&gt;</a>&nbsp;&nbsp;&nbsp;pin_in_use_by_gpiote
<LI><a href="#[56]">&gt;&gt;</a>&nbsp;&nbsp;&nbsp;channel_port_alloc
</UL>
<BR>[Called By]<UL><LI><a href="#[3a]">&gt;&gt;</a>&nbsp;&nbsp;&nbsp;app_button_init
</UL>

<P><STRONG><a name="[4f]"></a>nrf_drv_gpiote_in_is_set</STRONG> (Thumb, 16 bytes, Stack size 0 bytes, nrf_drv_gpiote.o(i.nrf_drv_gpiote_in_is_set))
<BR><BR>[Called By]<UL><LI><a href="#[22]">&gt;&gt;</a>&nbsp;&nbsp;&nbsp;gpiote_event_handler
<LI><a href="#[23]">&gt;&gt;</a>&nbsp;&nbsp;&nbsp;detection_delay_timeout_handler
</UL>

<P><STRONG><a name="[3c]"></a>nrf_drv_gpiote_init</STRONG> (Thumb, 76 bytes, Stack size 16 bytes, nrf_drv_gpiote.o(i.nrf_drv_gpiote_init))
<BR><BR>[Stack]<UL><LI>Max Depth = 24<LI>Call Chain = nrf_drv_gpiote_init &rArr; nrf_drv_common_irq_enable
</UL>
<BR>[Calls]<UL><LI><a href="#[57]">&gt;&gt;</a>&nbsp;&nbsp;&nbsp;channel_free
<LI><a href="#[58]">&gt;&gt;</a>&nbsp;&nbsp;&nbsp;nrf_drv_common_irq_enable
</UL>
<BR>[Called By]<UL><LI><a href="#[3a]">&gt;&gt;</a>&nbsp;&nbsp;&nbsp;app_button_init
</UL>

<P><STRONG><a name="[3b]"></a>nrf_drv_gpiote_is_init</STRONG> (Thumb, 12 bytes, Stack size 0 bytes, nrf_drv_gpiote.o(i.nrf_drv_gpiote_is_init))
<BR><BR>[Called By]<UL><LI><a href="#[3a]">&gt;&gt;</a>&nbsp;&nbsp;&nbsp;app_button_init
</UL>

<P><STRONG><a name="[5a]"></a>spi_slave_buffers_set</STRONG> (Thumb, 62 bytes, Stack size 16 bytes, spi_slave.o(i.spi_slave_buffers_set))
<BR><BR>[Stack]<UL><LI>Max Depth = 48<LI>Call Chain = spi_slave_buffers_set &rArr; sm_state_change &rArr; state_entry_action_execute
</UL>
<BR>[Calls]<UL><LI><a href="#[31]">&gt;&gt;</a>&nbsp;&nbsp;&nbsp;sm_state_change
</UL>
<BR>[Called By]<UL><LI><a href="#[27]">&gt;&gt;</a>&nbsp;&nbsp;&nbsp;spi_slave_event_handle
<LI><a href="#[52]">&gt;&gt;</a>&nbsp;&nbsp;&nbsp;spi_slave_example_init
</UL>

<P><STRONG><a name="[5b]"></a>spi_slave_evt_handler_register</STRONG> (Thumb, 16 bytes, Stack size 0 bytes, spi_slave.o(i.spi_slave_evt_handler_register))
<BR><BR>[Called By]<UL><LI><a href="#[52]">&gt;&gt;</a>&nbsp;&nbsp;&nbsp;spi_slave_example_init
</UL>

<P><STRONG><a name="[52]"></a>spi_slave_example_init</STRONG> (Thumb, 128 bytes, Stack size 32 bytes, spi_slave_example.o(i.spi_slave_example_init))
<BR><BR>[Stack]<UL><LI>Max Depth = 80<LI>Call Chain = spi_slave_example_init &rArr; spi_slave_buffers_set &rArr; sm_state_change &rArr; state_entry_action_execute
</UL>
<BR>[Calls]<UL><LI><a href="#[5c]">&gt;&gt;</a>&nbsp;&nbsp;&nbsp;spi_slave_init
<LI><a href="#[5b]">&gt;&gt;</a>&nbsp;&nbsp;&nbsp;spi_slave_evt_handler_register
<LI><a href="#[5a]">&gt;&gt;</a>&nbsp;&nbsp;&nbsp;spi_slave_buffers_set
<LI><a href="#[48]">&gt;&gt;</a>&nbsp;&nbsp;&nbsp;app_error_handler
</UL>
<BR>[Called By]<UL><LI><a href="#[1f]">&gt;&gt;</a>&nbsp;&nbsp;&nbsp;main
</UL>

<P><STRONG><a name="[5c]"></a>spi_slave_init</STRONG> (Thumb, 192 bytes, Stack size 20 bytes, spi_slave.o(i.spi_slave_init))
<BR><BR>[Stack]<UL><LI>Max Depth = 20<LI>Call Chain = spi_slave_init
</UL>
<BR>[Called By]<UL><LI><a href="#[52]">&gt;&gt;</a>&nbsp;&nbsp;&nbsp;spi_slave_example_init
</UL>
<P>
<H3>
Local Symbols
</H3>
<P><STRONG><a name="[27]"></a>spi_slave_event_handle</STRONG> (Thumb, 112 bytes, Stack size 24 bytes, spi_slave_example.o(i.spi_slave_event_handle))
<BR><BR>[Stack]<UL><LI>Max Depth = 96<LI>Call Chain = spi_slave_event_handle &rArr; bsp_indication_set &rArr; bsp_led_indication &rArr; app_timer_start
</UL>
<BR>[Calls]<UL><LI><a href="#[5a]">&gt;&gt;</a>&nbsp;&nbsp;&nbsp;spi_slave_buffers_set
<LI><a href="#[4a]">&gt;&gt;</a>&nbsp;&nbsp;&nbsp;bsp_indication_set
<LI><a href="#[48]">&gt;&gt;</a>&nbsp;&nbsp;&nbsp;app_error_handler
</UL>
<BR>[Address Reference Count : 1]<UL><LI> spi_slave_example.o(i.spi_slave_example_init)
</UL>
<P><STRONG><a name="[26]"></a>alert_timer_handler</STRONG> (Thumb, 20 bytes, Stack size 0 bytes, bsp.o(i.alert_timer_handler))
<BR>[Address Reference Count : 1]<UL><LI> bsp.o(i.bsp_init)
</UL>
<P><STRONG><a name="[28]"></a>bsp_button_event_handler</STRONG> (Thumb, 144 bytes, Stack size 24 bytes, bsp.o(i.bsp_button_event_handler))
<BR><BR>[Stack]<UL><LI>Max Depth = 56<LI>Call Chain = bsp_button_event_handler &rArr; app_timer_start
</UL>
<BR>[Calls]<UL><LI><a href="#[46]">&gt;&gt;</a>&nbsp;&nbsp;&nbsp;app_timer_stop
<LI><a href="#[42]">&gt;&gt;</a>&nbsp;&nbsp;&nbsp;app_timer_start
</UL>
<BR>[Called By]<UL><LI><a href="#[24]">&gt;&gt;</a>&nbsp;&nbsp;&nbsp;button_timer_handler
</UL>
<BR>[Address Reference Count : 1]<UL><LI> bsp.o(.constdata)
</UL>
<P><STRONG><a name="[4b]"></a>bsp_led_indication</STRONG> (Thumb, 482 bytes, Stack size 32 bytes, bsp.o(i.bsp_led_indication))
<BR><BR>[Stack]<UL><LI>Max Depth = 64<LI>Call Chain = bsp_led_indication &rArr; app_timer_start
</UL>
<BR>[Calls]<UL><LI><a href="#[46]">&gt;&gt;</a>&nbsp;&nbsp;&nbsp;app_timer_stop
<LI><a href="#[42]">&gt;&gt;</a>&nbsp;&nbsp;&nbsp;app_timer_start
<LI><a href="#[4d]">&gt;&gt;</a>&nbsp;&nbsp;&nbsp;__ARM_common_switch8
<LI><a href="#[4e]">&gt;&gt;</a>&nbsp;&nbsp;&nbsp;__aeabi_uidivmod
</UL>
<BR>[Called By]<UL><LI><a href="#[25]">&gt;&gt;</a>&nbsp;&nbsp;&nbsp;leds_timer_handler
<LI><a href="#[4a]">&gt;&gt;</a>&nbsp;&nbsp;&nbsp;bsp_indication_set
</UL>

<P><STRONG><a name="[24]"></a>button_timer_handler</STRONG> (Thumb, 12 bytes, Stack size 8 bytes, bsp.o(i.button_timer_handler))
<BR><BR>[Stack]<UL><LI>Max Depth = 64<LI>Call Chain = button_timer_handler &rArr; bsp_button_event_handler &rArr; app_timer_start
</UL>
<BR>[Calls]<UL><LI><a href="#[28]">&gt;&gt;</a>&nbsp;&nbsp;&nbsp;bsp_button_event_handler
</UL>
<BR>[Address Reference Count : 1]<UL><LI> bsp.o(i.bsp_init)
</UL>
<P><STRONG><a name="[25]"></a>leds_timer_handler</STRONG> (Thumb, 18 bytes, Stack size 8 bytes, bsp.o(i.leds_timer_handler))
<BR><BR>[Stack]<UL><LI>Max Depth = 72<LI>Call Chain = leds_timer_handler &rArr; bsp_led_indication &rArr; app_timer_start
</UL>
<BR>[Calls]<UL><LI><a href="#[4b]">&gt;&gt;</a>&nbsp;&nbsp;&nbsp;bsp_led_indication
</UL>
<BR>[Address Reference Count : 1]<UL><LI> bsp.o(i.bsp_init)
</UL>
<P><STRONG><a name="[37]"></a>is_manual_peripheral_setup_needed</STRONG> (Thumb, 66 bytes, Stack size 0 bytes, system_nrf51.o(i.is_manual_peripheral_setup_needed))
<BR><BR>[Called By]<UL><LI><a href="#[20]">&gt;&gt;</a>&nbsp;&nbsp;&nbsp;SystemInit
</UL>

<P><STRONG><a name="[57]"></a>channel_free</STRONG> (Thumb, 22 bytes, Stack size 0 bytes, nrf_drv_gpiote.o(i.channel_free))
<BR><BR>[Called By]<UL><LI><a href="#[3c]">&gt;&gt;</a>&nbsp;&nbsp;&nbsp;nrf_drv_gpiote_init
</UL>

<P><STRONG><a name="[56]"></a>channel_port_alloc</STRONG> (Thumb, 66 bytes, Stack size 20 bytes, nrf_drv_gpiote.o(i.channel_port_alloc))
<BR><BR>[Stack]<UL><LI>Max Depth = 20<LI>Call Chain = channel_port_alloc
</UL>
<BR>[Called By]<UL><LI><a href="#[3d]">&gt;&gt;</a>&nbsp;&nbsp;&nbsp;nrf_drv_gpiote_in_init
</UL>

<P><STRONG><a name="[2e]"></a>channel_port_get</STRONG> (Thumb, 10 bytes, Stack size 0 bytes, nrf_drv_gpiote.o(i.channel_port_get))
<BR><BR>[Called By]<UL><LI><a href="#[39]">&gt;&gt;</a>&nbsp;&nbsp;&nbsp;nrf_drv_gpiote_in_event_enable
<LI><a href="#[b]">&gt;&gt;</a>&nbsp;&nbsp;&nbsp;GPIOTE_IRQHandler
</UL>

<P><STRONG><a name="[2f]"></a>nrf_gpio_cfg_sense_set</STRONG> (Thumb, 26 bytes, Stack size 0 bytes, nrf_drv_gpiote.o(i.nrf_gpio_cfg_sense_set))
<BR><BR>[Called By]<UL><LI><a href="#[39]">&gt;&gt;</a>&nbsp;&nbsp;&nbsp;nrf_drv_gpiote_in_event_enable
<LI><a href="#[b]">&gt;&gt;</a>&nbsp;&nbsp;&nbsp;GPIOTE_IRQHandler
</UL>

<P><STRONG><a name="[2d]"></a>nrf_gpiote_event_is_set</STRONG> (Thumb, 14 bytes, Stack size 0 bytes, nrf_drv_gpiote.o(i.nrf_gpiote_event_is_set))
<BR><BR>[Called By]<UL><LI><a href="#[b]">&gt;&gt;</a>&nbsp;&nbsp;&nbsp;GPIOTE_IRQHandler
</UL>

<P><STRONG><a name="[55]"></a>pin_in_use_by_gpiote</STRONG> (Thumb, 14 bytes, Stack size 0 bytes, nrf_drv_gpiote.o(i.pin_in_use_by_gpiote))
<BR><BR>[Called By]<UL><LI><a href="#[3d]">&gt;&gt;</a>&nbsp;&nbsp;&nbsp;nrf_drv_gpiote_in_init
</UL>

<P><STRONG><a name="[53]"></a>pin_in_use_by_port</STRONG> (Thumb, 20 bytes, Stack size 0 bytes, nrf_drv_gpiote.o(i.pin_in_use_by_port))
<BR><BR>[Called By]<UL><LI><a href="#[39]">&gt;&gt;</a>&nbsp;&nbsp;&nbsp;nrf_drv_gpiote_in_event_enable
</UL>

<P><STRONG><a name="[54]"></a>pin_in_use_by_te</STRONG> (Thumb, 20 bytes, Stack size 0 bytes, nrf_drv_gpiote.o(i.pin_in_use_by_te))
<BR><BR>[Called By]<UL><LI><a href="#[39]">&gt;&gt;</a>&nbsp;&nbsp;&nbsp;nrf_drv_gpiote_in_event_enable
</UL>

<P><STRONG><a name="[31]"></a>sm_state_change</STRONG> (Thumb, 12 bytes, Stack size 8 bytes, spi_slave.o(i.sm_state_change))
<BR><BR>[Stack]<UL><LI>Max Depth = 32<LI>Call Chain = sm_state_change &rArr; state_entry_action_execute
</UL>
<BR>[Calls]<UL><LI><a href="#[59]">&gt;&gt;</a>&nbsp;&nbsp;&nbsp;state_entry_action_execute
</UL>
<BR>[Called By]<UL><LI><a href="#[a]">&gt;&gt;</a>&nbsp;&nbsp;&nbsp;SPI1_TWI1_IRQHandler
<LI><a href="#[5a]">&gt;&gt;</a>&nbsp;&nbsp;&nbsp;spi_slave_buffers_set
</UL>

<P><STRONG><a name="[59]"></a>state_entry_action_execute</STRONG> (Thumb, 84 bytes, Stack size 24 bytes, spi_slave.o(i.state_entry_action_execute))
<BR><BR>[Stack]<UL><LI>Max Depth = 24<LI>Call Chain = state_entry_action_execute
</UL>
<BR>[Calls]<UL><LI><a href="#[48]">&gt;&gt;</a>&nbsp;&nbsp;&nbsp;app_error_handler
</UL>
<BR>[Called By]<UL><LI><a href="#[31]">&gt;&gt;</a>&nbsp;&nbsp;&nbsp;sm_state_change
</UL>

<P><STRONG><a name="[23]"></a>detection_delay_timeout_handler</STRONG> (Thumb, 92 bytes, Stack size 24 bytes, app_button.o(i.detection_delay_timeout_handler))
<BR><BR>[Stack]<UL><LI>Max Depth = 24<LI>Call Chain = detection_delay_timeout_handler
</UL>
<BR>[Calls]<UL><LI><a href="#[4f]">&gt;&gt;</a>&nbsp;&nbsp;&nbsp;nrf_drv_gpiote_in_is_set
</UL>
<BR>[Address Reference Count : 1]<UL><LI> app_button.o(i.app_button_init)
</UL>
<P><STRONG><a name="[22]"></a>gpiote_event_handler</STRONG> (Thumb, 72 bytes, Stack size 16 bytes, app_button.o(i.gpiote_event_handler))
<BR><BR>[Stack]<UL><LI>Max Depth = 48<LI>Call Chain = gpiote_event_handler &rArr; app_timer_start
</UL>
<BR>[Calls]<UL><LI><a href="#[4f]">&gt;&gt;</a>&nbsp;&nbsp;&nbsp;nrf_drv_gpiote_in_is_set
<LI><a href="#[46]">&gt;&gt;</a>&nbsp;&nbsp;&nbsp;app_timer_stop
<LI><a href="#[42]">&gt;&gt;</a>&nbsp;&nbsp;&nbsp;app_timer_start
</UL>
<BR>[Address Reference Count : 1]<UL><LI> app_button.o(i.app_button_init)
</UL>
<P><STRONG><a name="[41]"></a>NVIC_SetPriority</STRONG> (Thumb, 60 bytes, Stack size 0 bytes, app_timer.o(i.NVIC_SetPriority))
<BR><BR>[Called By]<UL><LI><a href="#[3f]">&gt;&gt;</a>&nbsp;&nbsp;&nbsp;app_timer_init
</UL>

<P><STRONG><a name="[36]"></a>compare_reg_update</STRONG> (Thumb, 140 bytes, Stack size 24 bytes, app_timer.o(i.compare_reg_update))
<BR><BR>[Stack]<UL><LI>Max Depth = 40<LI>Call Chain = compare_reg_update &rArr; rtc1_stop
</UL>
<BR>[Calls]<UL><LI><a href="#[40]">&gt;&gt;</a>&nbsp;&nbsp;&nbsp;rtc1_stop
<LI><a href="#[2b]">&gt;&gt;</a>&nbsp;&nbsp;&nbsp;__asm___11_app_timer_c_cd27f9c3__nrf_delay_us
</UL>
<BR>[Called By]<UL><LI><a href="#[19]">&gt;&gt;</a>&nbsp;&nbsp;&nbsp;SWI0_IRQHandler
</UL>

<P><STRONG><a name="[32]"></a>elapsed_ticks_acquire</STRONG> (Thumb, 56 bytes, Stack size 8 bytes, app_timer.o(i.elapsed_ticks_acquire))
<BR><BR>[Stack]<UL><LI>Max Depth = 8<LI>Call Chain = elapsed_ticks_acquire
</UL>
<BR>[Called By]<UL><LI><a href="#[19]">&gt;&gt;</a>&nbsp;&nbsp;&nbsp;SWI0_IRQHandler
</UL>

<P><STRONG><a name="[34]"></a>expired_timers_handler</STRONG> (Thumb, 82 bytes, Stack size 32 bytes, app_timer.o(i.expired_timers_handler))
<BR><BR>[Stack]<UL><LI>Max Depth = 32<LI>Call Chain = expired_timers_handler
</UL>
<BR>[Called By]<UL><LI><a href="#[19]">&gt;&gt;</a>&nbsp;&nbsp;&nbsp;SWI0_IRQHandler
</UL>

<P><STRONG><a name="[33]"></a>list_deletions_handler</STRONG> (Thumb, 144 bytes, Stack size 24 bytes, app_timer.o(i.list_deletions_handler))
<BR><BR>[Stack]<UL><LI>Max Depth = 40<LI>Call Chain = list_deletions_handler &rArr; timer_list_remove
</UL>
<BR>[Calls]<UL><LI><a href="#[50]">&gt;&gt;</a>&nbsp;&nbsp;&nbsp;timer_list_remove
</UL>
<BR>[Called By]<UL><LI><a href="#[19]">&gt;&gt;</a>&nbsp;&nbsp;&nbsp;SWI0_IRQHandler
</UL>

<P><STRONG><a name="[35]"></a>list_insertions_handler</STRONG> (Thumb, 230 bytes, Stack size 24 bytes, app_timer.o(i.list_insertions_handler))
<BR><BR>[Stack]<UL><LI>Max Depth = 44<LI>Call Chain = list_insertions_handler &rArr; timer_list_insert
</UL>
<BR>[Calls]<UL><LI><a href="#[51]">&gt;&gt;</a>&nbsp;&nbsp;&nbsp;timer_list_insert
</UL>
<BR>[Called By]<UL><LI><a href="#[19]">&gt;&gt;</a>&nbsp;&nbsp;&nbsp;SWI0_IRQHandler
</UL>

<P><STRONG><a name="[40]"></a>rtc1_stop</STRONG> (Thumb, 50 bytes, Stack size 16 bytes, app_timer.o(i.rtc1_stop))
<BR><BR>[Stack]<UL><LI>Max Depth = 16<LI>Call Chain = rtc1_stop
</UL>
<BR>[Calls]<UL><LI><a href="#[2b]">&gt;&gt;</a>&nbsp;&nbsp;&nbsp;__asm___11_app_timer_c_cd27f9c3__nrf_delay_us
</UL>
<BR>[Called By]<UL><LI><a href="#[36]">&gt;&gt;</a>&nbsp;&nbsp;&nbsp;compare_reg_update
<LI><a href="#[3f]">&gt;&gt;</a>&nbsp;&nbsp;&nbsp;app_timer_init
</UL>

<P><STRONG><a name="[45]"></a>timer_list_handler_sched</STRONG> (Thumb, 10 bytes, Stack size 0 bytes, app_timer.o(i.timer_list_handler_sched))
<BR><BR>[Called By]<UL><LI><a href="#[30]">&gt;&gt;</a>&nbsp;&nbsp;&nbsp;timer_timeouts_check
<LI><a href="#[46]">&gt;&gt;</a>&nbsp;&nbsp;&nbsp;app_timer_stop
<LI><a href="#[42]">&gt;&gt;</a>&nbsp;&nbsp;&nbsp;app_timer_start
</UL>

<P><STRONG><a name="[51]"></a>timer_list_insert</STRONG> (Thumb, 94 bytes, Stack size 20 bytes, app_timer.o(i.timer_list_insert))
<BR><BR>[Stack]<UL><LI>Max Depth = 20<LI>Call Chain = timer_list_insert
</UL>
<BR>[Called By]<UL><LI><a href="#[35]">&gt;&gt;</a>&nbsp;&nbsp;&nbsp;list_insertions_handler
</UL>

<P><STRONG><a name="[50]"></a>timer_list_remove</STRONG> (Thumb, 104 bytes, Stack size 16 bytes, app_timer.o(i.timer_list_remove))
<BR><BR>[Stack]<UL><LI>Max Depth = 16<LI>Call Chain = timer_list_remove
</UL>
<BR>[Called By]<UL><LI><a href="#[33]">&gt;&gt;</a>&nbsp;&nbsp;&nbsp;list_deletions_handler
</UL>

<P><STRONG><a name="[30]"></a>timer_timeouts_check</STRONG> (Thumb, 118 bytes, Stack size 24 bytes, app_timer.o(i.timer_timeouts_check))
<BR><BR>[Stack]<UL><LI>Max Depth = 24<LI>Call Chain = timer_timeouts_check
</UL>
<BR>[Calls]<UL><LI><a href="#[45]">&gt;&gt;</a>&nbsp;&nbsp;&nbsp;timer_list_handler_sched
<LI><a href="#[48]">&gt;&gt;</a>&nbsp;&nbsp;&nbsp;app_error_handler
</UL>
<BR>[Called By]<UL><LI><a href="#[16]">&gt;&gt;</a>&nbsp;&nbsp;&nbsp;RTC1_IRQHandler
</UL>

<P><STRONG><a name="[43]"></a>user_id_get</STRONG> (Thumb, 74 bytes, Stack size 0 bytes, app_timer.o(i.user_id_get))
<BR><BR>[Called By]<UL><LI><a href="#[46]">&gt;&gt;</a>&nbsp;&nbsp;&nbsp;app_timer_stop
<LI><a href="#[42]">&gt;&gt;</a>&nbsp;&nbsp;&nbsp;app_timer_start
</UL>

<P><STRONG><a name="[44]"></a>user_op_alloc</STRONG> (Thumb, 36 bytes, Stack size 0 bytes, app_timer.o(i.user_op_alloc))
<BR><BR>[Called By]<UL><LI><a href="#[46]">&gt;&gt;</a>&nbsp;&nbsp;&nbsp;app_timer_stop
<LI><a href="#[42]">&gt;&gt;</a>&nbsp;&nbsp;&nbsp;app_timer_start
</UL>
<P>
<H3>
Undefined Global Symbols
</H3><HR></body></html>
