<html>
<body>
<pre>
<h1>µVision Build Log</h1>
<h2>Project:</h2>
E:\vm\share\nrf51822_framework\examples\peripheral\radio_test\pca10028\arm4\radio_test_pca10028.uvproj
Project File Date:  09/14/2015

<h2>Output:</h2>
Build Project 'radio_test_pca10028' - Target 'nrf51422_xxac'
compiling main.c...
compiling radio_test.c...
assembling arm_startup_nrf51.s...
compiling system_nrf51.c...
compiling app_uart_fifo.c...
compiling nrf_delay.c...
compiling nrf_drv_common.c...
compiling nrf_drv_gpiote.c...
compiling app_error.c...
compiling app_fifo.c...
compiling app_util_platform.c...
compiling nrf_assert.c...
compiling retarget.c...
linking...
Program Size: Code=7384 RO-data=456 RW-data=48 ZI-data=2912  
FromELF: creating hex file...
".\_build\nrf51422_xxac.axf" - 0 Error(s), 0 Warning(s).
</pre>
</body>
</html>
